I must not fear. Fear is the mind-killer.

Loading GenX
  Loading requirement: gurobi/12.0.0 julia/1.11.3

libgomp: Invalid value for environment variable OMP_NUM_THREADS: invalid
Set parameter LicenseID to value 197246
Set parameter GURO_PAR_SPECIAL
Set parameter TokenServer to value "license.rc.princeton.edu"
Set parameter FeasibilityTol to value 1e-06
Set parameter PreDual to value -1
Set parameter Method to value 2
Set parameter Crossover to value 1
Set parameter TimeLimit to value 1e+100
Set parameter OutputFlag to value 1
Set parameter NumericFocus to value 0
Set parameter MIPGap to value 0.001
Set parameter OptimalityTol to value 0.0001
Set parameter AggFill to value -1
Set parameter BarConvTol to value 1e-08
Set parameter Presolve to value -1
Set parameter LicenseID to value 197246
Set parameter GURO_PAR_SPECIAL
Set parameter TokenServer to value "license.rc.princeton.edu"
Set parameter FeasibilityTol to value 1e-06
Set parameter PreDual to value -1
Set parameter Method to value 2
Set parameter Crossover to value 1
Set parameter TimeLimit to value 1e+100
Set parameter OutputFlag to value 1
Set parameter NumericFocus to value 0
Set parameter MIPGap to value 0.001
Set parameter OptimalityTol to value 0.0001
Set parameter AggFill to value -1
Set parameter BarConvTol to value 1e-08
Set parameter Presolve to value -1
Set parameter LicenseID to value 197246
Set parameter GURO_PAR_SPECIAL
Set parameter TokenServer to value "license.rc.princeton.edu"
Set parameter FeasibilityTol to value 1e-06
Set parameter PreDual to value -1
Set parameter Method to value 2
Set parameter Crossover to value 1
Set parameter TimeLimit to value 1e+100
Set parameter OutputFlag to value 1
Set parameter NumericFocus to value 0
Set parameter MIPGap to value 0.001
Set parameter OptimalityTol to value 0.0001
Set parameter AggFill to value -1
Set parameter BarConvTol to value 1e-08
Set parameter Presolve to value -1
Set parameter LicenseID to value 197246
Set parameter GURO_PAR_SPECIAL
Set parameter TokenServer to value "license.rc.princeton.edu"
Set parameter FeasibilityTol to value 1e-06
Set parameter PreDual to value -1
Set parameter Method to value 2
Set parameter Crossover to value 1
Set parameter TimeLimit to value 1e+100
Set parameter OutputFlag to value 1
Set parameter NumericFocus to value 0
Set parameter MIPGap to value 0.001
Set parameter OptimalityTol to value 0.0001
Set parameter AggFill to value -1
Set parameter BarConvTol to value 1e-08
Set parameter Presolve to value -1
Set parameter LicenseID to value 197246
Set parameter GURO_PAR_SPECIAL
Set parameter TokenServer to value "license.rc.princeton.edu"
Set parameter FeasibilityTol to value 1e-06
Set parameter PreDual to value -1
Set parameter Method to value 2
Set parameter Crossover to value 1
Set parameter TimeLimit to value 1e+100
Set parameter OutputFlag to value 1
Set parameter NumericFocus to value 0
Set parameter MIPGap to value 0.001
Set parameter OptimalityTol to value 0.0001
Set parameter AggFill to value -1
Set parameter BarConvTol to value 1e-08
Set parameter Presolve to value -1
Set parameter LicenseID to value 197246
Set parameter GURO_PAR_SPECIAL
Set parameter TokenServer to value "license.rc.princeton.edu"
Set parameter FeasibilityTol to value 1e-06
Set parameter PreDual to value -1
Set parameter Method to value 2
Set parameter Crossover to value 1
Set parameter TimeLimit to value 1e+100
Set parameter OutputFlag to value 1
Set parameter NumericFocus to value 0
Set parameter MIPGap to value 0.001
Set parameter OptimalityTol to value 0.0001
Set parameter AggFill to value -1
Set parameter BarConvTol to value 1e-08
Set parameter Presolve to value -1
Set parameter LicenseID to value 197246
Set parameter GURO_PAR_SPECIAL
Set parameter TokenServer to value "license.rc.princeton.edu"
Set parameter FeasibilityTol to value 1e-06
Set parameter PreDual to value -1
Set parameter Method to value 2
Set parameter Crossover to value 1
Set parameter TimeLimit to value 1e+100
Set parameter OutputFlag to value 1
Set parameter NumericFocus to value 0
Set parameter MIPGap to value 0.001
Set parameter OptimalityTol to value 0.0001
Set parameter AggFill to value -1
Set parameter BarConvTol to value 1e-08
Set parameter Presolve to value -1
Set parameter LicenseID to value 197246
Set parameter GURO_PAR_SPECIAL
Set parameter TokenServer to value "license.rc.princeton.edu"
Set parameter FeasibilityTol to value 1e-06
Set parameter PreDual to value -1
Set parameter Method to value 2
Set parameter Crossover to value 1
Set parameter TimeLimit to value 1e+100
Set parameter OutputFlag to value 1
Set parameter NumericFocus to value 0
Set parameter MIPGap to value 0.001
Set parameter OptimalityTol to value 0.0001
Set parameter AggFill to value -1
Set parameter BarConvTol to value 1e-08
Set parameter Presolve to value -1
Set parameter LicenseID to value 197246
Set parameter GURO_PAR_SPECIAL
Set parameter TokenServer to value "license.rc.princeton.edu"
Set parameter FeasibilityTol to value 1e-06
Set parameter PreDual to value -1
Set parameter Method to value 2
Set parameter Crossover to value 1
Set parameter TimeLimit to value 1e+100
Set parameter OutputFlag to value 1
Set parameter NumericFocus to value 0
Set parameter MIPGap to value 0.001
Set parameter OptimalityTol to value 0.0001
Set parameter AggFill to value -1
Set parameter BarConvTol to value 1e-08
Set parameter Presolve to value -1
Set parameter LicenseID to value 197246
Set parameter GURO_PAR_SPECIAL
Set parameter TokenServer to value "license.rc.princeton.edu"
Set parameter FeasibilityTol to value 1e-06
Set parameter PreDual to value -1
Set parameter Method to value 2
Set parameter Crossover to value 1
Set parameter TimeLimit to value 1e+100
Set parameter OutputFlag to value 1
Set parameter NumericFocus to value 0
Set parameter MIPGap to value 0.001
Set parameter OptimalityTol to value 0.0001
Set parameter AggFill to value -1
Set parameter BarConvTol to value 1e-08
Set parameter Presolve to value -1
Set parameter LicenseID to value 197246
Set parameter GURO_PAR_SPECIAL
Set parameter TokenServer to value "license.rc.princeton.edu"
Set parameter FeasibilityTol to value 1e-06
Set parameter PreDual to value -1
Set parameter Method to value 2
Set parameter Crossover to value 1
Set parameter TimeLimit to value 1e+100
Set parameter OutputFlag to value 1
Set parameter NumericFocus to value 0
Set parameter MIPGap to value 0.001
Set parameter OptimalityTol to value 0.0001
Set parameter AggFill to value -1
Set parameter BarConvTol to value 1e-08
Set parameter Presolve to value -1
Set parameter LicenseID to value 197246
Set parameter GURO_PAR_SPECIAL
Set parameter TokenServer to value "license.rc.princeton.edu"
Set parameter FeasibilityTol to value 1e-06
Set parameter PreDual to value -1
Set parameter Method to value 2
Set parameter Crossover to value 1
Set parameter TimeLimit to value 1e+100
Set parameter OutputFlag to value 1
Set parameter NumericFocus to value 0
Set parameter MIPGap to value 0.001
Set parameter OptimalityTol to value 0.0001
Set parameter AggFill to value -1
Set parameter BarConvTol to value 1e-08
Set parameter Presolve to value -1
Set parameter LicenseID to value 197246
Set parameter GURO_PAR_SPECIAL
Set parameter TokenServer to value "license.rc.princeton.edu"
Set parameter FeasibilityTol to value 1e-06
Set parameter PreDual to value -1
Set parameter Method to value 2
Set parameter Crossover to value 1
Set parameter TimeLimit to value 1e+100
Set parameter OutputFlag to value 1
Set parameter NumericFocus to value 0
Set parameter MIPGap to value 0.001
Set parameter OptimalityTol to value 0.0001
Set parameter AggFill to value -1
Set parameter BarConvTol to value 1e-08
Set parameter Presolve to value -1
Set parameter LicenseID to value 197246
Set parameter GURO_PAR_SPECIAL
Set parameter TokenServer to value "license.rc.princeton.edu"
Set parameter FeasibilityTol to value 1e-06
Set parameter PreDual to value -1
Set parameter Method to value 2
Set parameter Crossover to value 1
Set parameter TimeLimit to value 1e+100
Set parameter OutputFlag to value 1
Set parameter NumericFocus to value 0
Set parameter MIPGap to value 0.001
Set parameter OptimalityTol to value 0.0001
Set parameter AggFill to value -1
Set parameter BarConvTol to value 1e-08
Set parameter Presolve to value -1
Set parameter LicenseID to value 197246
Set parameter GURO_PAR_SPECIAL
Set parameter TokenServer to value "license.rc.princeton.edu"
Set parameter FeasibilityTol to value 1e-06
Set parameter PreDual to value -1
Set parameter Method to value 2
Set parameter Crossover to value 1
Set parameter TimeLimit to value 1e+100
Set parameter OutputFlag to value 1
Set parameter NumericFocus to value 0
Set parameter MIPGap to value 0.001
Set parameter OptimalityTol to value 0.0001
Set parameter AggFill to value -1
Set parameter BarConvTol to value 1e-08
Set parameter Presolve to value -1
Set parameter LicenseID to value 197246
Set parameter GURO_PAR_SPECIAL
Set parameter TokenServer to value "license.rc.princeton.edu"
Set parameter FeasibilityTol to value 1e-06
Set parameter PreDual to value -1
Set parameter Method to value 2
Set parameter Crossover to value 1
Set parameter TimeLimit to value 1e+100
Set parameter OutputFlag to value 1
Set parameter NumericFocus to value 0
Set parameter MIPGap to value 0.001
Set parameter OptimalityTol to value 0.0001
Set parameter AggFill to value -1
Set parameter BarConvTol to value 1e-08
Set parameter Presolve to value -1
Set parameter LicenseID to value 197246
Set parameter GURO_PAR_SPECIAL
Set parameter TokenServer to value "license.rc.princeton.edu"
Set parameter FeasibilityTol to value 1e-06
Set parameter PreDual to value -1
Set parameter Method to value 2
Set parameter Crossover to value 1
Set parameter TimeLimit to value 1e+100
Set parameter OutputFlag to value 1
Set parameter NumericFocus to value 0
Set parameter MIPGap to value 0.001
Set parameter OptimalityTol to value 0.0001
Set parameter AggFill to value -1
Set parameter BarConvTol to value 1e-08
Set parameter Presolve to value -1
Set parameter LicenseID to value 197246
Set parameter GURO_PAR_SPECIAL
Set parameter TokenServer to value "license.rc.princeton.edu"
Set parameter FeasibilityTol to value 1e-06
Set parameter PreDual to value -1
Set parameter Method to value 2
Set parameter Crossover to value 1
Set parameter TimeLimit to value 1e+100
Set parameter OutputFlag to value 1
Set parameter NumericFocus to value 0
Set parameter MIPGap to value 0.001
Set parameter OptimalityTol to value 0.0001
Set parameter AggFill to value -1
Set parameter BarConvTol to value 1e-08
Set parameter Presolve to value -1
Set parameter FeasibilityTol to value 1e-06
Set parameter PreDual to value -1
Set parameter Method to value 2
Set parameter Crossover to value 1
Set parameter TimeLimit to value 1e+100
Set parameter OutputFlag to value 1
Set parameter NumericFocus to value 0
Set parameter MIPGap to value 0.001
Set parameter OptimalityTol to value 0.0001
Set parameter AggFill to value -1
Set parameter BarConvTol to value 1e-08
Set parameter Presolve to value -1
Gurobi Optimizer version 12.0.3 build v12.0.3rc0 (linux64 - "Red Hat Enterprise Linux 9.6 (Plow)")

CPU model: AMD EPYC 9654 96-Core Processor, instruction set [SSE2|AVX|AVX2|AVX512]
Thread count: 192 physical cores, 192 logical processors, using up to 32 threads

Non-default parameters:
MIPGap  0.001
OptimalityTol  0.0001
Method  2
Crossover  1

Optimize a model with 13211464 rows, 11875298 columns and 59421670 nonzeros
Model fingerprint: 0x8a8a6afd
Coefficient statistics:
  Matrix range     [2e-08, 7e+04]
  Objective range  [6e-03, 5e+09]
  Bounds range     [0e+00, 0e+00]
  RHS range        [3e+00, 8e+08]
Warning: Model contains large matrix coefficient range
Warning: Model contains large objective coefficients
         Consider reformulating model or setting NumericFocus parameter
         to avoid numerical issues.
Presolve removed 3488158 rows and 5464786 columns (presolve time = 5s)...
Presolve removed 3756429 rows and 5500000 columns (presolve time = 12s)...
Presolve removed 4416429 rows and 6160000 columns (presolve time = 16s)...
Presolve removed 5221618 rows and 6160725 columns (presolve time = 24s)...
Presolve removed 5221618 rows and 6160725 columns (presolve time = 29s)...
Presolve removed 5221618 rows and 6160725 columns (presolve time = 30s)...
Presolve removed 5221618 rows and 6160725 columns (presolve time = 36s)...
Presolve removed 5223148 rows and 6160725 columns (presolve time = 41s)...
Presolve removed 5223148 rows and 6160725 columns (presolve time = 47s)...
Presolve removed 5223148 rows and 6160725 columns
Presolve time: 47.45s
Presolved: 7988316 rows, 5714573 columns, 51612775 nonzeros

Elapsed ordering time = 5s
Ordering time: 10.36s

Barrier statistics:
 Dense cols : 3291
 AA' NZ     : 1.040e+08
 Factor NZ  : 2.313e+08 (roughly 7.0 GB of memory)
 Factor Ops : 1.774e+10 (roughly 1 second per iteration)
 Threads    : 32

                  Objective                Residual
Iter       Primal          Dual         Primal    Dual     Compl     Time
   0   5.35010077e+15 -2.64772658e+16  6.61e+08 4.78e+06  5.59e+12    75s
   1   4.29457012e+15 -3.78481448e+16  5.46e+08 3.74e+07  4.48e+12    79s
   2   3.30879029e+15 -8.11544906e+16  4.43e+08 2.71e+07  3.52e+12    84s
   3   2.52629134e+15 -1.11355655e+17  3.54e+08 2.09e+07  2.79e+12    90s
   4   2.05007420e+15 -1.28228466e+17  2.92e+08 1.70e+07  2.30e+12    95s
   5   1.77024877e+15 -1.77519115e+17  2.53e+08 6.11e+06  1.71e+12   100s
   6   7.77750680e+14 -1.83603805e+17  8.25e+07 8.43e+05  5.55e+11   106s
   7   4.63168428e+14 -1.56676170e+17  1.42e+07 4.31e+05  1.17e+11   114s
   8   4.78755235e+14 -1.19590828e+17  8.25e+06 2.31e+05  6.84e+10   121s
   9   4.81235085e+14 -7.70255461e+16  4.06e+06 8.86e+04  3.19e+10   126s
  10   4.60267528e+14 -3.76276689e+16  1.45e+06 2.40e+04  1.07e+10   131s
  11   3.91571166e+14 -1.82193469e+16  2.92e+05 7.70e+03  3.00e+09   135s
  12   2.94198091e+14 -6.91322722e+15  8.12e+04 2.10e+03  8.86e+08   139s
  13   1.95789136e+14 -3.80620413e+15  1.86e+04 1.07e+03  4.10e+08   142s
  14   1.50931022e+14 -2.54383174e+15  5.27e+03 6.86e+02  2.57e+08   145s
  15   1.11198793e+14 -1.38789952e+15  1.19e+03 3.57e+02  1.36e+08   149s
  16   8.54658037e+13 -6.88363006e+14  4.94e+02 1.71e+02  6.75e+07   152s
  17   5.38369222e+13 -3.94549915e+14  1.34e+02 9.56e+01  3.73e+07   155s
  18   3.22577119e+13 -1.92298744e+14  2.85e+01 4.28e+01  1.79e+07   158s
  19   1.97718426e+13 -1.20526446e+14  1.17e+01 2.55e+01  1.09e+07   162s
  20   1.33878796e+13 -6.37919993e+13  5.66e+00 1.19e+01  5.89e+06   166s
  21   9.23176139e+12 -3.75883048e+13  3.23e+00 5.98e+00  3.53e+06   169s
  22   6.37129280e+12 -2.29905404e+13  1.93e+00 3.10e+00  2.20e+06   172s
  23   5.22674476e+12 -1.38411707e+13  1.50e+00 1.62e+00  1.42e+06   176s
  24   4.34126733e+12 -1.03238859e+13  1.19e+00 1.14e+00  1.09e+06   180s
  25   3.61301587e+12 -8.53215302e+12  9.52e-01 9.16e-01  8.99e+05   184s
  26   3.20685548e+12 -7.26411009e+12  8.19e-01 7.64e-01  7.74e+05   187s
  27   2.70044859e+12 -5.65994648e+12  6.59e-01 5.57e-01  6.17e+05   193s
  28   2.33708123e+12 -3.85373744e+12  5.45e-01 3.33e-01  4.56e+05   197s
  29   2.11851273e+12 -2.80982059e+12  4.76e-01 2.18e-01  3.63e+05   202s
  30   1.56726647e+12 -1.62953776e+12  3.02e-01 1.02e-01  2.35e+05   208s
  31   1.34699398e+12 -1.21394433e+12  2.33e-01 6.77e-02  1.88e+05   214s
  32   1.17235146e+12 -8.23122792e+11  1.79e-01 4.29e-02  1.46e+05   220s
  33   1.04177814e+12 -3.58302098e+11  1.39e-01 7.30e-03  1.03e+05   226s
  34   9.38080410e+11 -1.77945429e+11  1.08e-01 4.94e-07  8.18e+04   232s
  35   8.63146692e+11 -8.00405119e+10  8.60e-02 4.19e-07  6.92e+04   239s
  36   8.16029589e+11  2.05748647e+10  7.17e-02 4.09e-07  5.83e+04   246s
  37   7.86880336e+11  1.03597748e+11  6.30e-02 3.71e-07  5.01e+04   252s
  38   7.46607185e+11  1.97440445e+11  5.08e-02 4.49e-07  4.03e+04   258s
  39   7.20238729e+11  2.79158315e+11  4.32e-02 8.19e-04  3.23e+04   265s
  40   6.89491597e+11  3.26338167e+11  3.44e-02 1.53e-03  2.66e+04   271s
  41   6.86471145e+11  3.48155841e+11  3.36e-02 1.77e-03  2.48e+04   277s
  42   6.58987036e+11  3.61062962e+11  2.56e-02 1.89e-03  2.18e+04   284s
  43   6.57701954e+11  3.78753251e+11  2.53e-02 1.99e-03  2.04e+04   290s
  44   6.50021122e+11  3.87914708e+11  2.31e-02 1.59e-03  1.92e+04   297s
  45   6.35655632e+11  4.36091717e+11  1.91e-02 1.15e-03  1.46e+04   303s
  46   6.23730670e+11  4.45236185e+11  1.60e-02 9.58e-04  1.31e+04   310s
  47   6.18036731e+11  4.59449766e+11  1.45e-02 7.62e-04  1.16e+04   317s
  48   6.10211534e+11  4.74149329e+11  1.25e-02 5.61e-04  9.97e+03   324s
  49   6.04501405e+11  4.91646878e+11  1.09e-02 2.23e-04  8.27e+03   331s
  50   5.99581944e+11  5.10259144e+11  9.59e-03 4.27e-07  6.55e+03   338s
  51   5.90326284e+11  5.22241564e+11  7.26e-03 3.82e-07  4.99e+03   346s
  52   5.87614356e+11  5.30834852e+11  6.58e-03 3.77e-07  4.16e+03   354s
  53   5.84801979e+11  5.34670392e+11  5.87e-03 4.20e-07  3.67e+03   359s
  54   5.79649412e+11  5.37702418e+11  4.61e-03 3.76e-07  3.07e+03   366s
  55   5.75483469e+11  5.43419495e+11  3.62e-03 3.85e-07  2.35e+03   373s
  56   5.72966832e+11  5.45444690e+11  3.04e-03 3.85e-07  2.02e+03   381s
  57   5.69877607e+11  5.48712748e+11  2.32e-03 3.61e-07  1.55e+03   389s
  58   5.67848903e+11  5.51050977e+11  1.87e-03 4.35e-07  1.23e+03   395s
  59   5.66091052e+11  5.52781268e+11  1.48e-03 3.44e-07  9.75e+02   403s
  60   5.64466327e+11  5.53828775e+11  1.14e-03 3.77e-07  7.79e+02   408s
  61   5.63732839e+11  5.54525869e+11  9.82e-04 3.74e-07  6.75e+02   413s
  62   5.62958138e+11  5.54997177e+11  8.20e-04 3.96e-07  5.83e+02   420s
  63   5.62204513e+11  5.55409352e+11  6.64e-04 4.60e-07  4.98e+02   429s
  64   5.61887456e+11  5.55824952e+11  5.99e-04 4.42e-07  4.44e+02   433s
  65   5.61377839e+11  5.56568369e+11  9.70e-04 3.45e-07  3.52e+02   439s
  66   5.60972156e+11  5.56959749e+11  1.01e-03 4.15e-07  2.94e+02   446s
  67   5.60578166e+11  5.57295819e+11  8.92e-04 4.23e-07  2.41e+02   455s
  68   5.60184904e+11  5.57577979e+11  7.38e-04 3.65e-07  1.91e+02   460s
  69   5.59853017e+11  5.57782372e+11  1.00e-03 3.95e-07  1.52e+02   466s
  70   5.59719419e+11  5.57935636e+11  1.51e-03 3.85e-06  1.31e+02   473s
  71   5.59527999e+11  5.58033358e+11  2.20e-03 9.15e-06  1.10e+02   480s
  72   5.59381561e+11  5.58160097e+11  2.42e-03 1.31e-05  8.95e+01   489s
  73   5.59277012e+11  5.58225543e+11  2.49e-03 1.26e-05  7.70e+01   496s
  74   5.59228026e+11  5.58248822e+11  2.79e-03 1.22e-05  7.18e+01   502s
  75   5.59132483e+11  5.58308458e+11  3.46e-03 1.07e-05  6.04e+01   509s
  76   5.59092963e+11  5.58322549e+11  3.41e-03 1.03e-05  5.65e+01   514s
  77   5.59043813e+11  5.58401770e+11  3.14e-03 8.98e-06  4.70e+01   519s
  78   5.58982681e+11  5.58441137e+11  3.28e-03 8.91e-06  3.97e+01   524s
  79   5.58902387e+11  5.58467554e+11  3.54e-03 7.87e-06  3.19e+01   531s
  80   5.58861401e+11  5.58511147e+11  3.41e-03 7.22e-06  2.57e+01   538s
  81   5.58824075e+11  5.58531623e+11  3.79e-03 6.26e-06  2.14e+01   544s
  82   5.58800225e+11  5.58568055e+11  4.07e-03 5.45e-06  1.70e+01   553s
  83   5.58774777e+11  5.58586193e+11  3.42e-03 4.18e-06  1.38e+01   562s
  84   5.58758170e+11  5.58599718e+11  2.98e-03 3.36e-06  1.16e+01   573s
  85   5.58730639e+11  5.58610683e+11  2.37e-03 2.61e-06  8.79e+00   585s
  86   5.58713541e+11  5.58615729e+11  1.97e-03 2.25e-06  7.17e+00   593s
  87   5.58697882e+11  5.58622086e+11  1.82e-03 1.84e-06  5.56e+00   603s
  88   5.58694948e+11  5.58626058e+11  1.72e-03 1.58e-06  5.05e+00   613s
  89   5.58684263e+11  5.58632554e+11  1.59e-03 1.15e-06  3.79e+00   625s
  90   5.58674332e+11  5.58634612e+11  1.35e-03 9.98e-07  2.91e+00   637s
  91   5.58668087e+11  5.58638990e+11  1.12e-03 6.91e-07  2.13e+00   650s
  92   5.58666133e+11  5.58642258e+11  1.02e-03 4.67e-07  1.75e+00   665s
  93   5.58664000e+11  5.58642648e+11  8.94e-04 4.40e-07  1.57e+00   695s
  94   5.58662838e+11  5.58643737e+11  8.25e-04 3.76e-07  1.40e+00   717s
  95   5.58660123e+11  5.58644085e+11  6.44e-04 1.49e-06  1.18e+00   733s
  96   5.58657234e+11  5.58646246e+11  4.81e-04 3.86e-07  8.05e-01   750s
  97   5.58654647e+11  5.58646734e+11  3.15e-04 8.05e-07  5.80e-01   771s
  98   5.58652966e+11  5.58647369e+11  2.20e-04 2.32e-06  4.10e-01   797s
  99   5.58651307e+11  5.58647990e+11  1.16e-04 1.19e-06  2.43e-01   822s
 100   5.58650722e+11  5.58648383e+11  8.60e-05 2.50e-06  1.71e-01   844s
 101   5.58650093e+11  5.58648668e+11  8.66e-05 8.34e-06  1.05e-01   869s
 102   5.58649739e+11  5.58648789e+11  8.02e-05 5.07e-07  6.96e-02   885s
 103   5.58649546e+11  5.58648859e+11  9.30e-05 2.62e-06  5.03e-02   897s
 104   5.58649407e+11  5.58648870e+11  1.58e-04 9.03e-07  3.94e-02   903s
 105   5.58649256e+11  5.58648909e+11  1.32e-04 7.75e-06  2.54e-02   915s
 106   5.58649163e+11  5.58648926e+11  4.13e-04 1.17e-05  1.73e-02   923s
 107   5.58649107e+11  5.58648947e+11  3.71e-04 6.26e-06  1.17e-02   933s
 108   5.58649062e+11  5.58648957e+11  4.27e-04 3.35e-06  7.75e-03   941s
 109   5.58649028e+11  5.58648966e+11  2.51e-04 3.00e-05  4.54e-03   947s
 110   5.58649009e+11  5.58648970e+11  1.61e-04 1.04e-05  2.82e-03   953s
 111   5.58649003e+11  5.58648971e+11  1.33e-04 4.43e-05  2.35e-03   958s
 112   5.58648983e+11  5.58648973e+11  2.67e-04 2.40e-05  8.04e-04   963s
 113   5.58648977e+11  5.58648974e+11  1.53e-04 7.26e-05  2.12e-04   968s
 114   5.58648976e+11  5.58648974e+11  1.14e-04 4.75e-05  1.70e-04   973s

Barrier solved model in 114 iterations and 973.50 seconds (938.81 work units)
Optimal objective 5.58648976e+11

Crossover log...

 1922214 DPushes remaining with DInf 3.5552615e-02               980s
 1075142 DPushes remaining with DInf 0.0000000e+00              1018s
  739310 DPushes remaining with DInf 0.0000000e+00              1051s
  543196 DPushes remaining with DInf 0.0000000e+00              1081s
  412520 DPushes remaining with DInf 0.0000000e+00              1105s
  318191 DPushes remaining with DInf 0.0000000e+00              1124s
  257790 DPushes remaining with DInf 0.0000000e+00              1138s
  215313 DPushes remaining with DInf 0.0000000e+00              1147s
  188315 DPushes remaining with DInf 0.0000000e+00              1154s
  171342 DPushes remaining with DInf 0.0000000e+00              1161s
  160091 DPushes remaining with DInf 0.0000000e+00              1168s
  153104 DPushes remaining with DInf 0.0000000e+00              1174s
  145389 DPushes remaining with DInf 0.0000000e+00              1178s
  141361 DPushes remaining with DInf 0.0000000e+00              1182s
  138616 DPushes remaining with DInf 0.0000000e+00              1187s
  137017 DPushes remaining with DInf 0.0000000e+00              1191s
  134745 DPushes remaining with DInf 0.0000000e+00              1202s
  132456 DPushes remaining with DInf 0.0000000e+00              1207s
  130462 DPushes remaining with DInf 0.0000000e+00              1213s
  128431 DPushes remaining with DInf 0.0000000e+00              1217s
  126385 DPushes remaining with DInf 0.0000000e+00              1223s
  124513 DPushes remaining with DInf 0.0000000e+00              1229s
  121950 DPushes remaining with DInf 0.0000000e+00              1235s
  120384 DPushes remaining with DInf 0.0000000e+00              1240s
  118123 DPushes remaining with DInf 0.0000000e+00              1244s
  116133 DPushes remaining with DInf 0.0000000e+00              1248s
  113297 DPushes remaining with DInf 0.0000000e+00              1252s
  111446 DPushes remaining with DInf 0.0000000e+00              1257s
  109817 DPushes remaining with DInf 0.0000000e+00              1263s
  107792 DPushes remaining with DInf 0.0000000e+00              1269s
  105665 DPushes remaining with DInf 0.0000000e+00              1274s
  103949 DPushes remaining with DInf 0.0000000e+00              1278s
  101469 DPushes remaining with DInf 0.0000000e+00              1283s
   98952 DPushes remaining with DInf 0.0000000e+00              1290s
   96681 DPushes remaining with DInf 0.0000000e+00              1300s
   93624 DPushes remaining with DInf 0.0000000e+00              1311s
   91413 DPushes remaining with DInf 0.0000000e+00              1318s
   89547 DPushes remaining with DInf 0.0000000e+00              1326s
   87375 DPushes remaining with DInf 0.0000000e+00              1336s
   85708 DPushes remaining with DInf 0.0000000e+00              1345s
   83896 DPushes remaining with DInf 0.0000000e+00              1350s
   82105 DPushes remaining with DInf 0.0000000e+00              1357s
   79417 DPushes remaining with DInf 0.0000000e+00              1363s
   77634 DPushes remaining with DInf 0.0000000e+00              1370s
   75926 DPushes remaining with DInf 0.0000000e+00              1380s
   74312 DPushes remaining with DInf 0.0000000e+00              1390s
   72764 DPushes remaining with DInf 0.0000000e+00              1411s
   71167 DPushes remaining with DInf 0.0000000e+00              1427s
   69617 DPushes remaining with DInf 0.0000000e+00              1452s
   66948 DPushes remaining with DInf 0.0000000e+00              1459s
   64007 DPushes remaining with DInf 0.0000000e+00              1476s
   61001 DPushes remaining with DInf 0.0000000e+00              1488s
   58922 DPushes remaining with DInf 0.0000000e+00              1494s
   56610 DPushes remaining with DInf 0.0000000e+00              1501s
   54240 DPushes remaining with DInf 0.0000000e+00              1507s
   51932 DPushes remaining with DInf 0.0000000e+00              1513s
   49850 DPushes remaining with DInf 0.0000000e+00              1520s
   48152 DPushes remaining with DInf 0.0000000e+00              1528s
   45979 DPushes remaining with DInf 0.0000000e+00              1533s
   43905 DPushes remaining with DInf 0.0000000e+00              1547s
   41604 DPushes remaining with DInf 0.0000000e+00              1565s
   39287 DPushes remaining with DInf 0.0000000e+00              1579s
   37307 DPushes remaining with DInf 0.0000000e+00              1592s
   35555 DPushes remaining with DInf 0.0000000e+00              1603s
   34134 DPushes remaining with DInf 0.0000000e+00              1616s
   31413 DPushes remaining with DInf 0.0000000e+00              1625s
   30058 DPushes remaining with DInf 0.0000000e+00              1634s
   28530 DPushes remaining with DInf 0.0000000e+00              1641s
   26937 DPushes remaining with DInf 0.0000000e+00              1645s
   25618 DPushes remaining with DInf 0.0000000e+00              1651s
   23762 DPushes remaining with DInf 0.0000000e+00              1656s
   22426 DPushes remaining with DInf 0.0000000e+00              1661s
   21128 DPushes remaining with DInf 0.0000000e+00              1667s
   19007 DPushes remaining with DInf 0.0000000e+00              1673s
   17363 DPushes remaining with DInf 0.0000000e+00              1678s
   16086 DPushes remaining with DInf 0.0000000e+00              1685s
   14572 DPushes remaining with DInf 0.0000000e+00              1690s
   12111 DPushes remaining with DInf 0.0000000e+00              1697s
   10606 DPushes remaining with DInf 0.0000000e+00              1709s
    9175 DPushes remaining with DInf 0.0000000e+00              1720s
    7746 DPushes remaining with DInf 0.0000000e+00              1746s
    6379 DPushes remaining with DInf 0.0000000e+00              1771s
    5094 DPushes remaining with DInf 0.0000000e+00              1788s
