I must not fear. Fear is the mind-killer.

Loading GenX
  Loading requirement: gurobi/12.0.0 julia/1.11.3

libgomp: Invalid value for environment variable OMP_NUM_THREADS: invalid
Set parameter LicenseID to value 197246
Set parameter GURO_PAR_SPECIAL
Set parameter TokenServer to value "license.rc.princeton.edu"
Set parameter FeasibilityTol to value 1e-06
Set parameter PreDual to value -1
Set parameter Method to value 2
Set parameter Crossover to value 1
Set parameter TimeLimit to value 1e+100
Set parameter OutputFlag to value 1
Set parameter NumericFocus to value 0
Set parameter MIPGap to value 0.001
Set parameter OptimalityTol to value 0.0001
Set parameter AggFill to value -1
Set parameter BarConvTol to value 1e-12
Set parameter Presolve to value -1
Set parameter LicenseID to value 197246
Set parameter GURO_PAR_SPECIAL
Set parameter TokenServer to value "license.rc.princeton.edu"
Set parameter FeasibilityTol to value 1e-06
Set parameter PreDual to value -1
Set parameter Method to value 2
Set parameter Crossover to value 1
Set parameter TimeLimit to value 1e+100
Set parameter OutputFlag to value 1
Set parameter NumericFocus to value 0
Set parameter MIPGap to value 0.001
Set parameter OptimalityTol to value 0.0001
Set parameter AggFill to value -1
Set parameter BarConvTol to value 1e-12
Set parameter Presolve to value -1
Set parameter LicenseID to value 197246
Set parameter GURO_PAR_SPECIAL
Set parameter TokenServer to value "license.rc.princeton.edu"
Set parameter FeasibilityTol to value 1e-06
Set parameter PreDual to value -1
Set parameter Method to value 2
Set parameter Crossover to value 1
Set parameter TimeLimit to value 1e+100
Set parameter OutputFlag to value 1
Set parameter NumericFocus to value 0
Set parameter MIPGap to value 0.001
Set parameter OptimalityTol to value 0.0001
Set parameter AggFill to value -1
Set parameter BarConvTol to value 1e-12
Set parameter Presolve to value -1
Set parameter LicenseID to value 197246
Set parameter GURO_PAR_SPECIAL
Set parameter TokenServer to value "license.rc.princeton.edu"
Set parameter FeasibilityTol to value 1e-06
Set parameter PreDual to value -1
Set parameter Method to value 2
Set parameter Crossover to value 1
Set parameter TimeLimit to value 1e+100
Set parameter OutputFlag to value 1
Set parameter NumericFocus to value 0
Set parameter MIPGap to value 0.001
Set parameter OptimalityTol to value 0.0001
Set parameter AggFill to value -1
Set parameter BarConvTol to value 1e-12
Set parameter Presolve to value -1
Set parameter LicenseID to value 197246
Set parameter GURO_PAR_SPECIAL
Set parameter TokenServer to value "license.rc.princeton.edu"
Set parameter FeasibilityTol to value 1e-06
Set parameter PreDual to value -1
Set parameter Method to value 2
Set parameter Crossover to value 1
Set parameter TimeLimit to value 1e+100
Set parameter OutputFlag to value 1
Set parameter NumericFocus to value 0
Set parameter MIPGap to value 0.001
Set parameter OptimalityTol to value 0.0001
Set parameter AggFill to value -1
Set parameter BarConvTol to value 1e-12
Set parameter Presolve to value -1
Set parameter LicenseID to value 197246
Set parameter GURO_PAR_SPECIAL
Set parameter TokenServer to value "license.rc.princeton.edu"
Set parameter FeasibilityTol to value 1e-06
Set parameter PreDual to value -1
Set parameter Method to value 2
Set parameter Crossover to value 1
Set parameter TimeLimit to value 1e+100
Set parameter OutputFlag to value 1
Set parameter NumericFocus to value 0
Set parameter MIPGap to value 0.001
Set parameter OptimalityTol to value 0.0001
Set parameter AggFill to value -1
Set parameter BarConvTol to value 1e-12
Set parameter Presolve to value -1
Set parameter LicenseID to value 197246
Set parameter GURO_PAR_SPECIAL
Set parameter TokenServer to value "license.rc.princeton.edu"
Set parameter FeasibilityTol to value 1e-06
Set parameter PreDual to value -1
Set parameter Method to value 2
Set parameter Crossover to value 1
Set parameter TimeLimit to value 1e+100
Set parameter OutputFlag to value 1
Set parameter NumericFocus to value 0
Set parameter MIPGap to value 0.001
Set parameter OptimalityTol to value 0.0001
Set parameter AggFill to value -1
Set parameter BarConvTol to value 1e-12
Set parameter Presolve to value -1
Set parameter LicenseID to value 197246
Set parameter GURO_PAR_SPECIAL
Set parameter TokenServer to value "license.rc.princeton.edu"
Set parameter FeasibilityTol to value 1e-06
Set parameter PreDual to value -1
Set parameter Method to value 2
Set parameter Crossover to value 1
Set parameter TimeLimit to value 1e+100
Set parameter OutputFlag to value 1
Set parameter NumericFocus to value 0
Set parameter MIPGap to value 0.001
Set parameter OptimalityTol to value 0.0001
Set parameter AggFill to value -1
Set parameter BarConvTol to value 1e-12
Set parameter Presolve to value -1
Set parameter LicenseID to value 197246
Set parameter GURO_PAR_SPECIAL
Set parameter TokenServer to value "license.rc.princeton.edu"
Set parameter FeasibilityTol to value 1e-06
Set parameter PreDual to value -1
Set parameter Method to value 2
Set parameter Crossover to value 1
Set parameter TimeLimit to value 1e+100
Set parameter OutputFlag to value 1
Set parameter NumericFocus to value 0
Set parameter MIPGap to value 0.001
Set parameter OptimalityTol to value 0.0001
Set parameter AggFill to value -1
Set parameter BarConvTol to value 1e-12
Set parameter Presolve to value -1
Set parameter LicenseID to value 197246
Set parameter GURO_PAR_SPECIAL
Set parameter TokenServer to value "license.rc.princeton.edu"
Set parameter FeasibilityTol to value 1e-06
Set parameter PreDual to value -1
Set parameter Method to value 2
Set parameter Crossover to value 1
Set parameter TimeLimit to value 1e+100
Set parameter OutputFlag to value 1
Set parameter NumericFocus to value 0
Set parameter MIPGap to value 0.001
Set parameter OptimalityTol to value 0.0001
Set parameter AggFill to value -1
Set parameter BarConvTol to value 1e-12
Set parameter Presolve to value -1
Set parameter LicenseID to value 197246
Set parameter GURO_PAR_SPECIAL
Set parameter TokenServer to value "license.rc.princeton.edu"
Set parameter FeasibilityTol to value 1e-06
Set parameter PreDual to value -1
Set parameter Method to value 2
Set parameter Crossover to value 1
Set parameter TimeLimit to value 1e+100
Set parameter OutputFlag to value 1
Set parameter NumericFocus to value 0
Set parameter MIPGap to value 0.001
Set parameter OptimalityTol to value 0.0001
Set parameter AggFill to value -1
Set parameter BarConvTol to value 1e-12
Set parameter Presolve to value -1
Set parameter LicenseID to value 197246
Set parameter GURO_PAR_SPECIAL
Set parameter TokenServer to value "license.rc.princeton.edu"
Set parameter FeasibilityTol to value 1e-06
Set parameter PreDual to value -1
Set parameter Method to value 2
Set parameter Crossover to value 1
Set parameter TimeLimit to value 1e+100
Set parameter OutputFlag to value 1
Set parameter NumericFocus to value 0
Set parameter MIPGap to value 0.001
Set parameter OptimalityTol to value 0.0001
Set parameter AggFill to value -1
Set parameter BarConvTol to value 1e-12
Set parameter Presolve to value -1
Set parameter LicenseID to value 197246
Set parameter GURO_PAR_SPECIAL
Set parameter TokenServer to value "license.rc.princeton.edu"
Set parameter FeasibilityTol to value 1e-06
Set parameter PreDual to value -1
Set parameter Method to value 2
Set parameter Crossover to value 1
Set parameter TimeLimit to value 1e+100
Set parameter OutputFlag to value 1
Set parameter NumericFocus to value 0
Set parameter MIPGap to value 0.001
Set parameter OptimalityTol to value 0.0001
Set parameter AggFill to value -1
Set parameter BarConvTol to value 1e-12
Set parameter Presolve to value -1
Set parameter LicenseID to value 197246
Set parameter GURO_PAR_SPECIAL
Set parameter TokenServer to value "license.rc.princeton.edu"
Set parameter FeasibilityTol to value 1e-06
Set parameter PreDual to value -1
Set parameter Method to value 2
Set parameter Crossover to value 1
Set parameter TimeLimit to value 1e+100
Set parameter OutputFlag to value 1
Set parameter NumericFocus to value 0
Set parameter MIPGap to value 0.001
Set parameter OptimalityTol to value 0.0001
Set parameter AggFill to value -1
Set parameter BarConvTol to value 1e-12
Set parameter Presolve to value -1
Set parameter LicenseID to value 197246
Set parameter GURO_PAR_SPECIAL
Set parameter TokenServer to value "license.rc.princeton.edu"
Set parameter FeasibilityTol to value 1e-06
Set parameter PreDual to value -1
Set parameter Method to value 2
Set parameter Crossover to value 1
Set parameter TimeLimit to value 1e+100
Set parameter OutputFlag to value 1
Set parameter NumericFocus to value 0
Set parameter MIPGap to value 0.001
Set parameter OptimalityTol to value 0.0001
Set parameter AggFill to value -1
Set parameter BarConvTol to value 1e-12
Set parameter Presolve to value -1
Set parameter LicenseID to value 197246
Set parameter GURO_PAR_SPECIAL
Set parameter TokenServer to value "license.rc.princeton.edu"
Set parameter FeasibilityTol to value 1e-06
Set parameter PreDual to value -1
Set parameter Method to value 2
Set parameter Crossover to value 1
Set parameter TimeLimit to value 1e+100
Set parameter OutputFlag to value 1
Set parameter NumericFocus to value 0
Set parameter MIPGap to value 0.001
Set parameter OptimalityTol to value 0.0001
Set parameter AggFill to value -1
Set parameter BarConvTol to value 1e-12
Set parameter Presolve to value -1
Set parameter LicenseID to value 197246
Set parameter GURO_PAR_SPECIAL
Set parameter TokenServer to value "license.rc.princeton.edu"
Set parameter FeasibilityTol to value 1e-06
Set parameter PreDual to value -1
Set parameter Method to value 2
Set parameter Crossover to value 1
Set parameter TimeLimit to value 1e+100
Set parameter OutputFlag to value 1
Set parameter NumericFocus to value 0
Set parameter MIPGap to value 0.001
Set parameter OptimalityTol to value 0.0001
Set parameter AggFill to value -1
Set parameter BarConvTol to value 1e-12
Set parameter Presolve to value -1
Set parameter LicenseID to value 197246
Set parameter GURO_PAR_SPECIAL
Set parameter TokenServer to value "license.rc.princeton.edu"
Set parameter FeasibilityTol to value 1e-06
Set parameter PreDual to value -1
Set parameter Method to value 2
Set parameter Crossover to value 1
Set parameter TimeLimit to value 1e+100
Set parameter OutputFlag to value 1
Set parameter NumericFocus to value 0
Set parameter MIPGap to value 0.001
Set parameter OptimalityTol to value 0.0001
Set parameter AggFill to value -1
Set parameter BarConvTol to value 1e-12
Set parameter Presolve to value -1
Set parameter FeasibilityTol to value 1e-06
Set parameter PreDual to value -1
Set parameter Method to value 2
Set parameter Crossover to value 1
Set parameter TimeLimit to value 1e+100
Set parameter OutputFlag to value 1
Set parameter NumericFocus to value 0
Set parameter MIPGap to value 0.001
Set parameter OptimalityTol to value 0.0001
Set parameter AggFill to value -1
Set parameter BarConvTol to value 1e-12
Set parameter Presolve to value -1
Gurobi Optimizer version 12.0.3 build v12.0.3rc0 (linux64 - "Red Hat Enterprise Linux 9.6 (Plow)")

CPU model: AMD EPYC 9654 96-Core Processor, instruction set [SSE2|AVX|AVX2|AVX512]
Thread count: 192 physical cores, 192 logical processors, using up to 32 threads

Non-default parameters:
MIPGap  0.001
OptimalityTol  0.0001
Method  2
BarConvTol  1e-12
Crossover  1

Optimize a model with 13211464 rows, 11875298 columns and 59421670 nonzeros
Model fingerprint: 0x2d922378
Coefficient statistics:
  Matrix range     [2e-08, 7e+04]
  Objective range  [6e-03, 5e+09]
  Bounds range     [0e+00, 0e+00]
  RHS range        [3e+00, 8e+08]
Warning: Model contains large matrix coefficient range
Warning: Model contains large objective coefficients
         Consider reformulating model or setting NumericFocus parameter
         to avoid numerical issues.
Presolve removed 3488158 rows and 5497711 columns (presolve time = 5s)...
Presolve removed 4416429 rows and 6160000 columns (presolve time = 11s)...
Presolve removed 5221618 rows and 6160725 columns (presolve time = 18s)...
Presolve removed 5221618 rows and 6160725 columns (presolve time = 21s)...
Presolve removed 5221618 rows and 6160725 columns (presolve time = 25s)...
Presolve removed 5223148 rows and 6160725 columns (presolve time = 30s)...
Presolve removed 5223148 rows and 6160725 columns
Presolve time: 33.71s
Presolved: 7988316 rows, 5714573 columns, 51612775 nonzeros

Elapsed ordering time = 5s
Ordering time: 8.19s

Barrier statistics:
 Dense cols : 3291
 AA' NZ     : 1.040e+08
 Factor NZ  : 2.313e+08 (roughly 7.0 GB of memory)
 Factor Ops : 1.774e+10 (roughly 1 second per iteration)
 Threads    : 32

                  Objective                Residual
Iter       Primal          Dual         Primal    Dual     Compl     Time
   0   5.34998944e+15 -2.64772667e+16  6.61e+08 4.78e+06  5.59e+12    56s
   1   4.29384469e+15 -3.78501416e+16  5.46e+08 3.74e+07  4.48e+12    60s
   2   3.30858197e+15 -8.11866675e+16  4.43e+08 2.71e+07  3.52e+12    64s
   3   2.52432664e+15 -1.11417013e+17  3.54e+08 2.09e+07  2.79e+12    67s
   4   2.04845540e+15 -1.28420566e+17  2.92e+08 1.69e+07  2.30e+12    72s
   5   1.76821511e+15 -1.77483427e+17  2.53e+08 6.09e+06  1.70e+12    75s
   6   7.81573662e+14 -1.83929112e+17  8.32e+07 9.09e+05  5.69e+11    81s
   7   4.64150322e+14 -1.54718745e+17  1.28e+07 4.32e+05  1.11e+11    87s
   8   4.85711341e+14 -1.18278989e+17  8.00e+06 2.24e+05  6.65e+10    93s
   9   4.86694247e+14 -8.11933122e+16  3.84e+06 1.02e+05  3.27e+10    95s
  10   4.66157362e+14 -3.61207819e+16  1.43e+06 2.28e+04  1.05e+10    98s
  11   3.92822739e+14 -1.75832562e+16  2.86e+05 7.29e+03  2.91e+09   101s
  12   2.91931494e+14 -6.67169503e+15  7.97e+04 1.99e+03  8.57e+08   104s
  13   1.91940669e+14 -3.88310147e+15  1.59e+04 1.07e+03  4.14e+08   107s
  14   1.44453062e+14 -2.73567199e+15  2.91e+03 7.33e+02  2.73e+08   110s
  15   1.12669711e+14 -1.58938615e+15  8.48e+02 4.16e+02  1.55e+08   113s
  16   7.96395197e+13 -8.05753615e+14  2.19e+02 2.02e+02  7.73e+07   115s
  17   5.28109648e+13 -3.98138762e+14  6.31e+01 9.69e+01  3.77e+07   118s
  18   3.19780716e+13 -1.97292759e+14  1.32e+01 4.38e+01  1.84e+07   121s
  19   2.00045102e+13 -1.22396286e+14  5.51e+00 2.54e+01  1.11e+07   124s
  20   1.34498612e+13 -6.52934742e+13  2.60e+00 1.15e+01  6.03e+06   127s
  21   9.39050693e+12 -3.82571176e+13  1.50e+00 5.46e+00  3.60e+06   130s
  22   6.41924013e+12 -2.34540597e+13  8.80e-01 2.66e+00  2.24e+06   133s
  23   5.23697164e+12 -1.38764100e+13  6.73e-01 1.27e+00  1.42e+06   136s
  24   4.71071907e+12 -1.09855007e+13  5.90e-01 9.89e-01  1.17e+06   139s
  25   3.79362540e+12 -8.29527479e+12  4.47e-01 7.13e-01  8.95e+05   142s
  26   3.43084059e+12 -7.38860882e+12  3.93e-01 6.25e-01  8.00e+05   145s
  27   2.68835937e+12 -5.68798453e+12  2.91e-01 4.36e-01  6.18e+05   148s
  28   2.27806319e+12 -3.85081037e+12  2.32e-01 2.48e-01  4.51e+05   153s
  29   1.67623439e+12 -2.75724186e+12  1.46e-01 1.53e-01  3.26e+05   158s
  30   1.40542168e+12 -1.85774694e+12  1.08e-01 7.98e-02  2.40e+05   164s
  31   1.16497348e+12 -1.26006677e+12  7.43e-02 4.59e-02  1.78e+05   170s
  32   1.06845131e+12 -6.68703804e+11  6.12e-02 1.39e-02  1.27e+05   177s
  33   9.44633827e+11 -3.75132555e+11  4.53e-02 1.62e-06  9.68e+04   181s
  34   8.77020564e+11 -2.29699016e+11  3.67e-02 1.68e-06  8.11e+04   186s
  35   8.38206890e+11 -1.34535987e+11  3.18e-02 1.79e-06  7.13e+04   193s
  36   7.96934277e+11 -3.79288469e+10  2.66e-02 1.29e-06  6.12e+04   197s
  37   7.70851942e+11  7.57087329e+10  2.33e-02 1.42e-06  5.10e+04   202s
  38   7.34479300e+11  1.99106955e+11  1.89e-02 1.56e-06  3.92e+04   207s
  39   7.06128424e+11  2.56730721e+11  1.56e-02 7.47e-04  3.29e+04   213s
  40   7.02742554e+11  2.88341817e+11  1.52e-02 1.28e-03  3.04e+04   218s
  41   6.69220685e+11  2.98732046e+11  1.14e-02 1.47e-03  2.72e+04   225s
  42   6.60539811e+11  3.55606727e+11  1.05e-02 1.93e-03  2.23e+04   232s
  43   6.44493966e+11  3.92223324e+11  8.72e-03 1.49e-03  1.85e+04   239s
  44   6.31446045e+11  4.14278469e+11  7.27e-03 1.13e-03  1.59e+04   243s
  45   6.27768187e+11  4.29835028e+11  6.90e-03 9.43e-04  1.45e+04   250s
  46   6.20648041e+11  4.48400511e+11  6.14e-03 7.02e-04  1.26e+04   256s
  47   6.11190482e+11  4.78314775e+11  5.12e-03 1.79e-04  9.74e+03   263s
  48   5.98669933e+11  4.88378172e+11  3.82e-03 2.30e-05  8.08e+03   268s
  49   5.89916800e+11  5.06460854e+11  2.89e-03 1.58e-06  6.12e+03   275s
  50   5.84649772e+11  5.20194384e+11  2.37e-03 1.33e-06  4.72e+03   281s
  51   5.83418632e+11  5.27591865e+11  2.26e-03 1.36e-06  4.09e+03   287s
  52   5.77913214e+11  5.30759186e+11  1.74e-03 1.57e-06  3.46e+03   290s
  53   5.74666820e+11  5.36862258e+11  1.47e-03 1.51e-06  2.77e+03   295s
  54   5.71977737e+11  5.40762895e+11  1.24e-03 1.66e-06  2.29e+03   300s
  55   5.69350903e+11  5.45130786e+11  1.01e-03 1.46e-06  1.77e+03   307s
  56   5.67849405e+11  5.46813447e+11  8.89e-04 1.33e-06  1.54e+03   312s
  57   5.67039395e+11  5.47890515e+11  8.23e-04 1.51e-06  1.40e+03   318s
  58   5.65351179e+11  5.49506936e+11  6.81e-04 1.56e-06  1.16e+03   324s
  59   5.64217803e+11  5.50707550e+11  5.86e-04 1.42e-06  9.90e+02   330s
  60   5.62708819e+11  5.51251097e+11  4.63e-04 1.95e-06  8.40e+02   335s
  61   5.61914302e+11  5.52550173e+11  4.01e-04 1.41e-06  6.86e+02   341s
  62   5.61038267e+11  5.53196870e+11  3.31e-04 1.42e-06  5.75e+02   348s
  63   5.60071825e+11  5.53779414e+11  3.22e-04 1.57e-06  4.61e+02   354s
  64   5.59534571e+11  5.54425688e+11  4.56e-04 1.47e-06  3.74e+02   360s
  65   5.58854664e+11  5.54892930e+11  7.01e-04 1.61e-06  2.90e+02   366s
  66   5.58290632e+11  5.55184839e+11  7.63e-04 1.33e-06  2.28e+02   373s
  67   5.58067410e+11  5.55492394e+11  1.10e-03 1.40e-06  1.89e+02   379s
  68   5.57712502e+11  5.55754991e+11  2.19e-03 1.19e-06  1.43e+02   385s
  69   5.57444546e+11  5.55923949e+11  2.81e-03 1.39e-06  1.11e+02   392s
  70   5.57305429e+11  5.56016604e+11  3.30e-03 1.47e-06  9.44e+01   397s
  71   5.57183862e+11  5.56045125e+11  3.67e-03 1.61e-06  8.34e+01   403s
  72   5.57161132e+11  5.56141047e+11  3.64e-03 1.50e-06  7.47e+01   407s
  73   5.57032092e+11  5.56161518e+11  3.57e-03 1.53e-06  6.38e+01   413s
  74   5.56953237e+11  5.56258284e+11  3.56e-03 1.78e-06  5.09e+01   420s
  75   5.56889613e+11  5.56308513e+11  3.54e-03 1.50e-06  4.26e+01   425s
  76   5.56764559e+11  5.56340966e+11  4.07e-03 1.57e-06  3.10e+01   430s
  77   5.56740498e+11  5.56361559e+11  3.95e-03 1.47e-06  2.78e+01   434s
  78   5.56678617e+11  5.56389931e+11  3.65e-03 1.68e-06  2.12e+01   438s
  79   5.56656606e+11  5.56413030e+11  3.23e-03 1.52e-06  1.79e+01   444s
  80   5.56626260e+11  5.56420303e+11  2.73e-03 1.54e-06  1.51e+01   453s
  81   5.56606136e+11  5.56446436e+11  2.38e-03 1.34e-06  1.17e+01   459s
  82   5.56591101e+11  5.56453697e+11  2.18e-03 1.61e-06  1.01e+01   469s
  83   5.56585741e+11  5.56462283e+11  2.09e-03 1.53e-06  9.05e+00   476s
  84   5.56580130e+11  5.56469403e+11  1.97e-03 1.75e-06  8.11e+00   485s
  85   5.56570042e+11  5.56472593e+11  1.73e-03 1.69e-06  7.14e+00   495s
  86   5.56560428e+11  5.56478992e+11  1.49e-03 1.63e-06  5.97e+00   504s
  87   5.56547381e+11  5.56481963e+11  1.18e-03 1.60e-06  4.79e+00   513s
  88   5.56535760e+11  5.56490911e+11  8.63e-04 1.49e-06  3.29e+00   522s
  89   5.56529866e+11  5.56493628e+11  6.96e-04 1.36e-06  2.66e+00   531s
  90   5.56524646e+11  5.56496060e+11  5.20e-04 1.36e-06  2.09e+00   542s
  91   5.56521470e+11  5.56497111e+11  4.39e-04 1.60e-06  1.78e+00   559s
  92   5.56519047e+11  5.56498855e+11  3.77e-04 2.12e-06  1.48e+00   570s
  93   5.56513004e+11  5.56500210e+11  2.34e-04 1.41e-06  9.38e-01   583s
  94   5.56512078e+11  5.56500771e+11  2.11e-04 1.09e-06  8.28e-01   595s
  95   5.56511614e+11  5.56501497e+11  2.18e-04 1.97e-06  7.41e-01   620s
  96   5.56509889e+11  5.56502077e+11  1.54e-04 1.31e-06  5.72e-01   638s
  97   5.56508789e+11  5.56502475e+11  1.25e-04 1.46e-06  4.63e-01   653s
  98   5.56508155e+11  5.56503033e+11  1.23e-04 2.41e-06  3.75e-01   671s
  99   5.56506843e+11  5.56503069e+11  7.57e-05 1.61e-06  2.77e-01   689s
 100   5.56505701e+11  5.56503326e+11  7.55e-05 1.34e-06  1.74e-01   705s
 101   5.56505024e+11  5.56503531e+11  1.03e-04 1.33e-05  1.09e-01   723s
 102   5.56504610e+11  5.56503702e+11  1.69e-04 2.38e-06  6.65e-02   743s
 103   5.56504547e+11  5.56503717e+11  2.86e-04 1.91e-06  6.08e-02   757s
 104   5.56504236e+11  5.56503739e+11  2.32e-04 1.79e-06  3.64e-02   769s
 105   5.56504121e+11  5.56503751e+11  2.98e-04 1.97e-06  2.71e-02   773s
 106   5.56504061e+11  5.56503765e+11  2.39e-04 2.79e-05  2.17e-02   777s
 107   5.56503982e+11  5.56503779e+11  1.76e-04 8.91e-06  1.48e-02   783s
 108   5.56503943e+11  5.56503793e+11  1.43e-04 3.25e-05  1.10e-02   789s
 109   5.56503891e+11  5.56503802e+11  1.91e-04 2.57e-05  6.60e-03   794s
 110   5.56503853e+11  5.56503808e+11  1.01e-04 6.50e-06  3.36e-03   799s
 111   5.56503838e+11  5.56503812e+11  5.56e-04 3.26e-05  1.97e-03   802s
 112   5.56503825e+11  5.56503814e+11  2.45e-04 5.04e-05  8.64e-04   807s
 113   5.56503822e+11  5.56503815e+11  3.88e-04 2.72e-05  5.05e-04   811s
 114   5.56503819e+11  5.56503816e+11  2.04e-04 2.66e-05  2.38e-04   817s
 115   5.56503818e+11  5.56503816e+11  2.91e-04 1.40e-05  1.03e-04   823s
 116   5.56503818e+11  5.56503816e+11  2.91e-04 1.40e-05  1.03e-04   828s
 117   5.56503818e+11  5.56503816e+11  2.91e-04 1.40e-05  1.03e-04   833s
 118   5.56503817e+11  5.56503816e+11  2.27e-04 4.35e-05  7.41e-05   839s
 119   5.56503817e+11  5.56503816e+11  2.27e-04 2.41e-05  7.41e-05   847s
 120   5.56503817e+11  5.56503816e+11  2.27e-04 2.41e-05  7.41e-05   854s
 121   5.56503817e+11  5.56503816e+11  4.04e-04 2.41e-05  7.41e-05   860s
 122   5.56503817e+11  5.56503816e+11  4.04e-04 2.37e-05  7.41e-05   866s
 123   5.56503817e+11  5.56503816e+11  6.50e-04 2.37e-05  7.41e-05   873s
 124   5.56503817e+11  5.56503816e+11  6.50e-04 2.37e-05  7.41e-05   879s
 125   5.56503817e+11  5.56503816e+11  6.44e-04 1.85e-05  7.35e-05   886s
 126   5.56503817e+11  5.56503816e+11  6.44e-04 1.85e-05  7.35e-05   892s
 127   5.56503817e+11  5.56503816e+11  6.44e-04 1.85e-05  7.35e-05   898s
 128   5.56503817e+11  5.56503816e+11  7.37e-04 1.85e-05  7.35e-05   905s

Barrier performed 128 iterations in 905.14 seconds (1062.34 work units)
Sub-optimal termination - objective 5.56503817e+11

Crossover log...

 1912217 DPushes remaining with DInf 1.5085482e-02               911s
 1128263 DPushes remaining with DInf 0.0000000e+00               953s
  805490 DPushes remaining with DInf 0.0000000e+00               978s
  606636 DPushes remaining with DInf 0.0000000e+00               998s
  456857 DPushes remaining with DInf 0.0000000e+00              1013s
  342468 DPushes remaining with DInf 0.0000000e+00              1024s
  263037 DPushes remaining with DInf 0.0000000e+00              1033s
  201628 DPushes remaining with DInf 0.0000000e+00              1040s
  163246 DPushes remaining with DInf 0.0000000e+00              1045s
  141504 DPushes remaining with DInf 0.0000000e+00              1050s
  118212 DPushes remaining with DInf 0.0000000e+00              1058s
  110722 DPushes remaining with DInf 0.0000000e+00              1061s
   98842 DPushes remaining with DInf 0.0000000e+00              1067s
   93176 DPushes remaining with DInf 0.0000000e+00              1071s
   84880 DPushes remaining with DInf 0.0000000e+00              1077s
   81705 DPushes remaining with DInf 0.0000000e+00              1080s
   72054 DPushes remaining with DInf 0.0000000e+00              1087s
   70302 DPushes remaining with DInf 0.0000000e+00              1091s
   68192 DPushes remaining with DInf 0.0000000e+00              1096s
   64421 DPushes remaining with DInf 0.0000000e+00              1102s
   62060 DPushes remaining with DInf 0.0000000e+00              1105s
   58519 DPushes remaining with DInf 0.0000000e+00              1114s
   55897 DPushes remaining with DInf 0.0000000e+00              1120s
   53850 DPushes remaining with DInf 0.0000000e+00              1127s
   51184 DPushes remaining with DInf 0.0000000e+00              1132s
   48175 DPushes remaining with DInf 0.0000000e+00              1140s
   45963 DPushes remaining with DInf 0.0000000e+00              1143s
   43932 DPushes remaining with DInf 0.0000000e+00              1147s
   42094 DPushes remaining with DInf 0.0000000e+00              1151s
   37768 DPushes remaining with DInf 0.0000000e+00              1160s
   36180 DPushes remaining with DInf 0.0000000e+00              1164s
   34529 DPushes remaining with DInf 0.0000000e+00              1171s
   32635 DPushes remaining with DInf 0.0000000e+00              1180s
   28885 DPushes remaining with DInf 0.0000000e+00              1191s
   26993 DPushes remaining with DInf 0.0000000e+00              1197s
   25078 DPushes remaining with DInf 0.0000000e+00              1201s
   23002 DPushes remaining with DInf 0.0000000e+00              1205s
   18965 DPushes remaining with DInf 0.0000000e+00              1213s
   17257 DPushes remaining with DInf 0.0000000e+00              1218s
   15548 DPushes remaining with DInf 0.0000000e+00              1221s
   14146 DPushes remaining with DInf 0.0000000e+00              1225s
   11248 DPushes remaining with DInf 0.0000000e+00              1237s
    9867 DPushes remaining with DInf 0.0000000e+00              1244s
    8228 DPushes remaining with DInf 0.0000000e+00              1250s
    6694 DPushes remaining with DInf 0.0000000e+00              1260s
    5263 DPushes remaining with DInf 0.0000000e+00              1273s
    3654 DPushes remaining with DInf 0.0000000e+00              1283s
    1892 DPushes remaining with DInf 0.0000000e+00              1296s
     447 DPushes remaining with DInf 0.0000000e+00              1307s
       0 DPushes remaining with DInf 0.0000000e+00              1313s
Warning: Markowitz tolerance tightened to 0.5

 2271952 PPushes remaining with PInf 2.9910261e+00              1314s
 1555779 PPushes remaining with PInf 6.5311605e+00              1521s
 1355895 PPushes remaining with PInf 6.1118937e+00              1670s
 1262165 PPushes remaining with PInf 5.4296817e+00              1720s
 1172995 PPushes remaining with PInf 5.3322024e+00              1789s
 1105056 PPushes remaining with PInf 5.0888896e+00              1819s
 1038092 PPushes remaining with PInf 4.9239466e+00              1874s
  977691 PPushes remaining with PInf 4.9440982e+00              1908s
  927662 PPushes remaining with PInf 4.7666432e+00              1932s
  885103 PPushes remaining with PInf 4.6910799e+00              1952s
  847017 PPushes remaining with PInf 4.4634199e+00              1975s
  810416 PPushes remaining with PInf 4.3152515e+00              2001s
  774569 PPushes remaining with PInf 4.2607219e+00              2021s
  741159 PPushes remaining with PInf 4.1256174e+00              2040s
  708112 PPushes remaining with PInf 3.9549968e+00              2065s
  674947 PPushes remaining with PInf 3.8643385e+00              2086s
  645828 PPushes remaining with PInf 3.8025807e+00              2100s
  614729 PPushes remaining with PInf 3.2996203e+00              2119s
  587811 PPushes remaining with PInf 3.1357679e+00              2136s
  567222 PPushes remaining with PInf 3.0330158e+00              2150s
  549133 PPushes remaining with PInf 2.9765927e+00              2162s
  526163 PPushes remaining with PInf 2.9127349e+00              2177s
  511562 PPushes remaining with PInf 2.8383477e+00              2188s
  499674 PPushes remaining with PInf 2.7525715e+00              2198s
  482785 PPushes remaining with PInf 2.7062601e+00              2208s
  470146 PPushes remaining with PInf 2.6557950e+00              2217s
  458079 PPushes remaining with PInf 2.7233781e+00              2226s
  446248 PPushes remaining with PInf 2.6555608e+00              2235s
  436080 PPushes remaining with PInf 2.6023530e+00              2242s
  421021 PPushes remaining with PInf 6.1687286e+00              2250s
  402005 PPushes remaining with PInf 5.9561053e+00              2257s
  392177 PPushes remaining with PInf 5.9204687e+00              2264s
  380644 PPushes remaining with PInf 4.7196761e+00              2271s
  366976 PPushes remaining with PInf 4.6754434e+00              2277s
  349553 PPushes remaining with PInf 4.5233085e+00              2285s
  337424 PPushes remaining with PInf 4.4619637e+00              2293s
  327117 PPushes remaining with PInf 4.4985150e+00              2301s
  313937 PPushes remaining with PInf 4.4401054e+00              2309s
  303614 PPushes remaining with PInf 4.3959517e+00              2318s
  290529 PPushes remaining with PInf 4.3441619e+00              2327s
  282385 PPushes remaining with PInf 4.3087078e+00              2334s
  277371 PPushes remaining with PInf 6.7656206e+00              2341s
  272969 PPushes remaining with PInf 4.9938655e+00              2347s
  269072 PPushes remaining with PInf 4.9462879e+00              2355s
  263388 PPushes remaining with PInf 4.3965349e+00              2362s
  257183 PPushes remaining with PInf 4.4325957e+00              2369s
  253702 PPushes remaining with PInf 4.3917668e+00              2375s
  250829 PPushes remaining with PInf 4.3654944e+00              2382s
  248862 PPushes remaining with PInf 4.3612535e+00              2387s
  239642 PPushes remaining with PInf 2.9691014e+00              2420s
  229074 PPushes remaining with PInf 1.5794815e+00              2532s
  222884 PPushes remaining with PInf 1.5187645e+00              2550s
  217773 PPushes remaining with PInf 1.4906094e+00              2574s
  204034 PPushes remaining with PInf 1.4861333e+00              2655s
  179490 PPushes remaining with PInf 1.4800455e+00              2872s
  168555 PPushes remaining with PInf 1.3719999e+00              2968s
  138317 PPushes remaining with PInf 1.2245543e+00              3101s
   96951 PPushes remaining with PInf 9.0377062e-01              3383s
   32181 PPushes remaining with PInf 9.7442695e-01              3730s
    6057 PPushes remaining with PInf 6.6800170e-02              3900s
       0 PPushes remaining with PInf 0.0000000e+00              3943s

  Push phase complete: Pinf 0.0000000e+00, Dinf 5.7118687e+05   3944s

Iteration    Objective       Primal Inf.    Dual Inf.      Time
 3614491    5.5650382e+11   0.000000e+00   5.711869e+05   3946s
 3615768    5.5650382e+11   0.000000e+00   2.105167e+05   3952s
 3617045    5.5650382e+11   0.000000e+00   1.414781e+05   3957s
 3618322    5.5650382e+11   0.000000e+00   1.060835e+05   3962s
 3619599    5.5650382e+11   0.000000e+00   8.328185e+04   3967s
 3620876    5.5650382e+11   0.000000e+00   6.457841e+04   3972s
 3622153    5.5650382e+11   0.000000e+00   5.095028e+04   3977s
 3623430    5.5650382e+11   0.000000e+00   4.042452e+04   3982s
 3624707    5.5650382e+11   0.000000e+00   3.367826e+04   3988s
 3625984    5.5650382e+11   0.000000e+00   2.819780e+04   3996s
 3627261    5.5650382e+11   0.000000e+00   2.352059e+04   4000s
 3628538    5.5650382e+11   0.000000e+00   1.994493e+04   4005s
 3629815    5.5650382e+11   0.000000e+00   1.669612e+04   4010s
 3631092    5.5650382e+11   0.000000e+00   1.414737e+04   4016s
 3632369    5.5650382e+11   0.000000e+00   1.175579e+04   4023s
 3633646    5.5650382e+11   0.000000e+00   1.000783e+04   4028s
 3634923    5.5650382e+11   0.000000e+00   8.073645e+03   4034s
 3636200    5.5650382e+11   0.000000e+00   6.807456e+03   4039s
 3637745    5.5650382e+11   0.000000e+00   5.428737e+03   4044s
 3639022    5.5650382e+11   0.000000e+00   4.369469e+03   4049s
 3640299    5.5650382e+11   0.000000e+00   3.580529e+03   4054s
 3641576    5.5650382e+11   0.000000e+00   2.758704e+03   4059s
 3642853    5.5650382e+11   0.000000e+00   2.056945e+03   4065s
 3644188    5.5650382e+11   0.000000e+00   1.579532e+03   4070s
 3647015    5.5650382e+11   0.000000e+00   1.068666e+03   4074s
 3648396    5.5650382e+11   0.000000e+00   6.693676e+02   4079s
 3650706    5.5650382e+11   0.000000e+00   3.204468e+02   4089s
 3653069    5.5650382e+11   0.000000e+00   4.355791e+01   4099s
 3654300    5.5650382e+11   0.000000e+00   0.000000e+00   4105s
 3654300    5.5650382e+11   0.000000e+00   0.000000e+00   4113s

Solved in 3654300 iterations and 4112.93 seconds (2692.01 work units)
Optimal objective  5.565038164e+11

User-callback calls 4267963, time in user-callback 1.67 sec
  ____           __  __   _ _
 / ___| ___ _ __ \ \/ /  (_) |
| |  _ / _ \ '_ \ \  /   | | |
| |_| |  __/ | | |/  \ _ | | |
 \____|\___|_| |_/_/\_(_)/ |_|
                       |__/
 Version: 0.4.1-dev.19

Configuring Settings
Configuring Multistage Settings
Configuring Solver
Reading Input CSV Files
Network.csv Successfully Read!
Demand (load) data Successfully Read!
Fuels_data.csv Successfully Read!

Summary of resources loaded into the model:
-------------------------------------------------------
	Resource type 		Number of resources
=======================================================
	Thermal        		64
	VRE            		125
	Hydro          		6
	Storage        		26
	Must_run       		26
=======================================================
Total number of resources: 247
-------------------------------------------------------
Generators_variability.csv Successfully Read!
Validating time basis
Capacity_reserve_margin.csv Successfully Read!
Energy_share_requirement.csv Successfully Read!
CO2_cap.csv Successfully Read!
CSV Files Successfully Read In From /home/gm1710/GenX/example_systems/AZ/base_high_ghg/inputs/inputs_p1
Discharge Module
Non-served Energy Module
Investment Discharge Module
Unit Commitment Module
Fuel Module
Investment Transmission Module
Transmission Module
CO2 Module
Dispatchable Resources Module
Must-Run Resources Module
Storage Resources Module
Storage Investment Module
Storage Core Resources Module
Storage Resources with Symmetric Charge/Discharge Capacity Module
Hydro Reservoir Core Resources Module
Thermal (Unit Commitment) Resources Module
CO2 Policies Module
Energy Share Requirement Policies Module
Capacity Reserve Margin Policies Module
Reading Input CSV Files
Network.csv Successfully Read!
Demand (load) data Successfully Read!
Fuels_data.csv Successfully Read!

Summary of resources loaded into the model:
-------------------------------------------------------
	Resource type 		Number of resources
=======================================================
	Thermal        		64
	VRE            		125
	Hydro          		6
	Storage        		26
	Must_run       		26
=======================================================
Total number of resources: 247
-------------------------------------------------------
Generators_variability.csv Successfully Read!
Validating time basis
Capacity_reserve_margin.csv Successfully Read!
Energy_share_requirement.csv Successfully Read!
CO2_cap.csv Successfully Read!
CSV Files Successfully Read In From /home/gm1710/GenX/example_systems/AZ/base_high_ghg/inputs/inputs_p2
Discharge Module
Non-served Energy Module
Investment Discharge Module
Unit Commitment Module
Fuel Module
Investment Transmission Module
Transmission Module
CO2 Module
Dispatchable Resources Module
Must-Run Resources Module
Storage Resources Module
Storage Investment Module
Storage Core Resources Module
Storage Resources with Symmetric Charge/Discharge Capacity Module
Hydro Reservoir Core Resources Module
Thermal (Unit Commitment) Resources Module
CO2 Policies Module
Energy Share Requirement Policies Module
Capacity Reserve Margin Policies Module
Reading Input CSV Files
Network.csv Successfully Read!
Demand (load) data Successfully Read!
Fuels_data.csv Successfully Read!

Summary of resources loaded into the model:
-------------------------------------------------------
	Resource type 		Number of resources
=======================================================
	Thermal        		64
	VRE            		125
	Hydro          		6
	Storage        		26
	Must_run       		26
=======================================================
Total number of resources: 247
-------------------------------------------------------
Generators_variability.csv Successfully Read!
Validating time basis
Capacity_reserve_margin.csv Successfully Read!
Energy_share_requirement.csv Successfully Read!
CO2_cap.csv Successfully Read!
CSV Files Successfully Read In From /home/gm1710/GenX/example_systems/AZ/base_high_ghg/inputs/inputs_p3
Discharge Module
Non-served Energy Module
Investment Discharge Module
Unit Commitment Module
Fuel Module
Investment Transmission Module
Transmission Module
CO2 Module
Dispatchable Resources Module
Must-Run Resources Module
Storage Resources Module
Storage Investment Module
Storage Core Resources Module
Storage Resources with Symmetric Charge/Discharge Capacity Module
Hydro Reservoir Core Resources Module
Thermal (Unit Commitment) Resources Module
CO2 Policies Module
Energy Share Requirement Policies Module
Capacity Reserve Margin Policies Module
Reading Input CSV Files
Network.csv Successfully Read!
Demand (load) data Successfully Read!
Fuels_data.csv Successfully Read!

Summary of resources loaded into the model:
-------------------------------------------------------
	Resource type 		Number of resources
=======================================================
	Thermal        		64
	VRE            		125
	Hydro          		6
	Storage        		26
	Must_run       		26
=======================================================
Total number of resources: 247
-------------------------------------------------------
Generators_variability.csv Successfully Read!
Validating time basis
Capacity_reserve_margin.csv Successfully Read!
Energy_share_requirement.csv Successfully Read!
CO2_cap.csv Successfully Read!
CSV Files Successfully Read In From /home/gm1710/GenX/example_systems/AZ/base_high_ghg/inputs/inputs_p4
Discharge Module
Non-served Energy Module
Investment Discharge Module
Unit Commitment Module
Fuel Module
Investment Transmission Module
Transmission Module
CO2 Module
Dispatchable Resources Module
Must-Run Resources Module
Storage Resources Module
Storage Investment Module
Storage Core Resources Module
Storage Resources with Symmetric Charge/Discharge Capacity Module
Hydro Reservoir Core Resources Module
Thermal (Unit Commitment) Resources Module
CO2 Policies Module
Energy Share Requirement Policies Module
Capacity Reserve Margin Policies Module
Reading Input CSV Files
Network.csv Successfully Read!
Demand (load) data Successfully Read!
Fuels_data.csv Successfully Read!

Summary of resources loaded into the model:
-------------------------------------------------------
	Resource type 		Number of resources
=======================================================
	Thermal        		64
	VRE            		125
	Hydro          		6
	Storage        		26
	Must_run       		26
=======================================================
Total number of resources: 247
-------------------------------------------------------
Generators_variability.csv Successfully Read!
Validating time basis
Capacity_reserve_margin.csv Successfully Read!
Energy_share_requirement.csv Successfully Read!
CO2_cap.csv Successfully Read!
CSV Files Successfully Read In From /home/gm1710/GenX/example_systems/AZ/base_high_ghg/inputs/inputs_p5
Discharge Module
Non-served Energy Module
Investment Discharge Module
Unit Commitment Module
Fuel Module
Investment Transmission Module
Transmission Module
CO2 Module
Dispatchable Resources Module
Must-Run Resources Module
Storage Resources Module
Storage Investment Module
Storage Core Resources Module
Storage Resources with Symmetric Charge/Discharge Capacity Module
Hydro Reservoir Core Resources Module
Thermal (Unit Commitment) Resources Module
CO2 Policies Module
Energy Share Requirement Policies Module
Capacity Reserve Margin Policies Module
Reading Input CSV Files
Network.csv Successfully Read!
Demand (load) data Successfully Read!
Fuels_data.csv Successfully Read!

Summary of resources loaded into the model:
-------------------------------------------------------
	Resource type 		Number of resources
=======================================================
	Thermal        		64
	VRE            		125
	Hydro          		6
	Storage        		26
	Must_run       		26
=======================================================
Total number of resources: 247
-------------------------------------------------------
Generators_variability.csv Successfully Read!
Validating time basis
Capacity_reserve_margin.csv Successfully Read!
Energy_share_requirement.csv Successfully Read!
CO2_cap.csv Successfully Read!
CSV Files Successfully Read In From /home/gm1710/GenX/example_systems/AZ/base_high_ghg/inputs/inputs_p6
Discharge Module
Non-served Energy Module
Investment Discharge Module
Unit Commitment Module
Fuel Module
Investment Transmission Module
Transmission Module
CO2 Module
Dispatchable Resources Module
Must-Run Resources Module
Storage Resources Module
Storage Investment Module
Storage Core Resources Module
Storage Resources with Symmetric Charge/Discharge Capacity Module
Hydro Reservoir Core Resources Module
Thermal (Unit Commitment) Resources Module
CO2 Policies Module
Energy Share Requirement Policies Module
Capacity Reserve Margin Policies Module
Reading Input CSV Files
Network.csv Successfully Read!
Demand (load) data Successfully Read!
Fuels_data.csv Successfully Read!

Summary of resources loaded into the model:
-------------------------------------------------------
	Resource type 		Number of resources
=======================================================
	Thermal        		64
	VRE            		125
	Hydro          		6
	Storage        		26
	Must_run       		26
=======================================================
Total number of resources: 247
-------------------------------------------------------
Generators_variability.csv Successfully Read!
Validating time basis
Capacity_reserve_margin.csv Successfully Read!
Energy_share_requirement.csv Successfully Read!
CO2_cap.csv Successfully Read!
CSV Files Successfully Read In From /home/gm1710/GenX/example_systems/AZ/base_high_ghg/inputs/inputs_p7
Discharge Module
Non-served Energy Module
Investment Discharge Module
Unit Commitment Module
Fuel Module
Investment Transmission Module
Transmission Module
CO2 Module
Dispatchable Resources Module
Must-Run Resources Module
Storage Resources Module
Storage Investment Module
Storage Core Resources Module
Storage Resources with Symmetric Charge/Discharge Capacity Module
Hydro Reservoir Core Resources Module
Thermal (Unit Commitment) Resources Module
CO2 Policies Module
Energy Share Requirement Policies Module
Capacity Reserve Margin Policies Module
Reading Input CSV Files
Network.csv Successfully Read!
Demand (load) data Successfully Read!
Fuels_data.csv Successfully Read!

Summary of resources loaded into the model:
-------------------------------------------------------
	Resource type 		Number of resources
=======================================================
	Thermal        		64
	VRE            		125
	Hydro          		6
	Storage        		26
	Must_run       		26
=======================================================
Total number of resources: 247
-------------------------------------------------------
Generators_variability.csv Successfully Read!
Validating time basis
Capacity_reserve_margin.csv Successfully Read!
Energy_share_requirement.csv Successfully Read!
CO2_cap.csv Successfully Read!
CSV Files Successfully Read In From /home/gm1710/GenX/example_systems/AZ/base_high_ghg/inputs/inputs_p8
Discharge Module
Non-served Energy Module
Investment Discharge Module
Unit Commitment Module
Fuel Module
Investment Transmission Module
Transmission Module
CO2 Module
Dispatchable Resources Module
Must-Run Resources Module
Storage Resources Module
Storage Investment Module
Storage Core Resources Module
Storage Resources with Symmetric Charge/Discharge Capacity Module
Hydro Reservoir Core Resources Module
Thermal (Unit Commitment) Resources Module
CO2 Policies Module
Energy Share Requirement Policies Module
Capacity Reserve Margin Policies Module
Reading Input CSV Files
Network.csv Successfully Read!
Demand (load) data Successfully Read!
Fuels_data.csv Successfully Read!

Summary of resources loaded into the model:
-------------------------------------------------------
	Resource type 		Number of resources
=======================================================
	Thermal        		64
	VRE            		125
	Hydro          		6
	Storage        		26
	Must_run       		26
=======================================================
Total number of resources: 247
-------------------------------------------------------
Generators_variability.csv Successfully Read!
Validating time basis
Capacity_reserve_margin.csv Successfully Read!
Energy_share_requirement.csv Successfully Read!
CO2_cap.csv Successfully Read!
CSV Files Successfully Read In From /home/gm1710/GenX/example_systems/AZ/base_high_ghg/inputs/inputs_p9
Discharge Module
Non-served Energy Module
Investment Discharge Module
Unit Commitment Module
Fuel Module
Investment Transmission Module
Transmission Module
CO2 Module
Dispatchable Resources Module
Must-Run Resources Module
Storage Resources Module
Storage Investment Module
Storage Core Resources Module
Storage Resources with Symmetric Charge/Discharge Capacity Module
Hydro Reservoir Core Resources Module
Thermal (Unit Commitment) Resources Module
CO2 Policies Module
Energy Share Requirement Policies Module
Capacity Reserve Margin Policies Module
Reading Input CSV Files
Network.csv Successfully Read!
Demand (load) data Successfully Read!
Fuels_data.csv Successfully Read!

Summary of resources loaded into the model:
-------------------------------------------------------
	Resource type 		Number of resources
=======================================================
	Thermal        		64
	VRE            		125
	Hydro          		6
	Storage        		26
	Must_run       		26
=======================================================
Total number of resources: 247
-------------------------------------------------------
Generators_variability.csv Successfully Read!
Validating time basis
Capacity_reserve_margin.csv Successfully Read!
Energy_share_requirement.csv Successfully Read!
CO2_cap.csv Successfully Read!
CSV Files Successfully Read In From /home/gm1710/GenX/example_systems/AZ/base_high_ghg/inputs/inputs_p10
Discharge Module
Non-served Energy Module
Investment Discharge Module
Unit Commitment Module
Fuel Module
Investment Transmission Module
Transmission Module
CO2 Module
Dispatchable Resources Module
Must-Run Resources Module
Storage Resources Module
Storage Investment Module
Storage Core Resources Module
Storage Resources with Symmetric Charge/Discharge Capacity Module
Hydro Reservoir Core Resources Module
Thermal (Unit Commitment) Resources Module
CO2 Policies Module
Energy Share Requirement Policies Module
Capacity Reserve Margin Policies Module
Reading Input CSV Files
Network.csv Successfully Read!
Demand (load) data Successfully Read!
Fuels_data.csv Successfully Read!

Summary of resources loaded into the model:
-------------------------------------------------------
	Resource type 		Number of resources
=======================================================
	Thermal        		64
	VRE            		125
	Hydro          		6
	Storage        		26
	Must_run       		26
=======================================================
Total number of resources: 247
-------------------------------------------------------
Generators_variability.csv Successfully Read!
Validating time basis
Capacity_reserve_margin.csv Successfully Read!
Energy_share_requirement.csv Successfully Read!
CO2_cap.csv Successfully Read!
CSV Files Successfully Read In From /home/gm1710/GenX/example_systems/AZ/base_high_ghg/inputs/inputs_p11
Discharge Module
Non-served Energy Module
Investment Discharge Module
Unit Commitment Module
Fuel Module
Investment Transmission Module
Transmission Module
CO2 Module
Dispatchable Resources Module
Must-Run Resources Module
Storage Resources Module
Storage Investment Module
Storage Core Resources Module
Storage Resources with Symmetric Charge/Discharge Capacity Module
Hydro Reservoir Core Resources Module
Thermal (Unit Commitment) Resources Module
CO2 Policies Module
Energy Share Requirement Policies Module
Capacity Reserve Margin Policies Module
Reading Input CSV Files
Network.csv Successfully Read!
Demand (load) data Successfully Read!
Fuels_data.csv Successfully Read!

Summary of resources loaded into the model:
-------------------------------------------------------
	Resource type 		Number of resources
=======================================================
	Thermal        		64
	VRE            		125
	Hydro          		6
	Storage        		26
	Must_run       		26
=======================================================
Total number of resources: 247
-------------------------------------------------------
Generators_variability.csv Successfully Read!
Validating time basis
Capacity_reserve_margin.csv Successfully Read!
Energy_share_requirement.csv Successfully Read!
CO2_cap.csv Successfully Read!
CSV Files Successfully Read In From /home/gm1710/GenX/example_systems/AZ/base_high_ghg/inputs/inputs_p12
Discharge Module
Non-served Energy Module
Investment Discharge Module
Unit Commitment Module
Fuel Module
Investment Transmission Module
Transmission Module
CO2 Module
Dispatchable Resources Module
Must-Run Resources Module
Storage Resources Module
Storage Investment Module
Storage Core Resources Module
Storage Resources with Symmetric Charge/Discharge Capacity Module
Hydro Reservoir Core Resources Module
Thermal (Unit Commitment) Resources Module
CO2 Policies Module
Energy Share Requirement Policies Module
Capacity Reserve Margin Policies Module
Reading Input CSV Files
Network.csv Successfully Read!
Demand (load) data Successfully Read!
Fuels_data.csv Successfully Read!

Summary of resources loaded into the model:
-------------------------------------------------------
	Resource type 		Number of resources
=======================================================
	Thermal        		64
	VRE            		125
	Hydro          		6
	Storage        		26
	Must_run       		26
=======================================================
Total number of resources: 247
-------------------------------------------------------
Generators_variability.csv Successfully Read!
Validating time basis
Capacity_reserve_margin.csv Successfully Read!
Energy_share_requirement.csv Successfully Read!
CO2_cap.csv Successfully Read!
CSV Files Successfully Read In From /home/gm1710/GenX/example_systems/AZ/base_high_ghg/inputs/inputs_p13
Discharge Module
Non-served Energy Module
Investment Discharge Module
Unit Commitment Module
Fuel Module
Investment Transmission Module
Transmission Module
CO2 Module
Dispatchable Resources Module
Must-Run Resources Module
Storage Resources Module
Storage Investment Module
Storage Core Resources Module
Storage Resources with Symmetric Charge/Discharge Capacity Module
Hydro Reservoir Core Resources Module
Thermal (Unit Commitment) Resources Module
CO2 Policies Module
Energy Share Requirement Policies Module
Capacity Reserve Margin Policies Module
Reading Input CSV Files
Network.csv Successfully Read!
Demand (load) data Successfully Read!
Fuels_data.csv Successfully Read!

Summary of resources loaded into the model:
-------------------------------------------------------
	Resource type 		Number of resources
=======================================================
	Thermal        		64
	VRE            		125
	Hydro          		6
	Storage        		26
	Must_run       		26
=======================================================
Total number of resources: 247
-------------------------------------------------------
Generators_variability.csv Successfully Read!
Validating time basis
Capacity_reserve_margin.csv Successfully Read!
Energy_share_requirement.csv Successfully Read!
CO2_cap.csv Successfully Read!
CSV Files Successfully Read In From /home/gm1710/GenX/example_systems/AZ/base_high_ghg/inputs/inputs_p14
Discharge Module
Non-served Energy Module
Investment Discharge Module
Unit Commitment Module
Fuel Module
Investment Transmission Module
Transmission Module
CO2 Module
Dispatchable Resources Module
Must-Run Resources Module
Storage Resources Module
Storage Investment Module
Storage Core Resources Module
Storage Resources with Symmetric Charge/Discharge Capacity Module
Hydro Reservoir Core Resources Module
Thermal (Unit Commitment) Resources Module
CO2 Policies Module
Energy Share Requirement Policies Module
Capacity Reserve Margin Policies Module
Reading Input CSV Files
Network.csv Successfully Read!
Demand (load) data Successfully Read!
Fuels_data.csv Successfully Read!

Summary of resources loaded into the model:
-------------------------------------------------------
	Resource type 		Number of resources
=======================================================
	Thermal        		64
	VRE            		125
	Hydro          		6
	Storage        		26
	Must_run       		26
=======================================================
Total number of resources: 247
-------------------------------------------------------
Generators_variability.csv Successfully Read!
Validating time basis
Capacity_reserve_margin.csv Successfully Read!
Energy_share_requirement.csv Successfully Read!
CO2_cap.csv Successfully Read!
CSV Files Successfully Read In From /home/gm1710/GenX/example_systems/AZ/base_high_ghg/inputs/inputs_p15
Discharge Module
Non-served Energy Module
Investment Discharge Module
Unit Commitment Module
Fuel Module
Investment Transmission Module
Transmission Module
CO2 Module
Dispatchable Resources Module
Must-Run Resources Module
Storage Resources Module
Storage Investment Module
Storage Core Resources Module
Storage Resources with Symmetric Charge/Discharge Capacity Module
Hydro Reservoir Core Resources Module
Thermal (Unit Commitment) Resources Module
CO2 Policies Module
Energy Share Requirement Policies Module
Capacity Reserve Margin Policies Module
Reading Input CSV Files
Network.csv Successfully Read!
Demand (load) data Successfully Read!
Fuels_data.csv Successfully Read!

Summary of resources loaded into the model:
-------------------------------------------------------
	Resource type 		Number of resources
=======================================================
	Thermal        		64
	VRE            		125
	Hydro          		6
	Storage        		26
	Must_run       		26
=======================================================
Total number of resources: 247
-------------------------------------------------------
Generators_variability.csv Successfully Read!
Validating time basis
Capacity_reserve_margin.csv Successfully Read!
Energy_share_requirement.csv Successfully Read!
CO2_cap.csv Successfully Read!
CSV Files Successfully Read In From /home/gm1710/GenX/example_systems/AZ/base_high_ghg/inputs/inputs_p16
Discharge Module
Non-served Energy Module
Investment Discharge Module
Unit Commitment Module
Fuel Module
Investment Transmission Module
Transmission Module
CO2 Module
Dispatchable Resources Module
Must-Run Resources Module
Storage Resources Module
Storage Investment Module
Storage Core Resources Module
Storage Resources with Symmetric Charge/Discharge Capacity Module
Hydro Reservoir Core Resources Module
Thermal (Unit Commitment) Resources Module
CO2 Policies Module
Energy Share Requirement Policies Module
Capacity Reserve Margin Policies Module
Reading Input CSV Files
Network.csv Successfully Read!
Demand (load) data Successfully Read!
Fuels_data.csv Successfully Read!

Summary of resources loaded into the model:
-------------------------------------------------------
	Resource type 		Number of resources
=======================================================
	Thermal        		64
	VRE            		125
	Hydro          		6
	Storage        		26
	Must_run       		26
=======================================================
Total number of resources: 247
-------------------------------------------------------
Generators_variability.csv Successfully Read!
Validating time basis
Capacity_reserve_margin.csv Successfully Read!
Energy_share_requirement.csv Successfully Read!
CO2_cap.csv Successfully Read!
CSV Files Successfully Read In From /home/gm1710/GenX/example_systems/AZ/base_high_ghg/inputs/inputs_p17
Discharge Module
Non-served Energy Module
Investment Discharge Module
Unit Commitment Module
Fuel Module
Investment Transmission Module
Transmission Module
CO2 Module
Dispatchable Resources Module
Must-Run Resources Module
Storage Resources Module
Storage Investment Module
Storage Core Resources Module
Storage Resources with Symmetric Charge/Discharge Capacity Module
Hydro Reservoir Core Resources Module
Thermal (Unit Commitment) Resources Module
CO2 Policies Module
Energy Share Requirement Policies Module
Capacity Reserve Margin Policies Module
Linking stages according to edge input.
Solving Model
Time elapsed for writing costs is
1.589190471
Time elapsed for writing capacity is
0.909039253
Time elapsed for writing power is
2.878981002
Time elapsed for writing charge is
0.268685536
Time elapsed for writing storage is
0.298209305
Time elapsed for writing curtailment is
0.598734565
Time elapsed for writing nse is
0.890222915
Time elapsed for writing power balance is
0.820639867
Time elapsed for writing transmission flows is
0.190697281
Time elapsed for writing transmission losses is
0.175059219
Time elapsed for writing emissions is
0.609302375
Time elapsed for writing reliability is
0.244070937
Time elapsed for writing storage duals is
1.03755836
Time elapsed for writing commitment is
0.231876773
Time elapsed for writing startup is
0.047246024
Time elapsed for writing shutdown is
0.046121292
Time elapsed for writing fuel consumption is
1.304754503
Time elapsed for writing co2 is
0.212826254
Time elapsed for writing price is
0.112362175
Time elapsed for writing energy revenue is
0.564533486
Time elapsed for writing charging cost is
0.267561673
Time elapsed for writing subsidy is
0.276632582
Time elapsed for writing time weights is
0.081515263
Time elapsed for writing esr prices is
0.175056489
Time elapsed for writing esr revenue is
0.426657781
Time elapsed for writing reserve margin is
1.42851377
Time elapsed for writing reserve margin with weights is
0.246602552
Time elapsed for writing virtual discharge is
0.165226029
Time elapsed for writing reserve revenue is
1.284835443
Time elapsed for writing capacity value is
2.356834352
Time elapsed for writing co2 cap is
0.101785313
Time elapsed for writing net revenue is
1.389926052
Wrote outputs to /home/gm1710/GenX/example_systems/AZ/base_high_ghg/results/results_p1
Time elapsed for writing costs is
0.634867866
Time elapsed for writing capacity is
0.003284017
Time elapsed for writing power is
0.143719116
Time elapsed for writing charge is
0.020052941
Time elapsed for writing storage is
0.026514962
Time elapsed for writing curtailment is
0.149570689
Time elapsed for writing nse is
0.063028056
Time elapsed for writing power balance is
0.18555251
Time elapsed for writing transmission flows is
0.010939631
Time elapsed for writing transmission losses is
0.015720392
Time elapsed for writing emissions is
0.063297086
Time elapsed for writing reliability is
0.006739234
Time elapsed for writing storage duals is
0.049525578
Time elapsed for writing commitment is
0.036751184
Time elapsed for writing startup is
0.034561959
Time elapsed for writing shutdown is
0.03519732
Time elapsed for writing fuel consumption is
0.38126071
Time elapsed for writing co2 is
1.146957827
Time elapsed for writing price is
0.008186297
Time elapsed for writing energy revenue is
0.104243498
Time elapsed for writing charging cost is
0.015671251
Time elapsed for writing subsidy is
0.001806594
Time elapsed for writing time weights is
0.000792381
Time elapsed for writing esr prices is
0.000998682
Time elapsed for writing esr revenue is
0.000921132
Time elapsed for writing reserve margin is
0.004495359
Time elapsed for writing reserve margin with weights is
0.003358167
Time elapsed for writing virtual discharge is
0.029477769
Time elapsed for writing reserve revenue is
0.178389955
Time elapsed for writing capacity value is
0.075435341
Time elapsed for writing co2 cap is
0.000659271
Time elapsed for writing net revenue is
0.137559935
Wrote outputs to /home/gm1710/GenX/example_systems/AZ/base_high_ghg/results/results_p2
Time elapsed for writing costs is
0.714160385
Time elapsed for writing capacity is
0.003973038
Time elapsed for writing power is
0.184658258
Time elapsed for writing charge is
0.024216989
Time elapsed for writing storage is
0.030780971
Time elapsed for writing curtailment is
0.199017907
Time elapsed for writing nse is
0.088921558
Time elapsed for writing power balance is
0.243406615
Time elapsed for writing transmission flows is
0.012690975
Time elapsed for writing transmission losses is
0.016631824
Time elapsed for writing emissions is
0.063269336
Time elapsed for writing reliability is
0.008420907
Time elapsed for writing storage duals is
0.066247542
Time elapsed for writing commitment is
0.053065966
Time elapsed for writing startup is
0.048765857
Time elapsed for writing shutdown is
0.053453747
Time elapsed for writing fuel consumption is
0.489492316
Time elapsed for writing co2 is
0.141663663
Time elapsed for writing price is
0.008807477
Time elapsed for writing energy revenue is
0.122461945
Time elapsed for writing charging cost is
0.018194796
Time elapsed for writing subsidy is
0.002613795
Time elapsed for writing time weights is
0.000916102
Time elapsed for writing esr prices is
0.002091594
Time elapsed for writing esr revenue is
0.001833794
Time elapsed for writing reserve margin is
0.00498573
Time elapsed for writing reserve margin with weights is
0.003300126
Time elapsed for writing virtual discharge is
0.032594085
Time elapsed for writing reserve revenue is
0.206517082
Time elapsed for writing capacity value is
0.146129532
Time elapsed for writing co2 cap is
0.000591641
Time elapsed for writing net revenue is
0.160760041
Wrote outputs to /home/gm1710/GenX/example_systems/AZ/base_high_ghg/results/results_p3
Time elapsed for writing costs is
0.714469115
Time elapsed for writing capacity is
0.003315767
Time elapsed for writing power is
0.181948203
Time elapsed for writing charge is
0.022221094
Time elapsed for writing storage is
0.028674797
Time elapsed for writing curtailment is
0.194827279
Time elapsed for writing nse is
0.07529582
Time elapsed for writing power balance is
0.224001627
Time elapsed for writing transmission flows is
0.012068324
Time elapsed for writing transmission losses is
0.015514141
Time elapsed for writing emissions is
0.061841963
Time elapsed for writing reliability is
0.008671728
Time elapsed for writing storage duals is
0.06523241
Time elapsed for writing commitment is
0.061251972
Time elapsed for writing startup is
0.050919161
Time elapsed for writing shutdown is
0.052260115
Time elapsed for writing fuel consumption is
0.487674073
Time elapsed for writing co2 is
0.141743012
Time elapsed for writing price is
0.008943418
Time elapsed for writing energy revenue is
0.126798283
Time elapsed for writing charging cost is
0.016245863
Time elapsed for writing subsidy is
0.002326974
Time elapsed for writing time weights is
0.000485031
Time elapsed for writing esr prices is
0.000295361
Time elapsed for writing esr revenue is
0.001776283
Time elapsed for writing reserve margin is
0.005283321
Time elapsed for writing reserve margin with weights is
0.003645747
Time elapsed for writing virtual discharge is
0.031877664
Time elapsed for writing reserve revenue is
0.197125243
Time elapsed for writing capacity value is
0.105688671
Time elapsed for writing co2 cap is
0.000563101
Time elapsed for writing net revenue is
0.156497202
Wrote outputs to /home/gm1710/GenX/example_systems/AZ/base_high_ghg/results/results_p4
Time elapsed for writing costs is
0.683727974
Time elapsed for writing capacity is
0.003166086
Time elapsed for writing power is
0.16558116
Time elapsed for writing charge is
0.025583511
Time elapsed for writing storage is
0.027993626
Time elapsed for writing curtailment is
0.182128674
Time elapsed for writing nse is
3.611694034
Time elapsed for writing power balance is
0.206237571
Time elapsed for writing transmission flows is
0.011500914
Time elapsed for writing transmission losses is
0.016911733
Time elapsed for writing emissions is
0.060789961
Time elapsed for writing reliability is
0.008697437
Time elapsed for writing storage duals is
0.062497715
Time elapsed for writing commitment is
0.052635775
Time elapsed for writing startup is
0.047267844
Time elapsed for writing shutdown is
0.047512045
Time elapsed for writing fuel consumption is
0.508554524
Time elapsed for writing co2 is
0.156302812
Time elapsed for writing price is
0.008732597
Time elapsed for writing energy revenue is
0.137662615
Time elapsed for writing charging cost is
0.024141278
Time elapsed for writing subsidy is
0.003535247
Time elapsed for writing time weights is
0.000817472
Time elapsed for writing esr prices is
0.000408351
Time elapsed for writing esr revenue is
0.001126872
Time elapsed for writing reserve margin is
┌ Warning: WriteIntermittentOutputs is not supported for non-myopic multistage models. Setting WriteIntermittentOutputs to 0 in the multistage settings.
└ @ GenX ~/GenX/src/configure_settings/configure_settings.jl:220
[ Info: Hydro.csv Successfully Read.
[ Info: Thermal.csv Successfully Read.
[ Info: Vre.csv Successfully Read.
[ Info: Storage.csv Successfully Read.
[ Info: Must_run.csv Successfully Read.
[ Info: Resource_energy_share_requirement.csv Successfully Read.
[ Info: Resource_capacity_reserve_margin.csv Successfully Read.
[ Info: Resource_minimum_capacity_requirement.csv Successfully Read.
[ Info: Multistage data successfully read.
[ Info: Using the CO2 module to determine the CO2 emissions of CCS-equipped plants
[ Info: Hydro.csv Successfully Read.
[ Info: Thermal.csv Successfully Read.
[ Info: Vre.csv Successfully Read.
[ Info: Storage.csv Successfully Read.
[ Info: Must_run.csv Successfully Read.
[ Info: Resource_energy_share_requirement.csv Successfully Read.
[ Info: Resource_capacity_reserve_margin.csv Successfully Read.
[ Info: Resource_minimum_capacity_requirement.csv Successfully Read.
[ Info: Multistage data successfully read.
[ Info: Using the CO2 module to determine the CO2 emissions of CCS-equipped plants
[ Info: Hydro.csv Successfully Read.
[ Info: Thermal.csv Successfully Read.
[ Info: Vre.csv Successfully Read.
[ Info: Storage.csv Successfully Read.
[ Info: Must_run.csv Successfully Read.
[ Info: Resource_energy_share_requirement.csv Successfully Read.
[ Info: Resource_capacity_reserve_margin.csv Successfully Read.
[ Info: Resource_minimum_capacity_requirement.csv Successfully Read.
[ Info: Multistage data successfully read.
[ Info: Using the CO2 module to determine the CO2 emissions of CCS-equipped plants
[ Info: Hydro.csv Successfully Read.
[ Info: Thermal.csv Successfully Read.
[ Info: Vre.csv Successfully Read.
[ Info: Storage.csv Successfully Read.
[ Info: Must_run.csv Successfully Read.
[ Info: Resource_energy_share_requirement.csv Successfully Read.
[ Info: Resource_capacity_reserve_margin.csv Successfully Read.
[ Info: Resource_minimum_capacity_requirement.csv Successfully Read.
[ Info: Multistage data successfully read.
[ Info: Using the CO2 module to determine the CO2 emissions of CCS-equipped plants
[ Info: Hydro.csv Successfully Read.
[ Info: Thermal.csv Successfully Read.
[ Info: Vre.csv Successfully Read.
[ Info: Storage.csv Successfully Read.
[ Info: Must_run.csv Successfully Read.
[ Info: Resource_energy_share_requirement.csv Successfully Read.
[ Info: Resource_capacity_reserve_margin.csv Successfully Read.
[ Info: Resource_minimum_capacity_requirement.csv Successfully Read.
[ Info: Multistage data successfully read.
[ Info: Using the CO2 module to determine the CO2 emissions of CCS-equipped plants
[ Info: Hydro.csv Successfully Read.
[ Info: Thermal.csv Successfully Read.
[ Info: Vre.csv Successfully Read.
[ Info: Storage.csv Successfully Read.
[ Info: Must_run.csv Successfully Read.
[ Info: Resource_energy_share_requirement.csv Successfully Read.
[ Info: Resource_capacity_reserve_margin.csv Successfully Read.
[ Info: Resource_minimum_capacity_requirement.csv Successfully Read.
[ Info: Multistage data successfully read.
[ Info: Using the CO2 module to determine the CO2 emissions of CCS-equipped plants
[ Info: Hydro.csv Successfully Read.
[ Info: Thermal.csv Successfully Read.
[ Info: Vre.csv Successfully Read.
[ Info: Storage.csv Successfully Read.
[ Info: Must_run.csv Successfully Read.
[ Info: Resource_energy_share_requirement.csv Successfully Read.
[ Info: Resource_capacity_reserve_margin.csv Successfully Read.
[ Info: Resource_minimum_capacity_requirement.csv Successfully Read.
[ Info: Multistage data successfully read.
[ Info: Using the CO2 module to determine the CO2 emissions of CCS-equipped plants
[ Info: Hydro.csv Successfully Read.
[ Info: Thermal.csv Successfully Read.
[ Info: Vre.csv Successfully Read.
[ Info: Storage.csv Successfully Read.
[ Info: Must_run.csv Successfully Read.
[ Info: Resource_energy_share_requirement.csv Successfully Read.
[ Info: Resource_capacity_reserve_margin.csv Successfully Read.
[ Info: Resource_minimum_capacity_requirement.csv Successfully Read.
[ Info: Multistage data successfully read.
[ Info: Using the CO2 module to determine the CO2 emissions of CCS-equipped plants
[ Info: Hydro.csv Successfully Read.
[ Info: Thermal.csv Successfully Read.
[ Info: Vre.csv Successfully Read.
[ Info: Storage.csv Successfully Read.
[ Info: Must_run.csv Successfully Read.
[ Info: Resource_energy_share_requirement.csv Successfully Read.
[ Info: Resource_capacity_reserve_margin.csv Successfully Read.
[ Info: Resource_minimum_capacity_requirement.csv Successfully Read.
[ Info: Multistage data successfully read.
[ Info: Using the CO2 module to determine the CO2 emissions of CCS-equipped plants
[ Info: Hydro.csv Successfully Read.
[ Info: Thermal.csv Successfully Read.
[ Info: Vre.csv Successfully Read.
[ Info: Storage.csv Successfully Read.
[ Info: Must_run.csv Successfully Read.
[ Info: Resource_energy_share_requirement.csv Successfully Read.
[ Info: Resource_capacity_reserve_margin.csv Successfully Read.
[ Info: Resource_minimum_capacity_requirement.csv Successfully Read.
[ Info: Multistage data successfully read.
[ Info: Using the CO2 module to determine the CO2 emissions of CCS-equipped plants
[ Info: Hydro.csv Successfully Read.
[ Info: Thermal.csv Successfully Read.
[ Info: Vre.csv Successfully Read.
[ Info: Storage.csv Successfully Read.
[ Info: Must_run.csv Successfully Read.
[ Info: Resource_energy_share_requirement.csv Successfully Read.
[ Info: Resource_capacity_reserve_margin.csv Successfully Read.
[ Info: Resource_minimum_capacity_requirement.csv Successfully Read.
[ Info: Multistage data successfully read.
[ Info: Using the CO2 module to determine the CO2 emissions of CCS-equipped plants
[ Info: Hydro.csv Successfully Read.
[ Info: Thermal.csv Successfully Read.
[ Info: Vre.csv Successfully Read.
[ Info: Storage.csv Successfully Read.
[ Info: Must_run.csv Successfully Read.
[ Info: Resource_energy_share_requirement.csv Successfully Read.
[ Info: Resource_capacity_reserve_margin.csv Successfully Read.
[ Info: Resource_minimum_capacity_requirement.csv Successfully Read.
[ Info: Multistage data successfully read.
[ Info: Using the CO2 module to determine the CO2 emissions of CCS-equipped plants
[ Info: Hydro.csv Successfully Read.
[ Info: Thermal.csv Successfully Read.
[ Info: Vre.csv Successfully Read.
[ Info: Storage.csv Successfully Read.
[ Info: Must_run.csv Successfully Read.
[ Info: Resource_energy_share_requirement.csv Successfully Read.
[ Info: Resource_capacity_reserve_margin.csv Successfully Read.
[ Info: Resource_minimum_capacity_requirement.csv Successfully Read.
[ Info: Multistage data successfully read.
[ Info: Using the CO2 module to determine the CO2 emissions of CCS-equipped plants
[ Info: Hydro.csv Successfully Read.
[ Info: Thermal.csv Successfully Read.
[ Info: Vre.csv Successfully Read.
[ Info: Storage.csv Successfully Read.
[ Info: Must_run.csv Successfully Read.
[ Info: Resource_energy_share_requirement.csv Successfully Read.
[ Info: Resource_capacity_reserve_margin.csv Successfully Read.
[ Info: Resource_minimum_capacity_requirement.csv Successfully Read.
[ Info: Multistage data successfully read.
[ Info: Using the CO2 module to determine the CO2 emissions of CCS-equipped plants
[ Info: Hydro.csv Successfully Read.
[ Info: Thermal.csv Successfully Read.
[ Info: Vre.csv Successfully Read.
[ Info: Storage.csv Successfully Read.
[ Info: Must_run.csv Successfully Read.
[ Info: Resource_energy_share_requirement.csv Successfully Read.
[ Info: Resource_capacity_reserve_margin.csv Successfully Read.
[ Info: Resource_minimum_capacity_requirement.csv Successfully Read.
[ Info: Multistage data successfully read.
[ Info: Using the CO2 module to determine the CO2 emissions of CCS-equipped plants
[ Info: Hydro.csv Successfully Read.
[ Info: Thermal.csv Successfully Read.
[ Info: Vre.csv Successfully Read.
[ Info: Storage.csv Successfully Read.
[ Info: Must_run.csv Successfully Read.
[ Info: Resource_energy_share_requirement.csv Successfully Read.
[ Info: Resource_capacity_reserve_margin.csv Successfully Read.
[ Info: Resource_minimum_capacity_requirement.csv Successfully Read.
[ Info: Multistage data successfully read.
[ Info: Using the CO2 module to determine the CO2 emissions of CCS-equipped plants
[ Info: Hydro.csv Successfully Read.
[ Info: Thermal.csv Successfully Read.
[ Info: Vre.csv Successfully Read.
[ Info: Storage.csv Successfully Read.
[ Info: Must_run.csv Successfully Read.
[ Info: Resource_energy_share_requirement.csv Successfully Read.
[ Info: Resource_capacity_reserve_margin.csv Successfully Read.
[ Info: Resource_minimum_capacity_requirement.csv Successfully Read.
[ Info: Multistage data successfully read.
[ Info: Using the CO2 module to determine the CO2 emissions of CCS-equipped plants
┌ Warning: The cost calculation of the multi-stage GenX is approximate currently, and we will be refining it more in one of the future releases.
└ @ GenX ~/GenX/src/multi_stage/write_multi_stage_costs.jl:58
0.005913412
Time elapsed for writing reserve margin with weights is
0.003721287
Time elapsed for writing virtual discharge is
0.042443975
Time elapsed for writing reserve revenue is
0.251896802
Time elapsed for writing capacity value is
0.154168148
Time elapsed for writing co2 cap is
0.000859861
Time elapsed for writing net revenue is
0.192937235
Wrote outputs to /home/gm1710/GenX/example_systems/AZ/base_high_ghg/results/results_p5
Time elapsed for writing costs is
0.712342071
Time elapsed for writing capacity is
0.002999646
Time elapsed for writing power is
0.159031328
Time elapsed for writing charge is
0.021217832
Time elapsed for writing storage is
0.02991677
Time elapsed for writing curtailment is
0.183180755
Time elapsed for writing nse is
0.071250752
Time elapsed for writing power balance is
0.205770291
Time elapsed for writing transmission flows is
0.009920889
Time elapsed for writing transmission losses is
0.015141931
Time elapsed for writing emissions is
0.059757969
Time elapsed for writing reliability is
0.008348637
Time elapsed for writing storage duals is
0.060048819
Time elapsed for writing commitment is
0.045261701
Time elapsed for writing startup is
0.043439616
Time elapsed for writing shutdown is
0.044293699
Time elapsed for writing fuel consumption is
0.488544594
Time elapsed for writing co2 is
0.119115898
Time elapsed for writing price is
0.009312379
Time elapsed for writing energy revenue is
0.117128273
Time elapsed for writing charging cost is
0.017634915
Time elapsed for writing subsidy is
0.001680054
Time elapsed for writing time weights is
0.000469571
Time elapsed for writing esr prices is
0.00030605
Time elapsed for writing esr revenue is
0.000908792
Time elapsed for writing reserve margin is
0.009014678
Time elapsed for writing reserve margin with weights is
0.003183897
Time elapsed for writing virtual discharge is
0.032434724
Time elapsed for writing reserve revenue is
0.198092755
Time elapsed for writing capacity value is
0.098713877
Time elapsed for writing co2 cap is
0.000529271
Time elapsed for writing net revenue is
0.172622085
Wrote outputs to /home/gm1710/GenX/example_systems/AZ/base_high_ghg/results/results_p6
Time elapsed for writing costs is
0.699338495
Time elapsed for writing capacity is
0.002635235
Time elapsed for writing power is
0.193764697
Time elapsed for writing charge is
0.029304968
Time elapsed for writing storage is
0.029554319
Time elapsed for writing curtailment is
0.232996125
Time elapsed for writing nse is
0.103314996
Time elapsed for writing power balance is
0.28600358
Time elapsed for writing transmission flows is
0.015173781
Time elapsed for writing transmission losses is
0.024120808
Time elapsed for writing emissions is
0.080746941
Time elapsed for writing reliability is
0.01032443
Time elapsed for writing storage duals is
0.08070203
Time elapsed for writing commitment is
0.061958473
Time elapsed for writing startup is
0.057117304
Time elapsed for writing shutdown is
0.06007566
Time elapsed for writing fuel consumption is
0.515604979
Time elapsed for writing co2 is
0.16551503
Time elapsed for writing price is
0.008807707
Time elapsed for writing energy revenue is
0.120456831
Time elapsed for writing charging cost is
0.019269998
Time elapsed for writing subsidy is
0.002243545
Time elapsed for writing time weights is
0.000820651
Time elapsed for writing esr prices is
0.000709272
Time elapsed for writing esr revenue is
0.001841463
Time elapsed for writing reserve margin is
0.00494152
Time elapsed for writing reserve margin with weights is
0.002982076
Time elapsed for writing virtual discharge is
0.034448039
Time elapsed for writing reserve revenue is
0.208395836
Time elapsed for writing capacity value is
0.114772759
Time elapsed for writing co2 cap is
0.000654001
Time elapsed for writing net revenue is
30.584285999
Wrote outputs to /home/gm1710/GenX/example_systems/AZ/base_high_ghg/results/results_p7
Time elapsed for writing costs is
0.617053931
Time elapsed for writing capacity is
0.002783726
Time elapsed for writing power is
0.157848752
Time elapsed for writing charge is
0.020490021
Time elapsed for writing storage is
0.024979339
Time elapsed for writing curtailment is
0.191284349
Time elapsed for writing nse is
0.093257345
Time elapsed for writing power balance is
0.227902081
Time elapsed for writing transmission flows is
0.010735241
Time elapsed for writing transmission losses is
0.015912851
Time elapsed for writing emissions is
0.062317814
Time elapsed for writing reliability is
0.008210156
Time elapsed for writing storage duals is
0.058029855
Time elapsed for writing commitment is
0.051957673
Time elapsed for writing startup is
0.047607254
Time elapsed for writing shutdown is
0.049198077
Time elapsed for writing fuel consumption is
0.55036861
Time elapsed for writing co2 is
0.123461584
Time elapsed for writing price is
0.008187647
Time elapsed for writing energy revenue is
0.127394962
Time elapsed for writing charging cost is
0.018481216
Time elapsed for writing subsidy is
0.001702014
Time elapsed for writing time weights is
0.000493021
Time elapsed for writing esr prices is
0.00031641
Time elapsed for writing esr revenue is
0.001317563
Time elapsed for writing reserve margin is
0.004663949
Time elapsed for writing reserve margin with weights is
0.003259307
Time elapsed for writing virtual discharge is
0.03571105
Time elapsed for writing reserve revenue is
0.20710893
Time elapsed for writing capacity value is
0.105470909
Time elapsed for writing co2 cap is
0.000484771
Time elapsed for writing net revenue is
0.162224091
Wrote outputs to /home/gm1710/GenX/example_systems/AZ/base_high_ghg/results/results_p8
Time elapsed for writing costs is
0.615487979
Time elapsed for writing capacity is
0.002656805
Time elapsed for writing power is
0.161191539
Time elapsed for writing charge is
0.021465943
Time elapsed for writing storage is
0.027088713
Time elapsed for writing curtailment is
0.187549351
Time elapsed for writing nse is
0.074844388
Time elapsed for writing power balance is
0.216734619
Time elapsed for writing transmission flows is
0.012037994
Time elapsed for writing transmission losses is
0.017628204
Time elapsed for writing emissions is
0.059547358
Time elapsed for writing reliability is
0.009000158
Time elapsed for writing storage duals is
0.075954711
Time elapsed for writing commitment is
0.049620428
Time elapsed for writing startup is
0.046542892
Time elapsed for writing shutdown is
0.043589076
Time elapsed for writing fuel consumption is
0.456282603
Time elapsed for writing co2 is
0.142163502
Time elapsed for writing price is
0.008545117
Time elapsed for writing energy revenue is
0.115155478
Time elapsed for writing charging cost is
0.017980955
Time elapsed for writing subsidy is
0.001767764
Time elapsed for writing time weights is
0.000537271
Time elapsed for writing esr prices is
0.000495141
Time elapsed for writing esr revenue is
0.000983742
Time elapsed for writing reserve margin is
0.00519661
Time elapsed for writing reserve margin with weights is
0.002904866
Time elapsed for writing virtual discharge is
0.032103414
Time elapsed for writing reserve revenue is
0.208748003
Time elapsed for writing capacity value is
0.104967648
Time elapsed for writing co2 cap is
0.000576621
Time elapsed for writing net revenue is
0.159610196
Wrote outputs to /home/gm1710/GenX/example_systems/AZ/base_high_ghg/results/results_p9
Time elapsed for writing costs is
0.658049163
Time elapsed for writing capacity is
0.002660885
Time elapsed for writing power is
0.167933282
Time elapsed for writing charge is
0.022531434
Time elapsed for writing storage is
0.027909995
Time elapsed for writing curtailment is
0.188084943
Time elapsed for writing nse is
0.083133114
Time elapsed for writing power balance is
0.219247904
Time elapsed for writing transmission flows is
0.011007122
Time elapsed for writing transmission losses is
0.018278906
Time elapsed for writing emissions is
0.06023562
Time elapsed for writing reliability is
0.007552754
Time elapsed for writing storage duals is
0.064177388
Time elapsed for writing commitment is
0.050434669
Time elapsed for writing startup is
0.044350748
Time elapsed for writing shutdown is
0.045876991
Time elapsed for writing fuel consumption is
0.617017391
Time elapsed for writing co2 is
0.936016073
Time elapsed for writing price is
0.007960046
Time elapsed for writing energy revenue is
0.112691373
Time elapsed for writing charging cost is
0.017198164
Time elapsed for writing subsidy is
0.001560653
Time elapsed for writing time weights is
0.000452491
Time elapsed for writing esr prices is
0.000384541
Time elapsed for writing esr revenue is
0.001041882
Time elapsed for writing reserve margin is
0.004522719
Time elapsed for writing reserve margin with weights is
0.003051636
Time elapsed for writing virtual discharge is
0.031362882
Time elapsed for writing reserve revenue is
0.207585291
Time elapsed for writing capacity value is
0.12652872
Time elapsed for writing co2 cap is
0.000574491
Time elapsed for writing net revenue is
0.170442387
Wrote outputs to /home/gm1710/GenX/example_systems/AZ/base_high_ghg/results/results_p10
Time elapsed for writing costs is
0.726386838
Time elapsed for writing capacity is
0.003284247
Time elapsed for writing power is
0.205903807
Time elapsed for writing charge is
0.02517257
Time elapsed for writing storage is
0.029068807
Time elapsed for writing curtailment is
0.214445475
Time elapsed for writing nse is
0.093845716
Time elapsed for writing power balance is
0.23753527
Time elapsed for writing transmission flows is
0.014435289
Time elapsed for writing transmission losses is
0.017253504
Time elapsed for writing emissions is
0.065518029
Time elapsed for writing reliability is
0.008757718
Time elapsed for writing storage duals is
0.064085857
Time elapsed for writing commitment is
0.055203959
Time elapsed for writing startup is
0.05039933
Time elapsed for writing shutdown is
0.048004945
Time elapsed for writing fuel consumption is
0.482522615
Time elapsed for writing co2 is
0.118258534
Time elapsed for writing price is
0.008982398
Time elapsed for writing energy revenue is
0.119918557
Time elapsed for writing charging cost is
0.018191126
Time elapsed for writing subsidy is
0.001665794
Time elapsed for writing time weights is
0.000546671
Time elapsed for writing esr prices is
0.00032774
Time elapsed for writing esr revenue is
0.000958252
Time elapsed for writing reserve margin is
0.006139222
Time elapsed for writing reserve margin with weights is
0.004561489
Time elapsed for writing virtual discharge is
0.033907718
Time elapsed for writing reserve revenue is
0.210047995
Time elapsed for writing capacity value is
0.099665938
Time elapsed for writing co2 cap is
0.000573741
Time elapsed for writing net revenue is
0.160963798
Wrote outputs to /home/gm1710/GenX/example_systems/AZ/base_high_ghg/results/results_p11
Time elapsed for writing costs is
0.664380035
Time elapsed for writing capacity is
0.002631985
Time elapsed for writing power is
0.17188845
Time elapsed for writing charge is
0.022803795
Time elapsed for writing storage is
0.028076666
Time elapsed for writing curtailment is
0.185069196
Time elapsed for writing nse is
0.074751258
Time elapsed for writing power balance is
0.234749595
Time elapsed for writing transmission flows is
0.011392653
Time elapsed for writing transmission losses is
0.016476642
Time elapsed for writing emissions is
0.067861965
Time elapsed for writing reliability is
0.009540288
Time elapsed for writing storage duals is
0.071792923
Time elapsed for writing commitment is
0.059643658
Time elapsed for writing startup is
0.057734404
Time elapsed for writing shutdown is
0.054943589
Time elapsed for writing fuel consumption is
0.580289498
Time elapsed for writing co2 is
0.177654822
Time elapsed for writing price is
0.01020673
Time elapsed for writing energy revenue is
0.162784043
Time elapsed for writing charging cost is
0.025690771
Time elapsed for writing subsidy is
0.002122194
Time elapsed for writing time weights is
0.000494571
Time elapsed for writing esr prices is
0.0003461
Time elapsed for writing esr revenue is
0.001136643
Time elapsed for writing reserve margin is
0.005994092
Time elapsed for writing reserve margin with weights is
0.003566047
Time elapsed for writing virtual discharge is
0.050297489
Time elapsed for writing reserve revenue is
0.381354635
Time elapsed for writing capacity value is
0.114116026
Time elapsed for writing co2 cap is
0.000557161
Time elapsed for writing net revenue is
0.203685763
Wrote outputs to /home/gm1710/GenX/example_systems/AZ/base_high_ghg/results/results_p12
Time elapsed for writing costs is
0.730317946
Time elapsed for writing capacity is
0.002815025
Time elapsed for writing power is
0.183797334
Time elapsed for writing charge is
0.023168106
Time elapsed for writing storage is
0.028901127
Time elapsed for writing curtailment is
1.053649266
Time elapsed for writing nse is
0.083825506
Time elapsed for writing power balance is
0.219351894
Time elapsed for writing transmission flows is
0.00985039
Time elapsed for writing transmission losses is
0.014272998
Time elapsed for writing emissions is
0.058468176
Time elapsed for writing reliability is
0.008361536
Time elapsed for writing storage duals is
0.052318604
Time elapsed for writing commitment is
0.046606142
Time elapsed for writing startup is
0.044729459
Time elapsed for writing shutdown is
0.047399253
Time elapsed for writing fuel consumption is
0.516472463
Time elapsed for writing co2 is
0.126900391
Time elapsed for writing price is
0.01009408
Time elapsed for writing energy revenue is
0.143638824
Time elapsed for writing charging cost is
0.020869732
Time elapsed for writing subsidy is
0.001914443
Time elapsed for writing time weights is
0.000459301
Time elapsed for writing esr prices is
0.000308791
Time elapsed for writing esr revenue is
0.001069032
Time elapsed for writing reserve margin is
0.006075582
Time elapsed for writing reserve margin with weights is
0.003008686
Time elapsed for writing virtual discharge is
0.037567785
Time elapsed for writing reserve revenue is
0.234614104
Time elapsed for writing capacity value is
0.10099084
Time elapsed for writing co2 cap is
0.000576471
Time elapsed for writing net revenue is
0.190346627
Wrote outputs to /home/gm1710/GenX/example_systems/AZ/base_high_ghg/results/results_p13
Time elapsed for writing costs is
0.76286019
Time elapsed for writing capacity is
0.002829026
Time elapsed for writing power is
0.186309139
Time elapsed for writing charge is
0.024818429
Time elapsed for writing storage is
0.029763929
Time elapsed for writing curtailment is
0.198305392
Time elapsed for writing nse is
0.081010721
Time elapsed for writing power balance is
0.224372574
Time elapsed for writing transmission flows is
0.012043694
Time elapsed for writing transmission losses is
0.016965623
Time elapsed for writing emissions is
0.063004525
Time elapsed for writing reliability is
0.009274298
Time elapsed for writing storage duals is
0.063749876
Time elapsed for writing commitment is
0.052509584
Time elapsed for writing startup is
0.049866308
Time elapsed for writing shutdown is
0.052419354
Time elapsed for writing fuel consumption is
0.503836157
Time elapsed for writing co2 is
0.164756607
Time elapsed for writing price is
0.009537219
Time elapsed for writing energy revenue is
0.126223889
Time elapsed for writing charging cost is
0.019439539
Time elapsed for writing subsidy is
0.002135504
Time elapsed for writing time weights is
0.000577451
Time elapsed for writing esr prices is
0.000383381
Time elapsed for writing esr revenue is
0.000997892
Time elapsed for writing reserve margin is
0.005336791
Time elapsed for writing reserve margin with weights is
0.002938715
Time elapsed for writing virtual discharge is
0.03529619
Time elapsed for writing reserve revenue is
0.219398025
Time elapsed for writing capacity value is
0.101597941
Time elapsed for writing co2 cap is
0.000620021
Time elapsed for writing net revenue is
0.180024956
Wrote outputs to /home/gm1710/GenX/example_systems/AZ/base_high_ghg/results/results_p14
Time elapsed for writing costs is
0.705368606
Time elapsed for writing capacity is
0.002899146
Time elapsed for writing power is
0.176490949
Time elapsed for writing charge is
0.023027986
Time elapsed for writing storage is
0.028250986
Time elapsed for writing curtailment is
0.191061718
Time elapsed for writing nse is
0.078443476
Time elapsed for writing power balance is
0.230822246
Time elapsed for writing transmission flows is
0.011830274
Time elapsed for writing transmission losses is
0.016429252
Time elapsed for writing emissions is
0.063041885
Time elapsed for writing reliability is
0.00999698
Time elapsed for writing storage duals is
0.066647092
Time elapsed for writing commitment is
0.053217825
Time elapsed for writing startup is
0.052670675
Time elapsed for writing shutdown is
0.051127081
Time elapsed for writing fuel consumption is
0.515665201
Time elapsed for writing co2 is
0.13675521
Time elapsed for writing price is
0.009422629
Time elapsed for writing energy revenue is
0.132361302
Time elapsed for writing charging cost is
0.019135008
Time elapsed for writing subsidy is
0.001843064
Time elapsed for writing time weights is
0.000537131
Time elapsed for writing esr prices is
0.00033405
Time elapsed for writing esr revenue is
0.001028002
Time elapsed for writing reserve margin is
0.005415671
Time elapsed for writing reserve margin with weights is
0.002987586
Time elapsed for writing virtual discharge is
0.034395768
Time elapsed for writing reserve revenue is
0.225590757
Time elapsed for writing capacity value is
0.109877567
Time elapsed for writing co2 cap is
0.645189387
Time elapsed for writing net revenue is
0.174827616
Wrote outputs to /home/gm1710/GenX/example_systems/AZ/base_high_ghg/results/results_p15
Time elapsed for writing costs is
0.705815447
Time elapsed for writing capacity is
0.003054296
Time elapsed for writing power is
0.179829276
Time elapsed for writing charge is
0.023515976
Time elapsed for writing storage is
0.028873857
Time elapsed for writing curtailment is
0.210543697
Time elapsed for writing nse is
0.094369777
Time elapsed for writing power balance is
0.261709238
Time elapsed for writing transmission flows is
0.012176024
Time elapsed for writing transmission losses is
0.017911905
Time elapsed for writing emissions is
0.069190257
Time elapsed for writing reliability is
0.0099476
Time elapsed for writing storage duals is
0.070291869
Time elapsed for writing commitment is
0.054719369
Time elapsed for writing startup is
0.054864598
Time elapsed for writing shutdown is
0.057609824
Time elapsed for writing fuel consumption is
0.582579093
Time elapsed for writing co2 is
0.163449403
Time elapsed for writing price is
0.010597051
Time elapsed for writing energy revenue is
0.137838603
Time elapsed for writing charging cost is
0.020796061
Time elapsed for writing subsidy is
0.004049498
Time elapsed for writing time weights is
0.000587771
Time elapsed for writing esr prices is
0.000313911
Time elapsed for writing esr revenue is
0.001238202
Time elapsed for writing reserve margin is
0.005922822
Time elapsed for writing reserve margin with weights is
0.003240637
Time elapsed for writing virtual discharge is
0.037794424
Time elapsed for writing reserve revenue is
0.246845409
Time elapsed for writing capacity value is
0.11126065
Time elapsed for writing co2 cap is
0.000598972
Time elapsed for writing net revenue is
0.184945696
Wrote outputs to /home/gm1710/GenX/example_systems/AZ/base_high_ghg/results/results_p16
Time elapsed for writing costs is
0.707083159
Time elapsed for writing capacity is
0.003036976
Time elapsed for writing power is
0.182260621
Time elapsed for writing charge is
0.024579559
Time elapsed for writing storage is
0.028953667
Time elapsed for writing curtailment is
0.193387033
Time elapsed for writing nse is
0.081546481
Time elapsed for writing power balance is
0.2424532
Time elapsed for writing transmission flows is
0.011249092
Time elapsed for writing transmission losses is
0.016046232
Time elapsed for writing emissions is
0.066653742
Time elapsed for writing reliability is
0.009640629
Time elapsed for writing storage duals is
0.064237408
Time elapsed for writing commitment is
0.048500706
Time elapsed for writing startup is
0.046221921
Time elapsed for writing shutdown is
0.049972279
Time elapsed for writing fuel consumption is
0.557209603
Time elapsed for writing co2 is
0.178555413
Time elapsed for writing price is
0.01012645
Time elapsed for writing energy revenue is
0.150558899
Time elapsed for writing charging cost is
0.024881619
Time elapsed for writing subsidy is
0.001911734
Time elapsed for writing time weights is
0.00044776
Time elapsed for writing esr prices is
0.00035754
Time elapsed for writing esr revenue is
0.001218073
Time elapsed for writing reserve margin is
0.006098292
Time elapsed for writing reserve margin with weights is
0.003408116
Time elapsed for writing virtual discharge is
0.046570013
Time elapsed for writing reserve revenue is
0.281033656
Time elapsed for writing capacity value is
0.109945638
Time elapsed for writing co2 cap is
0.000631891
Time elapsed for writing net revenue is
0.216561509
Wrote outputs to /home/gm1710/GenX/example_systems/AZ/base_high_ghg/results/results_p17
