I must not fear. Fear is the mind-killer.

Loading GenX
  Loading requirement: gurobi/12.0.0 julia/1.11.3

libgomp: Invalid value for environment variable OMP_NUM_THREADS: invalid
Set parameter LicenseID to value 197246
Set parameter GURO_PAR_SPECIAL
Set parameter TokenServer to value "license.rc.princeton.edu"
Set parameter FeasibilityTol to value 1e-06
Set parameter PreDual to value -1
Set parameter Method to value 2
Set parameter Crossover to value 1
Set parameter TimeLimit to value 1e+100
Set parameter OutputFlag to value 1
Set parameter NumericFocus to value 0
Set parameter MIPGap to value 0.001
Set parameter OptimalityTol to value 0.0001
Set parameter AggFill to value -1
Set parameter BarConvTol to value 1e-08
Set parameter Presolve to value -1
Set parameter LicenseID to value 197246
Set parameter GURO_PAR_SPECIAL
Set parameter TokenServer to value "license.rc.princeton.edu"
Set parameter FeasibilityTol to value 1e-06
Set parameter PreDual to value -1
Set parameter Method to value 2
Set parameter Crossover to value 1
Set parameter TimeLimit to value 1e+100
Set parameter OutputFlag to value 1
Set parameter NumericFocus to value 0
Set parameter MIPGap to value 0.001
Set parameter OptimalityTol to value 0.0001
Set parameter AggFill to value -1
Set parameter BarConvTol to value 1e-08
Set parameter Presolve to value -1
Set parameter LicenseID to value 197246
Set parameter GURO_PAR_SPECIAL
Set parameter TokenServer to value "license.rc.princeton.edu"
Set parameter FeasibilityTol to value 1e-06
Set parameter PreDual to value -1
Set parameter Method to value 2
Set parameter Crossover to value 1
Set parameter TimeLimit to value 1e+100
Set parameter OutputFlag to value 1
Set parameter NumericFocus to value 0
Set parameter MIPGap to value 0.001
Set parameter OptimalityTol to value 0.0001
Set parameter AggFill to value -1
Set parameter BarConvTol to value 1e-08
Set parameter Presolve to value -1
Set parameter LicenseID to value 197246
Set parameter GURO_PAR_SPECIAL
Set parameter TokenServer to value "license.rc.princeton.edu"
Set parameter FeasibilityTol to value 1e-06
Set parameter PreDual to value -1
Set parameter Method to value 2
Set parameter Crossover to value 1
Set parameter TimeLimit to value 1e+100
Set parameter OutputFlag to value 1
Set parameter NumericFocus to value 0
Set parameter MIPGap to value 0.001
Set parameter OptimalityTol to value 0.0001
Set parameter AggFill to value -1
Set parameter BarConvTol to value 1e-08
Set parameter Presolve to value -1
Set parameter LicenseID to value 197246
Set parameter GURO_PAR_SPECIAL
Set parameter TokenServer to value "license.rc.princeton.edu"
Set parameter FeasibilityTol to value 1e-06
Set parameter PreDual to value -1
Set parameter Method to value 2
Set parameter Crossover to value 1
Set parameter TimeLimit to value 1e+100
Set parameter OutputFlag to value 1
Set parameter NumericFocus to value 0
Set parameter MIPGap to value 0.001
Set parameter OptimalityTol to value 0.0001
Set parameter AggFill to value -1
Set parameter BarConvTol to value 1e-08
Set parameter Presolve to value -1
Set parameter LicenseID to value 197246
Set parameter GURO_PAR_SPECIAL
Set parameter TokenServer to value "license.rc.princeton.edu"
Set parameter FeasibilityTol to value 1e-06
Set parameter PreDual to value -1
Set parameter Method to value 2
Set parameter Crossover to value 1
Set parameter TimeLimit to value 1e+100
Set parameter OutputFlag to value 1
Set parameter NumericFocus to value 0
Set parameter MIPGap to value 0.001
Set parameter OptimalityTol to value 0.0001
Set parameter AggFill to value -1
Set parameter BarConvTol to value 1e-08
Set parameter Presolve to value -1
Set parameter LicenseID to value 197246
Set parameter GURO_PAR_SPECIAL
Set parameter TokenServer to value "license.rc.princeton.edu"
Set parameter FeasibilityTol to value 1e-06
Set parameter PreDual to value -1
Set parameter Method to value 2
Set parameter Crossover to value 1
Set parameter TimeLimit to value 1e+100
Set parameter OutputFlag to value 1
Set parameter NumericFocus to value 0
Set parameter MIPGap to value 0.001
Set parameter OptimalityTol to value 0.0001
Set parameter AggFill to value -1
Set parameter BarConvTol to value 1e-08
Set parameter Presolve to value -1
Set parameter LicenseID to value 197246
Set parameter GURO_PAR_SPECIAL
Set parameter TokenServer to value "license.rc.princeton.edu"
Set parameter FeasibilityTol to value 1e-06
Set parameter PreDual to value -1
Set parameter Method to value 2
Set parameter Crossover to value 1
Set parameter TimeLimit to value 1e+100
Set parameter OutputFlag to value 1
Set parameter NumericFocus to value 0
Set parameter MIPGap to value 0.001
Set parameter OptimalityTol to value 0.0001
Set parameter AggFill to value -1
Set parameter BarConvTol to value 1e-08
Set parameter Presolve to value -1
Set parameter LicenseID to value 197246
Set parameter GURO_PAR_SPECIAL
Set parameter TokenServer to value "license.rc.princeton.edu"
Set parameter FeasibilityTol to value 1e-06
Set parameter PreDual to value -1
Set parameter Method to value 2
Set parameter Crossover to value 1
Set parameter TimeLimit to value 1e+100
Set parameter OutputFlag to value 1
Set parameter NumericFocus to value 0
Set parameter MIPGap to value 0.001
Set parameter OptimalityTol to value 0.0001
Set parameter AggFill to value -1
Set parameter BarConvTol to value 1e-08
Set parameter Presolve to value -1
Set parameter LicenseID to value 197246
Set parameter GURO_PAR_SPECIAL
Set parameter TokenServer to value "license.rc.princeton.edu"
Set parameter FeasibilityTol to value 1e-06
Set parameter PreDual to value -1
Set parameter Method to value 2
Set parameter Crossover to value 1
Set parameter TimeLimit to value 1e+100
Set parameter OutputFlag to value 1
Set parameter NumericFocus to value 0
Set parameter MIPGap to value 0.001
Set parameter OptimalityTol to value 0.0001
Set parameter AggFill to value -1
Set parameter BarConvTol to value 1e-08
Set parameter Presolve to value -1
Set parameter LicenseID to value 197246
Set parameter GURO_PAR_SPECIAL
Set parameter TokenServer to value "license.rc.princeton.edu"
Set parameter FeasibilityTol to value 1e-06
Set parameter PreDual to value -1
Set parameter Method to value 2
Set parameter Crossover to value 1
Set parameter TimeLimit to value 1e+100
Set parameter OutputFlag to value 1
Set parameter NumericFocus to value 0
Set parameter MIPGap to value 0.001
Set parameter OptimalityTol to value 0.0001
Set parameter AggFill to value -1
Set parameter BarConvTol to value 1e-08
Set parameter Presolve to value -1
Set parameter LicenseID to value 197246
Set parameter GURO_PAR_SPECIAL
Set parameter TokenServer to value "license.rc.princeton.edu"
Set parameter FeasibilityTol to value 1e-06
Set parameter PreDual to value -1
Set parameter Method to value 2
Set parameter Crossover to value 1
Set parameter TimeLimit to value 1e+100
Set parameter OutputFlag to value 1
Set parameter NumericFocus to value 0
Set parameter MIPGap to value 0.001
Set parameter OptimalityTol to value 0.0001
Set parameter AggFill to value -1
Set parameter BarConvTol to value 1e-08
Set parameter Presolve to value -1
Set parameter LicenseID to value 197246
Set parameter GURO_PAR_SPECIAL
Set parameter TokenServer to value "license.rc.princeton.edu"
Set parameter FeasibilityTol to value 1e-06
Set parameter PreDual to value -1
Set parameter Method to value 2
Set parameter Crossover to value 1
Set parameter TimeLimit to value 1e+100
Set parameter OutputFlag to value 1
Set parameter NumericFocus to value 0
Set parameter MIPGap to value 0.001
Set parameter OptimalityTol to value 0.0001
Set parameter AggFill to value -1
Set parameter BarConvTol to value 1e-08
Set parameter Presolve to value -1
Set parameter LicenseID to value 197246
Set parameter GURO_PAR_SPECIAL
Set parameter TokenServer to value "license.rc.princeton.edu"
Set parameter FeasibilityTol to value 1e-06
Set parameter PreDual to value -1
Set parameter Method to value 2
Set parameter Crossover to value 1
Set parameter TimeLimit to value 1e+100
Set parameter OutputFlag to value 1
Set parameter NumericFocus to value 0
Set parameter MIPGap to value 0.001
Set parameter OptimalityTol to value 0.0001
Set parameter AggFill to value -1
Set parameter BarConvTol to value 1e-08
Set parameter Presolve to value -1
Set parameter LicenseID to value 197246
Set parameter GURO_PAR_SPECIAL
Set parameter TokenServer to value "license.rc.princeton.edu"
Set parameter FeasibilityTol to value 1e-06
Set parameter PreDual to value -1
Set parameter Method to value 2
Set parameter Crossover to value 1
Set parameter TimeLimit to value 1e+100
Set parameter OutputFlag to value 1
Set parameter NumericFocus to value 0
Set parameter MIPGap to value 0.001
Set parameter OptimalityTol to value 0.0001
Set parameter AggFill to value -1
Set parameter BarConvTol to value 1e-08
Set parameter Presolve to value -1
Set parameter LicenseID to value 197246
Set parameter GURO_PAR_SPECIAL
Set parameter TokenServer to value "license.rc.princeton.edu"
Set parameter FeasibilityTol to value 1e-06
Set parameter PreDual to value -1
Set parameter Method to value 2
Set parameter Crossover to value 1
Set parameter TimeLimit to value 1e+100
Set parameter OutputFlag to value 1
Set parameter NumericFocus to value 0
Set parameter MIPGap to value 0.001
Set parameter OptimalityTol to value 0.0001
Set parameter AggFill to value -1
Set parameter BarConvTol to value 1e-08
Set parameter Presolve to value -1
Set parameter LicenseID to value 197246
Set parameter GURO_PAR_SPECIAL
Set parameter TokenServer to value "license.rc.princeton.edu"
Set parameter FeasibilityTol to value 1e-06
Set parameter PreDual to value -1
Set parameter Method to value 2
Set parameter Crossover to value 1
Set parameter TimeLimit to value 1e+100
Set parameter OutputFlag to value 1
Set parameter NumericFocus to value 0
Set parameter MIPGap to value 0.001
Set parameter OptimalityTol to value 0.0001
Set parameter AggFill to value -1
Set parameter BarConvTol to value 1e-08
Set parameter Presolve to value -1
Set parameter LicenseID to value 197246
Set parameter GURO_PAR_SPECIAL
Set parameter TokenServer to value "license.rc.princeton.edu"
Set parameter FeasibilityTol to value 1e-06
Set parameter PreDual to value -1
Set parameter Method to value 2
Set parameter Crossover to value 1
Set parameter TimeLimit to value 1e+100
Set parameter OutputFlag to value 1
Set parameter NumericFocus to value 0
Set parameter MIPGap to value 0.001
Set parameter OptimalityTol to value 0.0001
Set parameter AggFill to value -1
Set parameter BarConvTol to value 1e-08
Set parameter Presolve to value -1
Set parameter FeasibilityTol to value 1e-06
Set parameter PreDual to value -1
Set parameter Method to value 2
Set parameter Crossover to value 1
Set parameter TimeLimit to value 1e+100
Set parameter OutputFlag to value 1
Set parameter NumericFocus to value 0
Set parameter MIPGap to value 0.001
Set parameter OptimalityTol to value 0.0001
Set parameter AggFill to value -1
Set parameter BarConvTol to value 1e-08
Set parameter Presolve to value -1
Gurobi Optimizer version 12.0.3 build v12.0.3rc0 (linux64 - "Red Hat Enterprise Linux 9.6 (Plow)")

CPU model: AMD EPYC 9654 96-Core Processor, instruction set [SSE2|AVX|AVX2|AVX512]
Thread count: 192 physical cores, 192 logical processors, using up to 32 threads

Non-default parameters:
MIPGap  0.001
OptimalityTol  0.0001
Method  2
Crossover  1

Optimize a model with 13211958 rows, 11875537 columns and 60246219 nonzeros
Model fingerprint: 0x0507868d
Coefficient statistics:
  Matrix range     [2e-08, 1e+04]
  Objective range  [6e-03, 5e+09]
  Bounds range     [0e+00, 0e+00]
  RHS range        [3e+00, 8e+08]
Warning: Model contains large objective coefficients
         Consider reformulating model or setting NumericFocus parameter
         to avoid numerical issues.
Presolve removed 3218668 rows and 5574495 columns (presolve time = 6s)...
Presolve removed 4060155 rows and 6150000 columns (presolve time = 10s)...
Presolve removed 5018512 rows and 6303509 columns (presolve time = 16s)...
Presolve removed 5018512 rows and 6303509 columns (presolve time = 21s)...
Presolve removed 5018512 rows and 6303509 columns (presolve time = 25s)...
Presolve removed 5020042 rows and 6303509 columns (presolve time = 31s)...
Presolve removed 5020042 rows and 6303509 columns
Presolve time: 35.32s
Presolved: 8191916 rows, 5572028 columns, 52243343 nonzeros

Elapsed ordering time = 5s
Ordering time: 9.07s

Barrier statistics:
 Dense cols : 3546
 AA' NZ     : 1.056e+08
 Factor NZ  : 2.394e+08 (roughly 8.0 GB of memory)
 Factor Ops : 2.198e+10 (roughly 1 second per iteration)
 Threads    : 32

                  Objective                Residual
Iter       Primal          Dual         Primal    Dual     Compl     Time
   0   6.50034629e+15 -2.11365824e+16  7.98e+08 4.78e+06  7.00e+12    60s
   1   5.10715893e+15 -3.34023379e+16  6.56e+08 3.74e+07  5.59e+12    64s
   2   4.05298573e+15 -5.60077692e+16  5.43e+08 3.19e+07  4.73e+12    68s
   3   3.56385727e+15 -9.63807062e+16  4.93e+08 2.49e+07  4.03e+12    72s
   4   2.67441403e+15 -1.21627540e+17  4.06e+08 2.08e+07  3.36e+12    77s
   5   2.49221435e+15 -2.01780487e+17  3.80e+08 7.13e+06  2.46e+12    81s
   6   1.20562887e+15 -2.24682499e+17  1.40e+08 1.31e+06  8.86e+11    87s
   7   6.71813125e+14 -1.95551600e+17  3.65e+07 5.59e+05  2.52e+11    92s
   8   6.33069789e+14 -1.54968041e+17  1.32e+07 3.01e+05  1.07e+11    98s
   9   6.38927983e+14 -1.18394868e+17  7.73e+06 1.79e+05  6.44e+10   102s
  10   6.31251769e+14 -8.42283942e+16  4.27e+06 9.32e+04  3.55e+10   105s
  11   6.11390672e+14 -4.73657355e+16  1.72e+06 3.57e+04  1.46e+10   108s
  12   5.40512607e+14 -1.95224963e+16  3.34e+05 8.94e+03  3.62e+09   111s
  13   4.04289084e+14 -8.88506110e+15  7.28e+04 3.19e+03  1.23e+09   114s
  14   2.94720030e+14 -4.14324964e+15  1.61e+04 1.31e+03  5.04e+08   117s
  15   2.12897347e+14 -2.91135881e+15  3.61e+03 8.85e+02  3.32e+08   121s
  16   1.82973212e+14 -2.15708780e+15  1.89e+03 6.45e+02  2.42e+08   124s
  17   1.47231330e+14 -9.11553350e+14  7.22e+02 2.59e+02  1.04e+08   127s
  18   1.03372321e+14 -5.99793307e+14  2.44e+02 1.68e+02  6.57e+07   131s
  19   6.91219220e+13 -2.90500841e+14  7.77e+01 7.62e+01  3.16e+07   134s
  20   3.78299711e+13 -1.65368028e+14  1.81e+01 4.11e+01  1.69e+07   137s
  21   1.88612088e+13 -8.43295840e+13  3.62e+00 1.91e+01  8.23e+06   140s
  22   1.32043753e+13 -4.82821819e+13  1.97e+00 9.47e+00  4.81e+06   143s
  23   1.18421315e+13 -3.88986556e+13  1.67e+00 6.73e+00  3.95e+06   146s
  24   9.22644587e+12 -2.84097663e+13  1.14e+00 4.41e+00  2.90e+06   149s
  25   7.81167041e+12 -1.76070119e+13  9.06e-01 2.42e+00  1.95e+06   151s
  26   6.74959819e+12 -1.21251012e+13  7.55e-01 1.45e+00  1.44e+06   154s
  27   5.55252403e+12 -9.79703012e+12  6.10e-01 1.02e+00  1.16e+06   159s
  28   4.28123105e+12 -4.75868836e+12  4.59e-01 1.44e-01  6.81e+05   164s
  29   3.28640513e+12 -3.29100881e+12  3.51e-01 8.73e-07  4.94e+05   172s
  30   2.49608342e+12 -2.54320569e+12  2.57e-01 1.01e-06  3.78e+05   179s
  31   2.28417667e+12 -1.79757561e+12  2.31e-01 8.84e-07  3.06e+05   186s
  32   2.06205680e+12 -1.27743040e+12  2.02e-01 7.87e-07  2.50e+05   190s
  33   1.49599102e+12 -9.47587354e+11  1.30e-01 9.21e-07  1.83e+05   196s
  34   1.26752642e+12 -5.62400674e+11  9.98e-02 8.79e-07  1.37e+05   203s
  35   1.01643030e+12 -3.04639228e+11  6.61e-02 7.90e-07  9.87e+04   208s
  36   9.07354038e+11 -1.36197898e+11  5.16e-02 7.94e-07  7.79e+04   214s
  37   8.53000344e+11  5.28849740e+10  4.48e-02 7.48e-07  5.97e+04   221s
  38   8.01194100e+11  1.63094908e+11  3.86e-02 7.20e-07  4.76e+04   228s
  39   7.41515599e+11  2.33684383e+11  3.14e-02 7.60e-07  3.79e+04   235s
  40   7.06502355e+11  2.76511985e+11  2.71e-02 7.83e-07  3.21e+04   242s
  41   7.01941530e+11  2.94438032e+11  2.65e-02 1.02e-06  3.04e+04   249s
  42   6.78406228e+11  3.06340116e+11  2.37e-02 9.57e-07  2.78e+04   255s
  43   6.76741751e+11  3.18641004e+11  2.35e-02 9.72e-07  2.67e+04   262s
  44   6.71470297e+11  3.34057734e+11  2.28e-02 8.59e-07  2.52e+04   268s
  45   6.53827035e+11  3.49403836e+11  2.05e-02 9.84e-07  2.27e+04   273s
  46   6.44293538e+11  3.62094973e+11  1.94e-02 9.71e-07  2.11e+04   278s
  47   6.38591311e+11  3.72704942e+11  1.87e-02 9.46e-07  1.98e+04   282s
  48   6.20054704e+11  3.74951885e+11  1.66e-02 1.01e-06  1.83e+04   289s
  49   6.09386047e+11  3.93180144e+11  1.54e-02 9.20e-07  1.61e+04   297s
  50   6.03569699e+11  4.08951449e+11  1.47e-02 9.13e-07  1.45e+04   304s
  51   5.95286413e+11  4.15814037e+11  1.37e-02 9.10e-07  1.34e+04   311s
  52   5.83150057e+11  4.24555861e+11  1.21e-02 9.00e-07  1.18e+04   317s
  53   5.68875166e+11  4.32992861e+11  1.04e-02 8.66e-07  1.01e+04   323s
  54   5.60878962e+11  4.41054077e+11  9.41e-03 9.46e-07  8.94e+03   332s
  55   5.57400444e+11  4.43973707e+11  8.95e-03 9.73e-07  8.46e+03   336s
  56   5.52559185e+11  4.46161952e+11  8.38e-03 9.84e-07  7.94e+03   343s
  57   5.49787095e+11  4.48320080e+11  8.01e-03 9.35e-07  7.57e+03   349s
  58   5.41825679e+11  4.54369777e+11  7.04e-03 9.53e-07  6.52e+03   357s
  59   5.33789388e+11  4.59040566e+11  6.05e-03 9.32e-07  5.58e+03   363s
  60   5.27649572e+11  4.62444792e+11  5.28e-03 9.03e-07  4.86e+03   368s
  61   5.24836957e+11  4.64455559e+11  4.91e-03 1.03e-06  4.50e+03   375s
  62   5.20718353e+11  4.66564442e+11  4.37e-03 9.81e-07  4.04e+03   381s
  63   5.16860673e+11  4.68191874e+11  3.85e-03 1.10e-06  3.63e+03   388s
  64   5.14032230e+11  4.69220625e+11  3.48e-03 9.34e-07  3.34e+03   395s
  65   5.11963892e+11  4.71463187e+11  3.22e-03 9.70e-07  3.02e+03   402s
  66   5.08948772e+11  4.72872812e+11  2.82e-03 8.77e-07  2.69e+03   407s
  67   5.07350448e+11  4.74596431e+11  2.60e-03 1.10e-06  2.44e+03   414s
  68   5.06674632e+11  4.75414710e+11  2.51e-03 1.06e-06  2.33e+03   420s
  69   5.03929805e+11  4.76340769e+11  2.15e-03 1.02e-06  2.06e+03   427s
  70   5.03119208e+11  4.77846028e+11  2.05e-03 1.00e-06  1.89e+03   434s
  71   5.02206416e+11  4.78833904e+11  1.92e-03 8.92e-07  1.74e+03   439s
  72   5.00816894e+11  4.79468371e+11  1.74e-03 9.48e-07  1.59e+03   445s
  73   4.99637163e+11  4.80590298e+11  1.58e-03 8.68e-07  1.42e+03   453s
  74   4.98991192e+11  4.81109067e+11  1.49e-03 8.76e-07  1.33e+03   458s
  75   4.97374304e+11  4.81982301e+11  1.27e-03 8.76e-07  1.15e+03   466s
  76   4.96026224e+11  4.82406710e+11  1.09e-03 9.28e-07  1.02e+03   473s
  77   4.95255600e+11  4.83378719e+11  9.83e-04 1.14e-06  8.86e+02   478s
  78   4.93958829e+11  4.83990899e+11  1.25e-02 7.78e-07  7.44e+02   486s
  79   4.93303637e+11  4.84261476e+11  2.24e-02 9.86e-07  6.75e+02   491s
  80   4.92472414e+11  4.84533335e+11  3.67e-02 8.12e-07  5.92e+02   498s
  81   4.92006996e+11  4.85050414e+11  4.41e-02 8.85e-07  5.19e+02   505s
  82   4.91415973e+11  4.85294817e+11  5.38e-02 9.19e-07  4.57e+02   510s
  83   4.91237011e+11  4.85440481e+11  5.68e-02 8.87e-07  4.33e+02   517s
  84   4.90840791e+11  4.85530403e+11  6.38e-02 8.67e-07  3.96e+02   529s
  85   4.90579022e+11  4.85723656e+11  6.56e-02 1.04e-06  3.62e+02   535s
  86   4.90444278e+11  4.85878603e+11  6.42e-02 9.30e-07  3.41e+02   542s
  87   4.89936653e+11  4.86023196e+11  6.52e-02 9.51e-07  2.92e+02   548s
  88   4.89645445e+11  4.86139939e+11  6.79e-02 3.23e-06  2.62e+02   556s
  89   4.89348004e+11  4.86270723e+11  6.70e-02 5.78e-06  2.30e+02   562s
  90   4.89185376e+11  4.86481070e+11  6.56e-02 6.64e-06  2.02e+02   568s
  91   4.88962608e+11  4.86579696e+11  6.55e-02 7.62e-06  1.78e+02   574s
  92   4.88805084e+11  4.86684818e+11  6.56e-02 8.53e-06  1.58e+02   580s
  93   4.88709105e+11  4.86741380e+11  6.51e-02 8.47e-06  1.47e+02   586s
  94   4.88614692e+11  4.86850265e+11  6.14e-02 8.39e-06  1.32e+02   593s
  95   4.88488552e+11  4.86920265e+11  5.52e-02 8.36e-06  1.17e+02   601s
  96   4.88384165e+11  4.86956228e+11  5.06e-02 8.30e-06  1.07e+02   608s
  97   4.88270015e+11  4.86993027e+11  4.50e-02 7.58e-06  9.53e+01   615s
  98   4.88226600e+11  4.87022380e+11  4.27e-02 7.38e-06  8.99e+01   621s
  99   4.88164523e+11  4.87044773e+11  4.05e-02 7.20e-06  8.36e+01   628s
 100   4.88129974e+11  4.87052024e+11  3.93e-02 7.06e-06  8.05e+01   635s
 101   4.88065884e+11  4.87086789e+11  3.78e-02 6.44e-06  7.31e+01   645s
 102   4.88012584e+11  4.87121191e+11  3.64e-02 6.12e-06  6.66e+01   650s
 103   4.87959321e+11  4.87141960e+11  3.55e-02 5.86e-06  6.10e+01   659s
 104   4.87946775e+11  4.87153767e+11  3.53e-02 5.67e-06  5.92e+01   667s
 105   4.87891090e+11  4.87179267e+11  3.18e-02 5.49e-06  5.32e+01   673s
 106   4.87839347e+11  4.87193368e+11  2.93e-02 5.21e-06  4.82e+01   682s
 107   4.87818588e+11  4.87201424e+11  2.82e-02 5.06e-06  4.61e+01   690s
 108   4.87803356e+11  4.87219296e+11  2.73e-02 4.70e-06  4.36e+01   698s
 109   4.87773611e+11  4.87225563e+11  2.57e-02 4.65e-06  4.09e+01   708s
 110   4.87753876e+11  4.87234529e+11  2.45e-02 4.42e-06  3.88e+01   715s
 111   4.87728695e+11  4.87253812e+11  2.35e-02 4.10e-06  3.55e+01   723s
 112   4.87711904e+11  4.87265957e+11  2.24e-02 3.82e-06  3.33e+01   735s
 113   4.87684630e+11  4.87277572e+11  2.06e-02 3.57e-06  3.04e+01   742s
 114   4.87675657e+11  4.87285619e+11  2.02e-02 3.39e-06  2.91e+01   752s
 115   4.87644896e+11  4.87293596e+11  1.81e-02 3.21e-06  2.62e+01   759s
 116   4.87634060e+11  4.87299609e+11  1.76e-02 3.10e-06  2.50e+01   770s
 117   4.87622656e+11  4.87308053e+11  1.69e-02 2.91e-06  2.35e+01   783s
 118   4.87606930e+11  4.87312139e+11  1.53e-02 2.82e-06  2.20e+01   798s
 119   4.87594251e+11  4.87317849e+11  1.48e-02 2.67e-06  2.06e+01   812s
 120   4.87580812e+11  4.87322982e+11  1.38e-02 2.52e-06  1.93e+01   825s
 121   4.87566504e+11  4.87330808e+11  1.29e-02 2.23e-06  1.76e+01   832s
 122   4.87547415e+11  4.87340613e+11  1.16e-02 1.93e-06  1.54e+01   846s
 123   4.87534293e+11  4.87354646e+11  1.10e-02 1.46e-06  1.34e+01   856s
 124   4.87522799e+11  4.87358871e+11  1.03e-02 1.29e-06  1.22e+01   869s
 125   4.87510126e+11  4.87363255e+11  9.65e-03 1.12e-06  1.10e+01   884s
 126   4.87502505e+11  4.87367490e+11  9.17e-03 9.81e-07  1.01e+01   900s
 127   4.87496404e+11  4.87372070e+11  8.59e-03 8.86e-07  9.29e+00   920s
 128   4.87487037e+11  4.87372836e+11  7.76e-03 9.50e-07  8.53e+00   940s
 129   4.87478541e+11  4.87376672e+11  6.97e-03 8.47e-07  7.61e+00   956s
 130   4.87470390e+11  4.87378150e+11  6.33e-03 9.08e-07  6.89e+00   970s
 131   4.87460708e+11  4.87380023e+11  5.52e-03 9.06e-07  6.03e+00   993s
 132   4.87458106e+11  4.87381710e+11  5.32e-03 9.70e-07  5.71e+00  1011s
 133   4.87453406e+11  4.87383744e+11  4.93e-03 8.94e-07  5.20e+00  1027s
 134   4.87442458e+11  4.87385604e+11  4.03e-03 8.61e-07  4.25e+00  1050s
 135   4.87434082e+11  4.87386907e+11  3.35e-03 7.77e-07  3.52e+00  1067s
 136   4.87427285e+11  4.87389769e+11  2.89e-03 7.75e-07  2.80e+00  1083s
 137   4.87418369e+11  4.87391069e+11  2.05e-03 8.08e-07  2.04e+00  1098s
 138   4.87414306e+11  4.87391998e+11  1.70e-03 9.82e-07  1.67e+00  1112s
 139   4.87410931e+11  4.87393423e+11  1.34e-03 7.82e-07  1.31e+00  1127s
 140   4.87407013e+11  4.87393956e+11  9.47e-04 2.15e-06  9.76e-01  1146s
 141   4.87406049e+11  4.87394533e+11  8.52e-04 8.18e-07  8.60e-01  1172s
 142   4.87403079e+11  4.87395303e+11  5.94e-04 8.93e-07  5.81e-01  1185s
 143   4.87401125e+11  4.87395688e+11  3.77e-04 9.54e-07  4.06e-01  1196s
 144   4.87399517e+11  4.87396170e+11  2.40e-04 8.34e-07  2.50e-01  1208s
 145   4.87398570e+11  4.87396419e+11  1.51e-04 1.79e-06  1.61e-01  1224s
 146   4.87397842e+11  4.87396609e+11  8.20e-05 7.75e-07  9.21e-02  1235s
 147   4.87397616e+11  4.87396745e+11  5.94e-05 2.00e-06  6.50e-02  1246s
 148   4.87397357e+11  4.87396793e+11  3.41e-05 1.28e-06  4.21e-02  1255s
 149   4.87397289e+11  4.87396859e+11  2.75e-05 6.14e-06  3.21e-02  1264s
 150   4.87397200e+11  4.87396898e+11  1.90e-05 3.04e-06  2.25e-02  1279s
 151   4.87397133e+11  4.87396918e+11  1.93e-05 2.95e-06  1.60e-02  1288s
 152   4.87397087e+11  4.87396946e+11  1.28e-05 4.89e-06  1.05e-02  1298s
 153   4.87397049e+11  4.87396962e+11  9.57e-06 1.82e-06  6.50e-03  1305s
 154   4.87397023e+11  4.87396973e+11  6.34e-05 1.19e-05  3.70e-03  1312s
 155   4.87397005e+11  4.87396981e+11  3.04e-05 8.31e-06  1.78e-03  1318s
 156   4.87396997e+11  4.87396984e+11  1.58e-05 1.35e-05  9.74e-04  1322s
 157   4.87396993e+11  4.87396985e+11  4.64e-05 7.55e-06  5.98e-04  1327s
 158   4.87396991e+11  4.87396987e+11  3.08e-05 2.38e-05  3.44e-04  1334s

Barrier solved model in 158 iterations and 1333.54 seconds (1400.49 work units)
Optimal objective 4.87396991e+11

Crossover log...

 2016924 DPushes remaining with DInf 1.6839692e-02              1340s
 1152193 DPushes remaining with DInf 6.0242953e-03              1353s
  802757 DPushes remaining with DInf 7.8163255e-03              1363s
  605498 DPushes remaining with DInf 7.8163255e-03              1372s
  470158 DPushes remaining with DInf 7.8163255e-03              1379s
  374302 DPushes remaining with DInf 7.8163255e-03              1388s
  314326 DPushes remaining with DInf 7.8163255e-03              1395s
  273466 DPushes remaining with DInf 7.8163255e-03              1402s
  244282 DPushes remaining with DInf 7.8163255e-03              1408s
  226822 DPushes remaining with DInf 7.8163255e-03              1412s
  215151 DPushes remaining with DInf 7.8163255e-03              1417s
  207034 DPushes remaining with DInf 7.8163255e-03              1421s
  194300 DPushes remaining with DInf 7.8163255e-03              1429s
  189541 DPushes remaining with DInf 7.8163255e-03              1433s
  185640 DPushes remaining with DInf 7.8163255e-03              1438s
  182333 DPushes remaining with DInf 7.8163255e-03              1442s
  180723 DPushes remaining with DInf 7.8163255e-03              1446s
  178263 DPushes remaining with DInf 7.8163255e-03              1451s
  172921 DPushes remaining with DInf 7.8163255e-03              1459s
  171383 DPushes remaining with DInf 7.8163255e-03              1464s
  169164 DPushes remaining with DInf 7.8163255e-03              1469s
  166286 DPushes remaining with DInf 7.8163255e-03              1474s
  164477 DPushes remaining with DInf 7.8163255e-03              1479s
  162718 DPushes remaining with DInf 7.8163255e-03              1484s
  160613 DPushes remaining with DInf 7.8163255e-03              1489s
  158524 DPushes remaining with DInf 7.8163255e-03              1494s
  156311 DPushes remaining with DInf 7.8163255e-03              1499s
  153693 DPushes remaining with DInf 7.8163255e-03              1504s
  150852 DPushes remaining with DInf 7.8163255e-03              1510s
  148809 DPushes remaining with DInf 7.8163255e-03              1515s
  146956 DPushes remaining with DInf 7.8163255e-03              1524s
  144964 DPushes remaining with DInf 7.8163255e-03              1531s
  141990 DPushes remaining with DInf 7.8163255e-03              1536s
  140223 DPushes remaining with DInf 7.8163255e-03              1545s
  137555 DPushes remaining with DInf 7.8163255e-03              1550s
  135874 DPushes remaining with DInf 7.8163255e-03              1556s
  134114 DPushes remaining with DInf 7.8163255e-03              1562s
  131047 DPushes remaining with DInf 0.0000000e+00              1567s
  129286 DPushes remaining with DInf 0.0000000e+00              1576s
  127388 DPushes remaining with DInf 0.0000000e+00              1581s
  124497 DPushes remaining with DInf 0.0000000e+00              1586s
  122753 DPushes remaining with DInf 0.0000000e+00              1593s
  120433 DPushes remaining with DInf 0.0000000e+00              1606s
  118141 DPushes remaining with DInf 0.0000000e+00              1616s
  116573 DPushes remaining with DInf 0.0000000e+00              1629s
  114691 DPushes remaining with DInf 0.0000000e+00              1640s
  112246 DPushes remaining with DInf 0.0000000e+00              1648s
  110474 DPushes remaining with DInf 0.0000000e+00              1657s
  108689 DPushes remaining with DInf 0.0000000e+00              1664s
  106960 DPushes remaining with DInf 0.0000000e+00              1669s
  105059 DPushes remaining with DInf 0.0000000e+00              1675s
  102937 DPushes remaining with DInf 0.0000000e+00              1683s
  100421 DPushes remaining with DInf 0.0000000e+00              1690s
   98408 DPushes remaining with DInf 0.0000000e+00              1699s
   95952 DPushes remaining with DInf 0.0000000e+00              1708s
   93332 DPushes remaining with DInf 0.0000000e+00              1721s
   91047 DPushes remaining with DInf 0.0000000e+00              1735s
   88544 DPushes remaining with DInf 0.0000000e+00              1752s
   86650 DPushes remaining with DInf 0.0000000e+00              1763s
   84984 DPushes remaining with DInf 0.0000000e+00              1769s
   83096 DPushes remaining with DInf 0.0000000e+00              1783s
   81207 DPushes remaining with DInf 0.0000000e+00              1794s
   79000 DPushes remaining with DInf 0.0000000e+00              1809s
   76824 DPushes remaining with DInf 0.0000000e+00              1817s
   75004 DPushes remaining with DInf 0.0000000e+00              1825s
   73266 DPushes remaining with DInf 0.0000000e+00              1836s
   71010 DPushes remaining with DInf 0.0000000e+00              1846s
   69072 DPushes remaining with DInf 0.0000000e+00              1851s
   67501 DPushes remaining with DInf 0.0000000e+00              1855s
   65376 DPushes remaining with DInf 0.0000000e+00              1861s
   63275 DPushes remaining with DInf 0.0000000e+00              1867s
   60810 DPushes remaining with DInf 0.0000000e+00              1873s
   58223 DPushes remaining with DInf 0.0000000e+00              1878s
   54926 DPushes remaining with DInf 0.0000000e+00              1889s
   52246 DPushes remaining with DInf 0.0000000e+00              1897s
   49811 DPushes remaining with DInf 0.0000000e+00              1904s
   46992 DPushes remaining with DInf 0.0000000e+00              1912s
   45146 DPushes remaining with DInf 0.0000000e+00              1918s
   43260 DPushes remaining with DInf 0.0000000e+00              1922s
   41234 DPushes remaining with DInf 0.0000000e+00              1926s
   39511 DPushes remaining with DInf 0.0000000e+00              1930s
   35655 DPushes remaining with DInf 0.0000000e+00              1939s
   32706 DPushes remaining with DInf 0.0000000e+00              1943s
   31193 DPushes remaining with DInf 0.0000000e+00              1947s
   29847 DPushes remaining with DInf 0.0000000e+00              1952s
   28380 DPushes remaining with DInf 0.0000000e+00              1957s
   27075 DPushes remaining with DInf 0.0000000e+00              1965s
   25771 DPushes remaining with DInf 0.0000000e+00              1970s
