I must not fear. Fear is the mind-killer.

Loading GenX
  Loading requirement: gurobi/12.0.0 julia/1.11.3

libgomp: Invalid value for environment variable OMP_NUM_THREADS: invalid
Set parameter LicenseID to value 197246
Set parameter GURO_PAR_SPECIAL
Set parameter TokenServer to value "license.rc.princeton.edu"
Set parameter FeasibilityTol to value 1e-06
Set parameter PreDual to value -1
Set parameter Method to value 2
Set parameter Crossover to value 1
Set parameter TimeLimit to value 1e+100
Set parameter OutputFlag to value 1
Set parameter NumericFocus to value 0
Set parameter MIPGap to value 0.001
Set parameter OptimalityTol to value 0.0001
Set parameter AggFill to value -1
Set parameter BarConvTol to value 1e-12
Set parameter Presolve to value -1
Set parameter LicenseID to value 197246
Set parameter GURO_PAR_SPECIAL
Set parameter TokenServer to value "license.rc.princeton.edu"
Set parameter FeasibilityTol to value 1e-06
Set parameter PreDual to value -1
Set parameter Method to value 2
Set parameter Crossover to value 1
Set parameter TimeLimit to value 1e+100
Set parameter OutputFlag to value 1
Set parameter NumericFocus to value 0
Set parameter MIPGap to value 0.001
Set parameter OptimalityTol to value 0.0001
Set parameter AggFill to value -1
Set parameter BarConvTol to value 1e-12
Set parameter Presolve to value -1
Set parameter LicenseID to value 197246
Set parameter GURO_PAR_SPECIAL
Set parameter TokenServer to value "license.rc.princeton.edu"
Set parameter FeasibilityTol to value 1e-06
Set parameter PreDual to value -1
Set parameter Method to value 2
Set parameter Crossover to value 1
Set parameter TimeLimit to value 1e+100
Set parameter OutputFlag to value 1
Set parameter NumericFocus to value 0
Set parameter MIPGap to value 0.001
Set parameter OptimalityTol to value 0.0001
Set parameter AggFill to value -1
Set parameter BarConvTol to value 1e-12
Set parameter Presolve to value -1
Set parameter LicenseID to value 197246
Set parameter GURO_PAR_SPECIAL
Set parameter TokenServer to value "license.rc.princeton.edu"
Set parameter FeasibilityTol to value 1e-06
Set parameter PreDual to value -1
Set parameter Method to value 2
Set parameter Crossover to value 1
Set parameter TimeLimit to value 1e+100
Set parameter OutputFlag to value 1
Set parameter NumericFocus to value 0
Set parameter MIPGap to value 0.001
Set parameter OptimalityTol to value 0.0001
Set parameter AggFill to value -1
Set parameter BarConvTol to value 1e-12
Set parameter Presolve to value -1
Set parameter LicenseID to value 197246
Set parameter GURO_PAR_SPECIAL
Set parameter TokenServer to value "license.rc.princeton.edu"
Set parameter FeasibilityTol to value 1e-06
Set parameter PreDual to value -1
Set parameter Method to value 2
Set parameter Crossover to value 1
Set parameter TimeLimit to value 1e+100
Set parameter OutputFlag to value 1
Set parameter NumericFocus to value 0
Set parameter MIPGap to value 0.001
Set parameter OptimalityTol to value 0.0001
Set parameter AggFill to value -1
Set parameter BarConvTol to value 1e-12
Set parameter Presolve to value -1
Set parameter LicenseID to value 197246
Set parameter GURO_PAR_SPECIAL
Set parameter TokenServer to value "license.rc.princeton.edu"
Set parameter FeasibilityTol to value 1e-06
Set parameter PreDual to value -1
Set parameter Method to value 2
Set parameter Crossover to value 1
Set parameter TimeLimit to value 1e+100
Set parameter OutputFlag to value 1
Set parameter NumericFocus to value 0
Set parameter MIPGap to value 0.001
Set parameter OptimalityTol to value 0.0001
Set parameter AggFill to value -1
Set parameter BarConvTol to value 1e-12
Set parameter Presolve to value -1
Set parameter LicenseID to value 197246
Set parameter GURO_PAR_SPECIAL
Set parameter TokenServer to value "license.rc.princeton.edu"
Set parameter FeasibilityTol to value 1e-06
Set parameter PreDual to value -1
Set parameter Method to value 2
Set parameter Crossover to value 1
Set parameter TimeLimit to value 1e+100
Set parameter OutputFlag to value 1
Set parameter NumericFocus to value 0
Set parameter MIPGap to value 0.001
Set parameter OptimalityTol to value 0.0001
Set parameter AggFill to value -1
Set parameter BarConvTol to value 1e-12
Set parameter Presolve to value -1
Set parameter LicenseID to value 197246
Set parameter GURO_PAR_SPECIAL
Set parameter TokenServer to value "license.rc.princeton.edu"
Set parameter FeasibilityTol to value 1e-06
Set parameter PreDual to value -1
Set parameter Method to value 2
Set parameter Crossover to value 1
Set parameter TimeLimit to value 1e+100
Set parameter OutputFlag to value 1
Set parameter NumericFocus to value 0
Set parameter MIPGap to value 0.001
Set parameter OptimalityTol to value 0.0001
Set parameter AggFill to value -1
Set parameter BarConvTol to value 1e-12
Set parameter Presolve to value -1
Set parameter LicenseID to value 197246
Set parameter GURO_PAR_SPECIAL
Set parameter TokenServer to value "license.rc.princeton.edu"
Set parameter FeasibilityTol to value 1e-06
Set parameter PreDual to value -1
Set parameter Method to value 2
Set parameter Crossover to value 1
Set parameter TimeLimit to value 1e+100
Set parameter OutputFlag to value 1
Set parameter NumericFocus to value 0
Set parameter MIPGap to value 0.001
Set parameter OptimalityTol to value 0.0001
Set parameter AggFill to value -1
Set parameter BarConvTol to value 1e-12
Set parameter Presolve to value -1
Set parameter LicenseID to value 197246
Set parameter GURO_PAR_SPECIAL
Set parameter TokenServer to value "license.rc.princeton.edu"
Set parameter FeasibilityTol to value 1e-06
Set parameter PreDual to value -1
Set parameter Method to value 2
Set parameter Crossover to value 1
Set parameter TimeLimit to value 1e+100
Set parameter OutputFlag to value 1
Set parameter NumericFocus to value 0
Set parameter MIPGap to value 0.001
Set parameter OptimalityTol to value 0.0001
Set parameter AggFill to value -1
Set parameter BarConvTol to value 1e-12
Set parameter Presolve to value -1
Set parameter LicenseID to value 197246
Set parameter GURO_PAR_SPECIAL
Set parameter TokenServer to value "license.rc.princeton.edu"
Set parameter FeasibilityTol to value 1e-06
Set parameter PreDual to value -1
Set parameter Method to value 2
Set parameter Crossover to value 1
Set parameter TimeLimit to value 1e+100
Set parameter OutputFlag to value 1
Set parameter NumericFocus to value 0
Set parameter MIPGap to value 0.001
Set parameter OptimalityTol to value 0.0001
Set parameter AggFill to value -1
Set parameter BarConvTol to value 1e-12
Set parameter Presolve to value -1
Set parameter LicenseID to value 197246
Set parameter GURO_PAR_SPECIAL
Set parameter TokenServer to value "license.rc.princeton.edu"
Set parameter FeasibilityTol to value 1e-06
Set parameter PreDual to value -1
Set parameter Method to value 2
Set parameter Crossover to value 1
Set parameter TimeLimit to value 1e+100
Set parameter OutputFlag to value 1
Set parameter NumericFocus to value 0
Set parameter MIPGap to value 0.001
Set parameter OptimalityTol to value 0.0001
Set parameter AggFill to value -1
Set parameter BarConvTol to value 1e-12
Set parameter Presolve to value -1
Set parameter LicenseID to value 197246
Set parameter GURO_PAR_SPECIAL
Set parameter TokenServer to value "license.rc.princeton.edu"
Set parameter FeasibilityTol to value 1e-06
Set parameter PreDual to value -1
Set parameter Method to value 2
Set parameter Crossover to value 1
Set parameter TimeLimit to value 1e+100
Set parameter OutputFlag to value 1
Set parameter NumericFocus to value 0
Set parameter MIPGap to value 0.001
Set parameter OptimalityTol to value 0.0001
Set parameter AggFill to value -1
Set parameter BarConvTol to value 1e-12
Set parameter Presolve to value -1
Set parameter LicenseID to value 197246
Set parameter GURO_PAR_SPECIAL
Set parameter TokenServer to value "license.rc.princeton.edu"
Set parameter FeasibilityTol to value 1e-06
Set parameter PreDual to value -1
Set parameter Method to value 2
Set parameter Crossover to value 1
Set parameter TimeLimit to value 1e+100
Set parameter OutputFlag to value 1
Set parameter NumericFocus to value 0
Set parameter MIPGap to value 0.001
Set parameter OptimalityTol to value 0.0001
Set parameter AggFill to value -1
Set parameter BarConvTol to value 1e-12
Set parameter Presolve to value -1
Set parameter LicenseID to value 197246
Set parameter GURO_PAR_SPECIAL
Set parameter TokenServer to value "license.rc.princeton.edu"
Set parameter FeasibilityTol to value 1e-06
Set parameter PreDual to value -1
Set parameter Method to value 2
Set parameter Crossover to value 1
Set parameter TimeLimit to value 1e+100
Set parameter OutputFlag to value 1
Set parameter NumericFocus to value 0
Set parameter MIPGap to value 0.001
Set parameter OptimalityTol to value 0.0001
Set parameter AggFill to value -1
Set parameter BarConvTol to value 1e-12
Set parameter Presolve to value -1
Set parameter LicenseID to value 197246
Set parameter GURO_PAR_SPECIAL
Set parameter TokenServer to value "license.rc.princeton.edu"
Set parameter FeasibilityTol to value 1e-06
Set parameter PreDual to value -1
Set parameter Method to value 2
Set parameter Crossover to value 1
Set parameter TimeLimit to value 1e+100
Set parameter OutputFlag to value 1
Set parameter NumericFocus to value 0
Set parameter MIPGap to value 0.001
Set parameter OptimalityTol to value 0.0001
Set parameter AggFill to value -1
Set parameter BarConvTol to value 1e-12
Set parameter Presolve to value -1
Set parameter LicenseID to value 197246
Set parameter GURO_PAR_SPECIAL
Set parameter TokenServer to value "license.rc.princeton.edu"
Set parameter FeasibilityTol to value 1e-06
Set parameter PreDual to value -1
Set parameter Method to value 2
Set parameter Crossover to value 1
Set parameter TimeLimit to value 1e+100
Set parameter OutputFlag to value 1
Set parameter NumericFocus to value 0
Set parameter MIPGap to value 0.001
Set parameter OptimalityTol to value 0.0001
Set parameter AggFill to value -1
Set parameter BarConvTol to value 1e-12
Set parameter Presolve to value -1
Set parameter LicenseID to value 197246
Set parameter GURO_PAR_SPECIAL
Set parameter TokenServer to value "license.rc.princeton.edu"
Set parameter FeasibilityTol to value 1e-06
Set parameter PreDual to value -1
Set parameter Method to value 2
Set parameter Crossover to value 1
Set parameter TimeLimit to value 1e+100
Set parameter OutputFlag to value 1
Set parameter NumericFocus to value 0
Set parameter MIPGap to value 0.001
Set parameter OptimalityTol to value 0.0001
Set parameter AggFill to value -1
Set parameter BarConvTol to value 1e-12
Set parameter Presolve to value -1
Set parameter FeasibilityTol to value 1e-06
Set parameter PreDual to value -1
Set parameter Method to value 2
Set parameter Crossover to value 1
Set parameter TimeLimit to value 1e+100
Set parameter OutputFlag to value 1
Set parameter NumericFocus to value 0
Set parameter MIPGap to value 0.001
Set parameter OptimalityTol to value 0.0001
Set parameter AggFill to value -1
Set parameter BarConvTol to value 1e-12
Set parameter Presolve to value -1
Gurobi Optimizer version 12.0.3 build v12.0.3rc0 (linux64 - "Red Hat Enterprise Linux 9.6 (Plow)")

CPU model: AMD EPYC 9654 96-Core Processor, instruction set [SSE2|AVX|AVX2|AVX512]
Thread count: 192 physical cores, 192 logical processors, using up to 32 threads

Non-default parameters:
MIPGap  0.001
OptimalityTol  0.0001
Method  2
BarConvTol  1e-12
Crossover  1

Optimize a model with 13211974 rows, 11875553 columns and 60371035 nonzeros
Model fingerprint: 0xdc22d507
Coefficient statistics:
  Matrix range     [2e-08, 7e+04]
  Objective range  [6e-03, 5e+09]
  Bounds range     [0e+00, 0e+00]
  RHS range        [3e+00, 8e+08]
Warning: Model contains large matrix coefficient range
Warning: Model contains large objective coefficients
         Consider reformulating model or setting NumericFocus parameter
         to avoid numerical issues.
Presolve removed 3141868 rows and 5464786 columns (presolve time = 5s)...
Presolve removed 3930139 rows and 6020000 columns (presolve time = 10s)...
Presolve removed 5018128 rows and 6303525 columns (presolve time = 16s)...
Presolve removed 5018128 rows and 6303525 columns (presolve time = 20s)...
Presolve removed 5018128 rows and 6303525 columns (presolve time = 26s)...
Presolve removed 5019658 rows and 6303525 columns (presolve time = 30s)...
Presolve removed 5019658 rows and 6303525 columns (presolve time = 36s)...
Presolve removed 5019658 rows and 6303525 columns
Presolve time: 36.52s
Presolved: 8192316 rows, 5572028 columns, 52418575 nonzeros

Elapsed ordering time = 5s
Ordering time: 8.88s

Barrier statistics:
 Dense cols : 3546
 AA' NZ     : 1.061e+08
 Factor NZ  : 2.400e+08 (roughly 8.0 GB of memory)
 Factor Ops : 2.207e+10 (roughly 1 second per iteration)
 Threads    : 32

                  Objective                Residual
Iter       Primal          Dual         Primal    Dual     Compl     Time
   0   6.45090147e+15 -2.11367440e+16  7.97e+08 4.78e+06  7.00e+12    61s
   1   5.09614958e+15 -3.34804632e+16  6.56e+08 3.74e+07  5.59e+12    65s
   2   4.06236067e+15 -5.87708573e+16  5.43e+08 3.12e+07  4.67e+12    70s
   3   3.45165928e+15 -1.01616262e+17  4.82e+08 2.37e+07  3.91e+12    74s
   4   2.81794211e+15 -1.56102481e+17  4.09e+08 1.50e+07  3.05e+12    77s
   5   2.44990276e+15 -2.16685144e+17  3.56e+08 5.89e+06  2.38e+12    82s
   6   1.44888549e+15 -2.25284821e+17  1.83e+08 1.24e+06  1.22e+12    89s
   7   7.51058995e+14 -1.99012068e+17  4.39e+07 5.33e+05  3.16e+11    94s
   8   6.57625800e+14 -1.65774539e+17  1.73e+07 2.96e+05  1.34e+11    99s
   9   6.50557283e+14 -1.54333282e+17  9.96e+06 2.49e+05  9.19e+10   103s
  10   6.46585674e+14 -1.09847540e+17  6.14e+06 1.23e+05  5.24e+10   105s
  11   6.26921967e+14 -8.31182390e+16  2.66e+06 7.77e+04  2.80e+10   109s
  12   5.89623779e+14 -3.86239451e+16  7.41e+05 2.00e+04  8.35e+09   111s
  13   5.14251005e+14 -1.58464569e+16  2.87e+05 5.77e+03  2.79e+09   115s
  14   3.40836750e+14 -7.90872967e+15  5.29e+04 2.35e+03  1.01e+09   117s
  15   2.52168553e+14 -4.79823874e+15  1.62e+04 1.36e+03  5.56e+08   120s
  16   2.14461317e+14 -3.34611468e+15  7.52e+03 9.07e+02  3.75e+08   123s
  17   1.64077390e+14 -2.04506140e+15  1.98e+03 5.27e+02  2.20e+08   126s
  18   1.21545653e+14 -1.12058010e+15  4.98e+02 2.81e+02  1.18e+08   128s
  19   1.03432159e+14 -6.84844752e+14  3.10e+02 1.67e+02  7.28e+07   131s
  20   6.27037134e+13 -4.83505452e+14  6.38e+01 1.14e+02  4.78e+07   134s
  21   4.22425227e+13 -2.00096833e+14  1.54e+01 4.18e+01  2.01e+07   137s
  22   2.57172762e+13 -1.09112089e+14  5.37e+00 2.10e+01  1.08e+07   140s
  23   1.86303160e+13 -5.51632862e+13  3.16e+00 8.94e+00  5.79e+06   142s
  24   1.27220427e+13 -3.05978894e+13  1.92e+00 3.85e+00  3.34e+06   145s
  25   1.12233842e+13 -1.76722697e+13  1.64e+00 1.86e+00  2.21e+06   148s
  26   8.13511465e+12 -1.18501610e+13  1.15e+00 1.00e+00  1.52e+06   152s
  27   7.68844548e+12 -1.04336144e+13  1.08e+00 8.17e-01  1.37e+06   155s
  28   6.44994139e+12 -7.54288807e+12  9.12e-01 4.02e-01  1.06e+06   158s
  29   4.65876975e+12 -3.87319243e+12  6.69e-01 9.50e-07  6.41e+05   163s
  30   3.41532135e+12 -2.35749803e+12  4.90e-01 9.29e-07  4.32e+05   168s
  31   2.78670198e+12 -1.95301758e+12  4.06e-01 7.94e-07  3.55e+05   174s
  32   2.16362584e+12 -1.49921644e+12  3.06e-01 7.82e-07  2.74e+05   178s
  33   1.71692318e+12 -1.03739396e+12  2.32e-01 8.32e-07  2.06e+05   184s
  34   1.45350495e+12 -7.06138147e+11  1.82e-01 7.35e-07  1.61e+05   189s
  35   1.22524558e+12 -4.24850124e+11  1.38e-01 7.34e-07  1.23e+05   195s
  36   1.08031966e+12 -2.43998012e+11  1.09e-01 7.38e-07  9.89e+04   200s
  37   9.64302987e+11 -1.02240985e+11  8.60e-02 7.76e-07  7.96e+04   208s
  38   9.05292829e+11  2.28787026e+10  7.42e-02 8.05e-07  6.59e+04   214s
  39   8.37741598e+11  1.07573784e+11  6.06e-02 8.31e-07  5.45e+04   220s
  40   8.00294592e+11  1.48996502e+11  5.32e-02 8.34e-07  4.86e+04   225s
  41   7.78641223e+11  1.89141371e+11  4.91e-02 8.39e-07  4.40e+04   230s
  42   7.44967705e+11  2.37818317e+11  4.30e-02 9.71e-07  3.78e+04   237s
  43   7.20309964e+11  2.90416372e+11  3.85e-02 8.78e-07  3.21e+04   243s
  44   6.92506130e+11  3.02222202e+11  3.35e-02 7.83e-07  2.91e+04   250s
  45   6.79798055e+11  3.25078998e+11  3.12e-02 9.33e-07  2.65e+04   256s
  46   6.73032429e+11  3.30468618e+11  3.01e-02 9.94e-07  2.56e+04   261s
  47   6.62674106e+11  3.45131468e+11  2.82e-02 1.01e-06  2.37e+04   267s
  48   6.50310396e+11  3.64980634e+11  2.61e-02 1.03e-06  2.13e+04   273s
  49   6.38964755e+11  3.74658554e+11  2.41e-02 1.03e-06  1.97e+04   279s
  50   6.31290989e+11  3.83315539e+11  2.28e-02 1.00e-06  1.85e+04   284s
  51   6.24097918e+11  3.84166572e+11  2.15e-02 1.00e-06  1.79e+04   288s
  52   6.15097108e+11  3.91890983e+11  2.00e-02 1.07e-06  1.67e+04   294s
  53   6.11511675e+11  3.95804987e+11  1.93e-02 1.02e-06  1.61e+04   300s
  54   6.06959757e+11  4.02323695e+11  1.86e-02 9.92e-07  1.53e+04   306s
  55   6.01161471e+11  4.09681676e+11  1.76e-02 1.01e-06  1.43e+04   313s
  56   5.89160687e+11  4.19457485e+11  1.55e-02 1.16e-06  1.27e+04   319s
  57   5.81168710e+11  4.28248448e+11  1.41e-02 9.93e-07  1.14e+04   325s
  58   5.72742696e+11  4.36089666e+11  1.27e-02 8.88e-07  1.02e+04   331s
  59   5.66853334e+11  4.42681904e+11  1.17e-02 9.83e-07  9.26e+03   339s
  60   5.57904341e+11  4.47013845e+11  1.02e-02 9.85e-07  8.27e+03   345s
  61   5.51326629e+11  4.49956632e+11  9.01e-03 8.38e-07  7.56e+03   352s
  62   5.48928577e+11  4.55747599e+11  8.60e-03 8.51e-07  6.95e+03   358s
  63   5.44273298e+11  4.58604551e+11  7.80e-03 9.71e-07  6.39e+03   363s
  64   5.38122631e+11  4.61730141e+11  6.73e-03 8.39e-07  5.70e+03   369s
  65   5.35181690e+11  4.65446945e+11  6.24e-03 8.07e-07  5.20e+03   375s
  66   5.30791129e+11  4.68412808e+11  5.50e-03 9.00e-07  4.65e+03   381s
  67   5.27879586e+11  4.69885397e+11  5.00e-03 9.15e-07  4.33e+03   388s
  68   5.26237252e+11  4.72856848e+11  4.73e-03 9.42e-07  3.98e+03   392s
  69   5.24290548e+11  4.73997201e+11  4.41e-03 1.05e-06  3.75e+03   397s
  70   5.22230250e+11  4.75745791e+11  4.07e-03 9.86e-07  3.47e+03   404s
  71   5.20241109e+11  4.77947526e+11  3.75e-03 8.67e-07  3.16e+03   411s
  72   5.17812957e+11  4.79000939e+11  3.36e-03 9.47e-07  2.90e+03   418s
  73   5.15415187e+11  4.80281527e+11  2.97e-03 1.04e-06  2.62e+03   424s
  74   5.14609345e+11  4.81346212e+11  2.85e-03 1.06e-06  2.48e+03   430s
  75   5.13062958e+11  4.82506977e+11  2.60e-03 1.00e-06  2.28e+03   435s
  76   5.12203779e+11  4.83300751e+11  2.47e-03 9.33e-07  2.16e+03   441s
  77   5.11133721e+11  4.84335087e+11  2.30e-03 9.80e-07  2.00e+03   449s
  78   5.09712150e+11  4.84891470e+11  2.08e-03 1.17e-06  1.85e+03   455s
  79   5.08847328e+11  4.85710345e+11  1.95e-03 1.05e-06  1.73e+03   462s
  80   5.07936904e+11  4.86495777e+11  1.80e-03 1.10e-06  1.60e+03   468s
  81   5.07460938e+11  4.87598747e+11  1.73e-03 9.25e-07  1.48e+03   474s
  82   5.06600264e+11  4.88223733e+11  1.60e-03 1.04e-06  1.37e+03   480s
  83   5.06210125e+11  4.88356101e+11  1.54e-03 1.15e-06  1.33e+03   485s
  84   5.05337711e+11  4.89012233e+11  1.40e-03 1.13e-06  1.22e+03   490s
  85   5.04589943e+11  4.89693255e+11  8.84e-03 1.00e-06  1.11e+03   496s
  86   5.04308351e+11  4.89889643e+11  1.36e-02 1.00e-06  1.08e+03   501s
  87   5.03598670e+11  4.90223741e+11  2.58e-02 1.18e-06  9.98e+02   506s
  88   5.02755149e+11  4.91418997e+11  4.13e-02 8.97e-07  8.46e+02   512s
  89   5.01976314e+11  4.91656925e+11  5.74e-02 1.02e-06  7.70e+02   518s
  90   5.01604756e+11  4.92141816e+11  6.30e-02 9.41e-07  7.06e+02   524s
  91   5.01048875e+11  4.92332083e+11  7.33e-02 9.89e-07  6.50e+02   529s
  92   5.00491268e+11  4.92501576e+11  8.29e-02 9.52e-07  5.96e+02   536s
  93   5.00115906e+11  4.92843775e+11  8.75e-02 9.69e-07  5.43e+02   542s
  94   4.99785993e+11  4.93010677e+11  8.91e-02 9.54e-07  5.06e+02   547s
  95   4.99291297e+11  4.93154195e+11  9.17e-02 1.12e-06  4.58e+02   553s
  96   4.99075461e+11  4.93515604e+11  9.11e-02 9.99e-07  4.15e+02   559s
  97   4.98778495e+11  4.93782597e+11  8.73e-02 1.09e-06  3.73e+02   568s
  98   4.98462634e+11  4.93917680e+11  8.43e-02 1.01e-06  3.39e+02   573s
  99   4.98235913e+11  4.94027666e+11  8.19e-02 1.04e-06  3.14e+02   578s
 100   4.98005456e+11  4.94139225e+11  7.85e-02 9.84e-07  2.89e+02   584s
 101   4.97930065e+11  4.94271214e+11  7.66e-02 8.63e-07  2.73e+02   592s
 102   4.97802194e+11  4.94294148e+11  7.38e-02 9.72e-07  2.62e+02   596s
 103   4.97571297e+11  4.94359013e+11  7.02e-02 9.61e-07  2.40e+02   601s
 104   4.97412628e+11  4.94412253e+11  6.79e-02 1.07e-06  2.24e+02   608s
 105   4.97199411e+11  4.94465603e+11  6.51e-02 1.17e-06  2.04e+02   614s
 106   4.97091814e+11  4.94591953e+11  6.43e-02 9.75e-07  1.87e+02   620s
 107   4.96950582e+11  4.94637741e+11  6.34e-02 1.00e-06  1.73e+02   625s
 108   4.96851689e+11  4.94685567e+11  6.19e-02 1.18e-06  1.62e+02   631s
 109   4.96800937e+11  4.94707357e+11  6.11e-02 1.03e-06  1.56e+02   635s
 110   4.96741080e+11  4.94746693e+11  6.08e-02 1.06e-06  1.49e+02   641s
 111   4.96631537e+11  4.94802901e+11  5.88e-02 1.13e-06  1.37e+02   648s
 112   4.96502889e+11  4.94831639e+11  5.68e-02 1.08e-06  1.25e+02   653s
 113   4.96441314e+11  4.94877595e+11  5.61e-02 1.09e-06  1.17e+02   661s
 114   4.96378016e+11  4.94915296e+11  5.34e-02 1.05e-06  1.09e+02   669s
 115   4.96293665e+11  4.94946122e+11  4.93e-02 9.94e-07  1.01e+02   677s
 116   4.96264844e+11  4.94963741e+11  4.77e-02 1.07e-06  9.71e+01   682s
 117   4.96177165e+11  4.94991925e+11  4.31e-02 1.09e-06  8.85e+01   689s
 118   4.96101262e+11  4.95014967e+11  4.01e-02 1.13e-06  8.11e+01   694s
 119   4.96067796e+11  4.95036049e+11  3.85e-02 1.13e-06  7.70e+01   700s
 120   4.95998711e+11  4.95077816e+11  3.42e-02 1.16e-06  6.88e+01   707s
 121   4.95909378e+11  4.95094461e+11  2.95e-02 1.02e-06  6.08e+01   714s
 122   4.95893586e+11  4.95129505e+11  2.86e-02 1.08e-06  5.70e+01   720s
 123   4.95856047e+11  4.95159024e+11  2.80e-02 1.02e-06  5.20e+01   731s
 124   4.95824982e+11  4.95182446e+11  2.55e-02 1.10e-06  4.80e+01   739s
 125   4.95787102e+11  4.95192786e+11  2.36e-02 1.10e-06  4.44e+01   746s
 126   4.95757470e+11  4.95201548e+11  2.11e-02 1.09e-06  4.15e+01   753s
 127   4.95734872e+11  4.95215241e+11  1.98e-02 1.07e-06  3.88e+01   761s
 128   4.95715558e+11  4.95225194e+11  1.94e-02 1.04e-06  3.66e+01   769s
 129   4.95697795e+11  4.95238196e+11  1.80e-02 1.05e-06  3.43e+01   778s
 130   4.95662055e+11  4.95257791e+11  1.59e-02 9.81e-07  3.02e+01   786s
 131   4.95632646e+11  4.95264041e+11  1.44e-02 9.82e-07  2.75e+01   792s
 132   4.95616231e+11  4.95279578e+11  1.38e-02 9.76e-07  2.51e+01   799s
 133   4.95602122e+11  4.95294021e+11  1.36e-02 9.06e-07  2.30e+01   809s
 134   4.95590393e+11  4.95305168e+11  1.32e-02 9.20e-07  2.13e+01   820s
 135   4.95569379e+11  4.95310326e+11  1.19e-02 1.02e-06  1.93e+01   830s
 136   4.95549454e+11  4.95317376e+11  1.04e-02 1.19e-06  1.73e+01   849s
 137   4.95531540e+11  4.95325397e+11  9.75e-03 1.17e-06  1.54e+01   862s
 138   4.95522961e+11  4.95334238e+11  9.27e-03 1.26e-06  1.41e+01   874s
 139   4.95513833e+11  4.95341140e+11  8.70e-03 9.30e-07  1.29e+01   889s
 140   4.95501819e+11  4.95345234e+11  7.95e-03 1.01e-06  1.17e+01   903s
 141   4.95493519e+11  4.95348290e+11  7.37e-03 9.89e-07  1.08e+01   917s
 142   4.95488740e+11  4.95351358e+11  7.02e-03 1.10e-06  1.03e+01   932s
 143   4.95479934e+11  4.95354390e+11  6.41e-03 1.06e-06  9.38e+00   945s
 144   4.95471684e+11  4.95360397e+11  5.80e-03 8.44e-07  8.31e+00   955s
 145   4.95461473e+11  4.95363142e+11  5.02e-03 1.06e-06  7.34e+00   968s
 146   4.95452581e+11  4.95365783e+11  4.36e-03 1.20e-06  6.48e+00   976s
 147   4.95447466e+11  4.95368825e+11  4.02e-03 1.04e-06  5.87e+00   988s
 148   4.95442712e+11  4.95370700e+11  3.68e-03 9.33e-07  5.38e+00  1001s
 149   4.95440648e+11  4.95371108e+11  3.52e-03 9.39e-07  5.19e+00  1015s
 150   4.95438099e+11  4.95372922e+11  3.35e-03 1.00e-06  4.87e+00  1029s
 151   4.95436028e+11  4.95374652e+11  3.20e-03 9.73e-07  4.58e+00  1044s
 152   4.95433502e+11  4.95375998e+11  3.01e-03 1.00e-06  4.29e+00  1060s
 153   4.95431255e+11  4.95376786e+11  2.84e-03 1.10e-06  4.07e+00  1079s
 154   4.95430426e+11  4.95377184e+11  2.78e-03 1.12e-06  3.98e+00  1088s
 155   4.95428949e+11  4.95378405e+11  2.67e-03 1.03e-06  3.77e+00  1099s
 156   4.95425963e+11  4.95379374e+11  2.44e-03 1.08e-06  3.48e+00  1112s
 157   4.95424237e+11  4.95380755e+11  2.32e-03 9.35e-07  3.25e+00  1131s
 158   4.95422916e+11  4.95380902e+11  2.23e-03 9.85e-07  3.14e+00  1142s
 159   4.95420804e+11  4.95382483e+11  2.12e-03 1.02e-06  2.86e+00  1156s
 160   4.95418230e+11  4.95383594e+11  1.93e-03 9.93e-07  2.59e+00  1173s
 161   4.95416068e+11  4.95384380e+11  1.77e-03 1.08e-06  2.37e+00  1186s
 162   4.95415226e+11  4.95384856e+11  1.70e-03 9.87e-07  2.27e+00  1204s
 163   4.95413368e+11  4.95385821e+11  1.56e-03 1.07e-06  2.06e+00  1219s
 164   4.95411400e+11  4.95386647e+11  1.40e-03 9.77e-07  1.85e+00  1229s
 165   4.95409322e+11  4.95387359e+11  1.24e-03 9.27e-07  1.64e+00  1241s
 166   4.95408214e+11  4.95387835e+11  1.15e-03 1.07e-06  1.52e+00  1264s
 167   4.95405691e+11  4.95388097e+11  9.55e-04 1.00e-06  1.31e+00  1287s
 168   4.95404293e+11  4.95389320e+11  8.46e-04 8.91e-07  1.12e+00  1301s
 169   4.95403189e+11  4.95389705e+11  7.61e-04 1.52e-06  1.01e+00  1326s
 170   4.95401834e+11  4.95390011e+11  6.57e-04 1.13e-06  8.83e-01  1348s
 171   4.95401192e+11  4.95390276e+11  6.08e-04 2.26e-06  8.15e-01  1367s
 172   4.95399942e+11  4.95390826e+11  5.10e-04 9.72e-07  6.81e-01  1393s
 173   4.95398614e+11  4.95391267e+11  4.08e-04 8.91e-07  5.49e-01  1416s
 174   4.95398334e+11  4.95391417e+11  3.86e-04 1.67e-06  5.17e-01  1434s
 175   4.95397248e+11  4.95391720e+11  3.02e-04 1.19e-06  4.13e-01  1456s
 176   4.95396419e+11  4.95391982e+11  2.36e-04 1.31e-06  3.31e-01  1475s
 177   4.95395164e+11  4.95392196e+11  1.43e-04 1.70e-06  2.22e-01  1492s
 178   4.95394893e+11  4.95392344e+11  1.22e-04 1.52e-06  1.90e-01  1503s
 179   4.95394673e+11  4.95392624e+11  1.06e-04 7.43e-07  1.53e-01  1520s
 180   4.95394198e+11  4.95392724e+11  6.91e-05 9.24e-07  1.10e-01  1539s
 181   4.95393973e+11  4.95392826e+11  5.24e-05 9.54e-07  8.57e-02  1563s
 182   4.95393697e+11  4.95392893e+11  3.10e-05 8.90e-07  6.01e-02  1580s
 183   4.95393659e+11  4.95392955e+11  2.81e-05 1.97e-06  5.26e-02  1596s
 184   4.95393606e+11  4.95393033e+11  2.43e-05 1.94e-06  4.28e-02  1611s
 185   4.95393481e+11  4.95393118e+11  1.53e-05 7.25e-07  2.71e-02  1625s
 186   4.95393430e+11  4.95393148e+11  1.14e-05 2.65e-06  2.11e-02  1643s
 187   4.95393371e+11  4.95393165e+11  6.98e-06 1.28e-06  1.54e-02  1657s
 188   4.95393327e+11  4.95393233e+11  3.82e-06 1.58e-06  6.98e-03  1676s
 189   4.95393295e+11  4.95393256e+11  3.82e-05 2.29e-06  2.86e-03  1693s
 190   4.95393281e+11  4.95393268e+11  1.96e-05 8.48e-06  9.32e-04  1702s
 191   4.95393275e+11  4.95393270e+11  1.68e-04 2.96e-05  4.11e-04  1707s
 192   4.95393272e+11  4.95393270e+11  1.36e-04 1.70e-05  1.70e-04  1711s
 193   4.95393272e+11  4.95393270e+11  1.08e-04 3.62e-05  1.36e-04  1715s
 194   4.95393272e+11  4.95393270e+11  7.27e-05 1.41e-05  9.21e-05  1719s
 195   4.95393271e+11  4.95393271e+11  6.18e-05 3.05e-05  4.33e-05  1723s
 196   4.95393271e+11  4.95393271e+11  3.27e-05 7.67e-05  2.19e-05  1728s
 197   4.95393271e+11  4.95393271e+11  6.90e-05 6.28e-05  1.20e-05  1732s
 198   4.95393271e+11  4.95393271e+11  5.14e-05 5.21e-05  7.77e-06  1736s
 199   4.95393271e+11  4.95393271e+11  6.02e-05 1.89e-05  6.03e-06  1740s
 200   4.95393271e+11  4.95393271e+11  8.12e-05 3.41e-05  4.13e-06  1744s
 201   4.95393271e+11  4.95393271e+11  5.86e-05 6.52e-05  2.95e-06  1749s
 202   4.95393271e+11  4.95393271e+11  6.05e-05 6.50e-05  2.95e-06  1753s
 203   4.95393271e+11  4.95393271e+11  6.87e-05 5.73e-05  2.94e-06  1758s
 204   4.95393271e+11  4.95393271e+11  7.74e-05 5.93e-05  2.79e-06  1763s
 205   4.95393271e+11  4.95393271e+11  2.17e-04 2.42e-05  1.83e-06  1767s
 206   4.95393271e+11  4.95393271e+11  2.16e-04 2.43e-05  1.83e-06  1773s
 207   4.95393271e+11  4.95393271e+11  2.16e-04 2.45e-05  1.82e-06  1778s
 208   4.95393271e+11  4.95393271e+11  2.16e-04 2.32e-05  1.82e-06  1786s
 209   4.95393271e+11  4.95393271e+11  2.15e-04 2.31e-05  1.82e-06  1794s
 210   4.95393271e+11  4.95393271e+11  2.14e-04 2.25e-05  1.82e-06  1801s
 211   4.95393271e+11  4.95393271e+11  2.12e-04 5.00e-05  1.81e-06  1808s
 212   4.95393271e+11  4.95393271e+11  2.11e-04 2.11e-05  1.80e-06  1816s
 213   4.95393271e+11  4.95393271e+11  2.10e-04 4.63e-05  1.80e-06  1823s
 214   4.95393271e+11  4.95393271e+11  2.05e-04 4.32e-05  1.78e-06  1829s
 215   4.95393271e+11  4.95393271e+11  1.99e-04 4.13e-05  1.73e-06  1834s

Barrier performed 215 iterations in 1834.33 seconds (2027.30 work units)
Sub-optimal termination - objective 4.95393271e+11

Crossover log...

 5761675 variables added to crossover basis                     1842s

 2013758 DPushes remaining with DInf 0.0000000e+00              1846s
 1052007 DPushes remaining with DInf 0.0000000e+00              1947s
  700426 DPushes remaining with DInf 0.0000000e+00              2008s
  476340 DPushes remaining with DInf 0.0000000e+00              2054s
  336781 DPushes remaining with DInf 0.0000000e+00              2089s
  250355 DPushes remaining with DInf 0.0000000e+00              2112s
  199390 DPushes remaining with DInf 0.0000000e+00              2131s
  164869 DPushes remaining with DInf 0.0000000e+00              2146s
  136253 DPushes remaining with DInf 0.0000000e+00              2158s
  119034 DPushes remaining with DInf 0.0000000e+00              2166s
  108172 DPushes remaining with DInf 0.0000000e+00              2173s
   99728 DPushes remaining with DInf 0.0000000e+00              2179s
   94465 DPushes remaining with DInf 0.0000000e+00              2184s
   88177 DPushes remaining with DInf 0.0000000e+00              2188s
   82610 DPushes remaining with DInf 0.0000000e+00              2192s
   78437 DPushes remaining with DInf 0.0000000e+00              2196s
   69244 DPushes remaining with DInf 0.0000000e+00              2204s
   66221 DPushes remaining with DInf 0.0000000e+00              2207s
   64382 DPushes remaining with DInf 0.0000000e+00              2211s
   60662 DPushes remaining with DInf 0.0000000e+00              2217s
   58668 DPushes remaining with DInf 0.0000000e+00              2221s
   56598 DPushes remaining with DInf 0.0000000e+00              2225s
   52624 DPushes remaining with DInf 0.0000000e+00              2233s
   50341 DPushes remaining with DInf 0.0000000e+00              2236s
   45455 DPushes remaining with DInf 0.0000000e+00              2244s
   43774 DPushes remaining with DInf 0.0000000e+00              2248s
   42028 DPushes remaining with DInf 0.0000000e+00              2252s
   40184 DPushes remaining with DInf 0.0000000e+00              2256s
   35390 DPushes remaining with DInf 0.0000000e+00              2264s
   33519 DPushes remaining with DInf 0.0000000e+00              2268s
   31480 DPushes remaining with DInf 0.0000000e+00              2273s
   28370 DPushes remaining with DInf 0.0000000e+00              2278s
   25702 DPushes remaining with DInf 0.0000000e+00              2286s
   22160 DPushes remaining with DInf 0.0000000e+00              2293s
   18715 DPushes remaining with DInf 1.0663162e-04              2301s
   15714 DPushes remaining with DInf 2.6066021e-04              2307s
   11970 DPushes remaining with DInf 0.0000000e+00              2312s
   10556 DPushes remaining with DInf 0.0000000e+00              2318s
    9159 DPushes remaining with DInf 0.0000000e+00              2324s
    7715 DPushes remaining with DInf 0.0000000e+00              2331s
    5288 DPushes remaining with DInf 0.0000000e+00              2338s
    3469 DPushes remaining with DInf 0.0000000e+00              2348s
    1149 DPushes remaining with DInf 0.0000000e+00              2356s
       0 DPushes remaining with DInf 0.0000000e+00              2363s
Warning: Markowitz tolerance tightened to 0.5

  850637 PPushes remaining with PInf 3.9282767e-01              2364s
  530373 PPushes remaining with PInf 1.0778333e+00              2513s
  423465 PPushes remaining with PInf 1.1569178e+00              2575s
  372958 PPushes remaining with PInf 1.1252798e+00              2611s
  340171 PPushes remaining with PInf 9.8405141e-01              2625s
  313576 PPushes remaining with PInf 8.9179127e-01              2635s
  291060 PPushes remaining with PInf 7.3900088e-01              2644s
  272388 PPushes remaining with PInf 6.5934447e-01              2651s
  254092 PPushes remaining with PInf 1.9096084e+00              2657s
  236275 PPushes remaining with PInf 1.8862098e+00              2662s
  216610 PPushes remaining with PInf 1.7530740e+00              2667s
  199563 PPushes remaining with PInf 1.7280662e+00              2673s
  183900 PPushes remaining with PInf 1.7199351e+00              2678s
  171763 PPushes remaining with PInf 5.2898653e-01              2682s
  162377 PPushes remaining with PInf 5.2358115e-01              2688s
  151467 PPushes remaining with PInf 5.1394427e-01              2692s
  143268 PPushes remaining with PInf 4.8703706e-01              2696s
  135509 PPushes remaining with PInf 4.2788158e-01              2700s
  122424 PPushes remaining with PInf 3.9867945e-01              2708s
  117602 PPushes remaining with PInf 3.9241392e-01              2712s
  113266 PPushes remaining with PInf 3.8907586e-01              2717s
  107993 PPushes remaining with PInf 3.8383949e-01              2721s
   97344 PPushes remaining with PInf 3.6996346e-01              2729s
   92636 PPushes remaining with PInf 3.6594038e-01              2733s
   89292 PPushes remaining with PInf 3.5547768e-01              2737s
   86509 PPushes remaining with PInf 3.5341424e-01              2740s
   72581 PPushes remaining with PInf 3.1667234e-01              2772s
   59487 PPushes remaining with PInf 2.9361742e-01              2826s
    6436 PPushes remaining with PInf 2.2855250e-01              3110s
       0 PPushes remaining with PInf 0.0000000e+00              3141s

  Push phase complete: Pinf 0.0000000e+00, Dinf 7.5821343e+03   3142s

Iteration    Objective       Primal Inf.    Dual Inf.      Time
 2162633    4.9539327e+11   0.000000e+00   7.582134e+03   3145s
 2163925    4.9539327e+11   0.000000e+00   9.015101e+01   3152s
 2164768    4.9539327e+11   0.000000e+00   0.000000e+00   3156s
 2164768    4.9539327e+11   0.000000e+00   0.000000e+00   3167s

Solved in 2164768 iterations and 3166.61 seconds (2573.17 work units)
Optimal objective  4.953932708e+11

User-callback calls 2914612, time in user-callback 1.13 sec
  ____           __  __   _ _
 / ___| ___ _ __ \ \/ /  (_) |
| |  _ / _ \ '_ \ \  /   | | |
| |_| |  __/ | | |/  \ _ | | |
 \____|\___|_| |_/_/\_(_)/ |_|
                       |__/
 Version: 0.4.1-dev.19

Configuring Settings
Configuring Multistage Settings
Configuring Solver
Reading Input CSV Files
Network.csv Successfully Read!
Demand (load) data Successfully Read!
Fuels_data.csv Successfully Read!

Summary of resources loaded into the model:
-------------------------------------------------------
	Resource type 		Number of resources
=======================================================
	Thermal        		64
	VRE            		125
	Hydro          		6
	Storage        		26
	Must_run       		26
=======================================================
Total number of resources: 247
-------------------------------------------------------
Generators_variability.csv Successfully Read!
Validating time basis
Capacity_reserve_margin.csv Successfully Read!
Energy_share_requirement.csv Successfully Read!
CO2_cap.csv Successfully Read!
CSV Files Successfully Read In From /home/gm1710/GenX/example_systems/AZ/regionalization_high_ghg/inputs/inputs_p1
Discharge Module
Non-served Energy Module
Investment Discharge Module
Unit Commitment Module
Fuel Module
Investment Transmission Module
Transmission Module
CO2 Module
Dispatchable Resources Module
Must-Run Resources Module
Storage Resources Module
Storage Investment Module
Storage Core Resources Module
Storage Resources with Symmetric Charge/Discharge Capacity Module
Hydro Reservoir Core Resources Module
Thermal (Unit Commitment) Resources Module
CO2 Policies Module
Energy Share Requirement Policies Module
Capacity Reserve Margin Policies Module
Reading Input CSV Files
Network.csv Successfully Read!
Demand (load) data Successfully Read!
Fuels_data.csv Successfully Read!

Summary of resources loaded into the model:
-------------------------------------------------------
	Resource type 		Number of resources
=======================================================
	Thermal        		64
	VRE            		125
	Hydro          		6
	Storage        		26
	Must_run       		26
=======================================================
Total number of resources: 247
-------------------------------------------------------
Generators_variability.csv Successfully Read!
Validating time basis
Capacity_reserve_margin.csv Successfully Read!
Energy_share_requirement.csv Successfully Read!
CO2_cap.csv Successfully Read!
CSV Files Successfully Read In From /home/gm1710/GenX/example_systems/AZ/regionalization_high_ghg/inputs/inputs_p2
Discharge Module
Non-served Energy Module
Investment Discharge Module
Unit Commitment Module
Fuel Module
Investment Transmission Module
Transmission Module
CO2 Module
Dispatchable Resources Module
Must-Run Resources Module
Storage Resources Module
Storage Investment Module
Storage Core Resources Module
Storage Resources with Symmetric Charge/Discharge Capacity Module
Hydro Reservoir Core Resources Module
Thermal (Unit Commitment) Resources Module
CO2 Policies Module
Energy Share Requirement Policies Module
Capacity Reserve Margin Policies Module
Reading Input CSV Files
Network.csv Successfully Read!
Demand (load) data Successfully Read!
Fuels_data.csv Successfully Read!

Summary of resources loaded into the model:
-------------------------------------------------------
	Resource type 		Number of resources
=======================================================
	Thermal        		64
	VRE            		125
	Hydro          		6
	Storage        		26
	Must_run       		26
=======================================================
Total number of resources: 247
-------------------------------------------------------
Generators_variability.csv Successfully Read!
Validating time basis
Capacity_reserve_margin.csv Successfully Read!
Energy_share_requirement.csv Successfully Read!
CO2_cap.csv Successfully Read!
CSV Files Successfully Read In From /home/gm1710/GenX/example_systems/AZ/regionalization_high_ghg/inputs/inputs_p3
Discharge Module
Non-served Energy Module
Investment Discharge Module
Unit Commitment Module
Fuel Module
Investment Transmission Module
Transmission Module
CO2 Module
Dispatchable Resources Module
Must-Run Resources Module
Storage Resources Module
Storage Investment Module
Storage Core Resources Module
Storage Resources with Symmetric Charge/Discharge Capacity Module
Hydro Reservoir Core Resources Module
Thermal (Unit Commitment) Resources Module
CO2 Policies Module
Energy Share Requirement Policies Module
Capacity Reserve Margin Policies Module
Reading Input CSV Files
Network.csv Successfully Read!
Demand (load) data Successfully Read!
Fuels_data.csv Successfully Read!

Summary of resources loaded into the model:
-------------------------------------------------------
	Resource type 		Number of resources
=======================================================
	Thermal        		64
	VRE            		125
	Hydro          		6
	Storage        		26
	Must_run       		26
=======================================================
Total number of resources: 247
-------------------------------------------------------
Generators_variability.csv Successfully Read!
Validating time basis
Capacity_reserve_margin.csv Successfully Read!
Energy_share_requirement.csv Successfully Read!
CO2_cap.csv Successfully Read!
CSV Files Successfully Read In From /home/gm1710/GenX/example_systems/AZ/regionalization_high_ghg/inputs/inputs_p4
Discharge Module
Non-served Energy Module
Investment Discharge Module
Unit Commitment Module
Fuel Module
Investment Transmission Module
Transmission Module
CO2 Module
Dispatchable Resources Module
Must-Run Resources Module
Storage Resources Module
Storage Investment Module
Storage Core Resources Module
Storage Resources with Symmetric Charge/Discharge Capacity Module
Hydro Reservoir Core Resources Module
Thermal (Unit Commitment) Resources Module
CO2 Policies Module
Energy Share Requirement Policies Module
Capacity Reserve Margin Policies Module
Reading Input CSV Files
Network.csv Successfully Read!
Demand (load) data Successfully Read!
Fuels_data.csv Successfully Read!

Summary of resources loaded into the model:
-------------------------------------------------------
	Resource type 		Number of resources
=======================================================
	Thermal        		64
	VRE            		125
	Hydro          		6
	Storage        		26
	Must_run       		26
=======================================================
Total number of resources: 247
-------------------------------------------------------
Generators_variability.csv Successfully Read!
Validating time basis
Capacity_reserve_margin.csv Successfully Read!
Energy_share_requirement.csv Successfully Read!
CO2_cap.csv Successfully Read!
CSV Files Successfully Read In From /home/gm1710/GenX/example_systems/AZ/regionalization_high_ghg/inputs/inputs_p5
Discharge Module
Non-served Energy Module
Investment Discharge Module
Unit Commitment Module
Fuel Module
Investment Transmission Module
Transmission Module
CO2 Module
Dispatchable Resources Module
Must-Run Resources Module
Storage Resources Module
Storage Investment Module
Storage Core Resources Module
Storage Resources with Symmetric Charge/Discharge Capacity Module
Hydro Reservoir Core Resources Module
Thermal (Unit Commitment) Resources Module
CO2 Policies Module
Energy Share Requirement Policies Module
Capacity Reserve Margin Policies Module
Reading Input CSV Files
Network.csv Successfully Read!
Demand (load) data Successfully Read!
Fuels_data.csv Successfully Read!

Summary of resources loaded into the model:
-------------------------------------------------------
	Resource type 		Number of resources
=======================================================
	Thermal        		64
	VRE            		125
	Hydro          		6
	Storage        		26
	Must_run       		26
=======================================================
Total number of resources: 247
-------------------------------------------------------
Generators_variability.csv Successfully Read!
Validating time basis
Capacity_reserve_margin.csv Successfully Read!
Energy_share_requirement.csv Successfully Read!
CO2_cap.csv Successfully Read!
CSV Files Successfully Read In From /home/gm1710/GenX/example_systems/AZ/regionalization_high_ghg/inputs/inputs_p6
Discharge Module
Non-served Energy Module
Investment Discharge Module
Unit Commitment Module
Fuel Module
Investment Transmission Module
Transmission Module
CO2 Module
Dispatchable Resources Module
Must-Run Resources Module
Storage Resources Module
Storage Investment Module
Storage Core Resources Module
Storage Resources with Symmetric Charge/Discharge Capacity Module
Hydro Reservoir Core Resources Module
Thermal (Unit Commitment) Resources Module
CO2 Policies Module
Energy Share Requirement Policies Module
Capacity Reserve Margin Policies Module
Reading Input CSV Files
Network.csv Successfully Read!
Demand (load) data Successfully Read!
Fuels_data.csv Successfully Read!

Summary of resources loaded into the model:
-------------------------------------------------------
	Resource type 		Number of resources
=======================================================
	Thermal        		64
	VRE            		125
	Hydro          		6
	Storage        		26
	Must_run       		26
=======================================================
Total number of resources: 247
-------------------------------------------------------
Generators_variability.csv Successfully Read!
Validating time basis
Capacity_reserve_margin.csv Successfully Read!
Energy_share_requirement.csv Successfully Read!
CO2_cap.csv Successfully Read!
CSV Files Successfully Read In From /home/gm1710/GenX/example_systems/AZ/regionalization_high_ghg/inputs/inputs_p7
Discharge Module
Non-served Energy Module
Investment Discharge Module
Unit Commitment Module
Fuel Module
Investment Transmission Module
Transmission Module
CO2 Module
Dispatchable Resources Module
Must-Run Resources Module
Storage Resources Module
Storage Investment Module
Storage Core Resources Module
Storage Resources with Symmetric Charge/Discharge Capacity Module
Hydro Reservoir Core Resources Module
Thermal (Unit Commitment) Resources Module
CO2 Policies Module
Energy Share Requirement Policies Module
Capacity Reserve Margin Policies Module
Reading Input CSV Files
Network.csv Successfully Read!
Demand (load) data Successfully Read!
Fuels_data.csv Successfully Read!

Summary of resources loaded into the model:
-------------------------------------------------------
	Resource type 		Number of resources
=======================================================
	Thermal        		64
	VRE            		125
	Hydro          		6
	Storage        		26
	Must_run       		26
=======================================================
Total number of resources: 247
-------------------------------------------------------
Generators_variability.csv Successfully Read!
Validating time basis
Capacity_reserve_margin.csv Successfully Read!
Energy_share_requirement.csv Successfully Read!
CO2_cap.csv Successfully Read!
CSV Files Successfully Read In From /home/gm1710/GenX/example_systems/AZ/regionalization_high_ghg/inputs/inputs_p8
Discharge Module
Non-served Energy Module
Investment Discharge Module
Unit Commitment Module
Fuel Module
Investment Transmission Module
Transmission Module
CO2 Module
Dispatchable Resources Module
Must-Run Resources Module
Storage Resources Module
Storage Investment Module
Storage Core Resources Module
Storage Resources with Symmetric Charge/Discharge Capacity Module
Hydro Reservoir Core Resources Module
Thermal (Unit Commitment) Resources Module
CO2 Policies Module
Energy Share Requirement Policies Module
Capacity Reserve Margin Policies Module
Reading Input CSV Files
Network.csv Successfully Read!
Demand (load) data Successfully Read!
Fuels_data.csv Successfully Read!

Summary of resources loaded into the model:
-------------------------------------------------------
	Resource type 		Number of resources
=======================================================
	Thermal        		64
	VRE            		125
	Hydro          		6
	Storage        		26
	Must_run       		26
=======================================================
Total number of resources: 247
-------------------------------------------------------
Generators_variability.csv Successfully Read!
Validating time basis
Capacity_reserve_margin.csv Successfully Read!
Energy_share_requirement.csv Successfully Read!
CO2_cap.csv Successfully Read!
CSV Files Successfully Read In From /home/gm1710/GenX/example_systems/AZ/regionalization_high_ghg/inputs/inputs_p9
Discharge Module
Non-served Energy Module
Investment Discharge Module
Unit Commitment Module
Fuel Module
Investment Transmission Module
Transmission Module
CO2 Module
Dispatchable Resources Module
Must-Run Resources Module
Storage Resources Module
Storage Investment Module
Storage Core Resources Module
Storage Resources with Symmetric Charge/Discharge Capacity Module
Hydro Reservoir Core Resources Module
Thermal (Unit Commitment) Resources Module
CO2 Policies Module
Energy Share Requirement Policies Module
Capacity Reserve Margin Policies Module
Reading Input CSV Files
Network.csv Successfully Read!
Demand (load) data Successfully Read!
Fuels_data.csv Successfully Read!

Summary of resources loaded into the model:
-------------------------------------------------------
	Resource type 		Number of resources
=======================================================
	Thermal        		64
	VRE            		125
	Hydro          		6
	Storage        		26
	Must_run       		26
=======================================================
Total number of resources: 247
-------------------------------------------------------
Generators_variability.csv Successfully Read!
Validating time basis
Capacity_reserve_margin.csv Successfully Read!
Energy_share_requirement.csv Successfully Read!
CO2_cap.csv Successfully Read!
CSV Files Successfully Read In From /home/gm1710/GenX/example_systems/AZ/regionalization_high_ghg/inputs/inputs_p10
Discharge Module
Non-served Energy Module
Investment Discharge Module
Unit Commitment Module
Fuel Module
Investment Transmission Module
Transmission Module
CO2 Module
Dispatchable Resources Module
Must-Run Resources Module
Storage Resources Module
Storage Investment Module
Storage Core Resources Module
Storage Resources with Symmetric Charge/Discharge Capacity Module
Hydro Reservoir Core Resources Module
Thermal (Unit Commitment) Resources Module
CO2 Policies Module
Energy Share Requirement Policies Module
Capacity Reserve Margin Policies Module
Reading Input CSV Files
Network.csv Successfully Read!
Demand (load) data Successfully Read!
Fuels_data.csv Successfully Read!

Summary of resources loaded into the model:
-------------------------------------------------------
	Resource type 		Number of resources
=======================================================
	Thermal        		64
	VRE            		125
	Hydro          		6
	Storage        		26
	Must_run       		26
=======================================================
Total number of resources: 247
-------------------------------------------------------
Generators_variability.csv Successfully Read!
Validating time basis
Capacity_reserve_margin.csv Successfully Read!
Energy_share_requirement.csv Successfully Read!
CO2_cap.csv Successfully Read!
CSV Files Successfully Read In From /home/gm1710/GenX/example_systems/AZ/regionalization_high_ghg/inputs/inputs_p11
Discharge Module
Non-served Energy Module
Investment Discharge Module
Unit Commitment Module
Fuel Module
Investment Transmission Module
Transmission Module
CO2 Module
Dispatchable Resources Module
Must-Run Resources Module
Storage Resources Module
Storage Investment Module
Storage Core Resources Module
Storage Resources with Symmetric Charge/Discharge Capacity Module
Hydro Reservoir Core Resources Module
Thermal (Unit Commitment) Resources Module
CO2 Policies Module
Energy Share Requirement Policies Module
Capacity Reserve Margin Policies Module
Reading Input CSV Files
Network.csv Successfully Read!
Demand (load) data Successfully Read!
Fuels_data.csv Successfully Read!

Summary of resources loaded into the model:
-------------------------------------------------------
	Resource type 		Number of resources
=======================================================
	Thermal        		64
	VRE            		125
	Hydro          		6
	Storage        		26
	Must_run       		26
=======================================================
Total number of resources: 247
-------------------------------------------------------
Generators_variability.csv Successfully Read!
Validating time basis
Capacity_reserve_margin.csv Successfully Read!
Energy_share_requirement.csv Successfully Read!
CO2_cap.csv Successfully Read!
CSV Files Successfully Read In From /home/gm1710/GenX/example_systems/AZ/regionalization_high_ghg/inputs/inputs_p12
Discharge Module
Non-served Energy Module
Investment Discharge Module
Unit Commitment Module
Fuel Module
Investment Transmission Module
Transmission Module
CO2 Module
Dispatchable Resources Module
Must-Run Resources Module
Storage Resources Module
Storage Investment Module
Storage Core Resources Module
Storage Resources with Symmetric Charge/Discharge Capacity Module
Hydro Reservoir Core Resources Module
Thermal (Unit Commitment) Resources Module
CO2 Policies Module
Energy Share Requirement Policies Module
Capacity Reserve Margin Policies Module
Reading Input CSV Files
Network.csv Successfully Read!
Demand (load) data Successfully Read!
Fuels_data.csv Successfully Read!

Summary of resources loaded into the model:
-------------------------------------------------------
	Resource type 		Number of resources
=======================================================
	Thermal        		64
	VRE            		125
	Hydro          		6
	Storage        		26
	Must_run       		26
=======================================================
Total number of resources: 247
-------------------------------------------------------
Generators_variability.csv Successfully Read!
Validating time basis
Capacity_reserve_margin.csv Successfully Read!
Energy_share_requirement.csv Successfully Read!
CO2_cap.csv Successfully Read!
CSV Files Successfully Read In From /home/gm1710/GenX/example_systems/AZ/regionalization_high_ghg/inputs/inputs_p13
Discharge Module
Non-served Energy Module
Investment Discharge Module
Unit Commitment Module
Fuel Module
Investment Transmission Module
Transmission Module
CO2 Module
Dispatchable Resources Module
Must-Run Resources Module
Storage Resources Module
Storage Investment Module
Storage Core Resources Module
Storage Resources with Symmetric Charge/Discharge Capacity Module
Hydro Reservoir Core Resources Module
Thermal (Unit Commitment) Resources Module
CO2 Policies Module
Energy Share Requirement Policies Module
Capacity Reserve Margin Policies Module
Reading Input CSV Files
Network.csv Successfully Read!
Demand (load) data Successfully Read!
Fuels_data.csv Successfully Read!

Summary of resources loaded into the model:
-------------------------------------------------------
	Resource type 		Number of resources
=======================================================
	Thermal        		64
	VRE            		125
	Hydro          		6
	Storage        		26
	Must_run       		26
=======================================================
Total number of resources: 247
-------------------------------------------------------
Generators_variability.csv Successfully Read!
Validating time basis
Capacity_reserve_margin.csv Successfully Read!
Energy_share_requirement.csv Successfully Read!
CO2_cap.csv Successfully Read!
CSV Files Successfully Read In From /home/gm1710/GenX/example_systems/AZ/regionalization_high_ghg/inputs/inputs_p14
Discharge Module
Non-served Energy Module
Investment Discharge Module
Unit Commitment Module
Fuel Module
Investment Transmission Module
Transmission Module
CO2 Module
Dispatchable Resources Module
Must-Run Resources Module
Storage Resources Module
Storage Investment Module
Storage Core Resources Module
Storage Resources with Symmetric Charge/Discharge Capacity Module
Hydro Reservoir Core Resources Module
Thermal (Unit Commitment) Resources Module
CO2 Policies Module
Energy Share Requirement Policies Module
Capacity Reserve Margin Policies Module
Reading Input CSV Files
Network.csv Successfully Read!
Demand (load) data Successfully Read!
Fuels_data.csv Successfully Read!

Summary of resources loaded into the model:
-------------------------------------------------------
	Resource type 		Number of resources
=======================================================
	Thermal        		64
	VRE            		125
	Hydro          		6
	Storage        		26
	Must_run       		26
=======================================================
Total number of resources: 247
-------------------------------------------------------
Generators_variability.csv Successfully Read!
Validating time basis
Capacity_reserve_margin.csv Successfully Read!
Energy_share_requirement.csv Successfully Read!
CO2_cap.csv Successfully Read!
CSV Files Successfully Read In From /home/gm1710/GenX/example_systems/AZ/regionalization_high_ghg/inputs/inputs_p15
Discharge Module
Non-served Energy Module
Investment Discharge Module
Unit Commitment Module
Fuel Module
Investment Transmission Module
Transmission Module
CO2 Module
Dispatchable Resources Module
Must-Run Resources Module
Storage Resources Module
Storage Investment Module
Storage Core Resources Module
Storage Resources with Symmetric Charge/Discharge Capacity Module
Hydro Reservoir Core Resources Module
Thermal (Unit Commitment) Resources Module
CO2 Policies Module
Energy Share Requirement Policies Module
Capacity Reserve Margin Policies Module
Reading Input CSV Files
Network.csv Successfully Read!
Demand (load) data Successfully Read!
Fuels_data.csv Successfully Read!

Summary of resources loaded into the model:
-------------------------------------------------------
	Resource type 		Number of resources
=======================================================
	Thermal        		64
	VRE            		125
	Hydro          		6
	Storage        		26
	Must_run       		26
=======================================================
Total number of resources: 247
-------------------------------------------------------
Generators_variability.csv Successfully Read!
Validating time basis
Capacity_reserve_margin.csv Successfully Read!
Energy_share_requirement.csv Successfully Read!
CO2_cap.csv Successfully Read!
CSV Files Successfully Read In From /home/gm1710/GenX/example_systems/AZ/regionalization_high_ghg/inputs/inputs_p16
Discharge Module
Non-served Energy Module
Investment Discharge Module
Unit Commitment Module
Fuel Module
Investment Transmission Module
Transmission Module
CO2 Module
Dispatchable Resources Module
Must-Run Resources Module
Storage Resources Module
Storage Investment Module
Storage Core Resources Module
Storage Resources with Symmetric Charge/Discharge Capacity Module
Hydro Reservoir Core Resources Module
Thermal (Unit Commitment) Resources Module
CO2 Policies Module
Energy Share Requirement Policies Module
Capacity Reserve Margin Policies Module
Reading Input CSV Files
Network.csv Successfully Read!
Demand (load) data Successfully Read!
Fuels_data.csv Successfully Read!

Summary of resources loaded into the model:
-------------------------------------------------------
	Resource type 		Number of resources
=======================================================
	Thermal        		64
	VRE            		125
	Hydro          		6
	Storage        		26
	Must_run       		26
=======================================================
Total number of resources: 247
-------------------------------------------------------
Generators_variability.csv Successfully Read!
Validating time basis
Capacity_reserve_margin.csv Successfully Read!
Energy_share_requirement.csv Successfully Read!
CO2_cap.csv Successfully Read!
CSV Files Successfully Read In From /home/gm1710/GenX/example_systems/AZ/regionalization_high_ghg/inputs/inputs_p17
Discharge Module
Non-served Energy Module
Investment Discharge Module
Unit Commitment Module
Fuel Module
Investment Transmission Module
Transmission Module
CO2 Module
Dispatchable Resources Module
Must-Run Resources Module
Storage Resources Module
Storage Investment Module
Storage Core Resources Module
Storage Resources with Symmetric Charge/Discharge Capacity Module
Hydro Reservoir Core Resources Module
Thermal (Unit Commitment) Resources Module
CO2 Policies Module
Energy Share Requirement Policies Module
Capacity Reserve Margin Policies Module
Linking stages according to edge input.
Solving Model
Time elapsed for writing costs is
1.546086168
Time elapsed for writing capacity is
4.056981463
Time elapsed for writing power is
1.769926759
Time elapsed for writing charge is
0.286057607
Time elapsed for writing storage is
0.280613988
Time elapsed for writing curtailment is
0.596773124
Time elapsed for writing nse is
1.05303874
Time elapsed for writing power balance is
0.892522346
Time elapsed for writing transmission flows is
0.204412452
Time elapsed for writing transmission losses is
0.176148759
Time elapsed for writing network expansion is
0.138110841
Time elapsed for writing emissions is
0.560305352
Time elapsed for writing reliability is
0.245792121
Time elapsed for writing storage duals is
1.081447192
Time elapsed for writing commitment is
0.263569176
Time elapsed for writing startup is
0.048603317
Time elapsed for writing shutdown is
0.050069971
Time elapsed for writing fuel consumption is
1.369700828
Time elapsed for writing co2 is
0.243198182
Time elapsed for writing price is
0.130560993
Time elapsed for writing energy revenue is
0.647216468
Time elapsed for writing charging cost is
0.309977704
Time elapsed for writing subsidy is
0.311105908
Time elapsed for writing time weights is
0.083826854
Time elapsed for writing esr prices is
0.180180634
Time elapsed for writing esr revenue is
0.435895291
Time elapsed for writing reserve margin is
1.444767139
Time elapsed for writing reserve margin with weights is
0.250398809
Time elapsed for writing virtual discharge is
0.171268241
Time elapsed for writing reserve revenue is
1.441742668
Time elapsed for writing capacity value is
2.508747408
Time elapsed for writing co2 cap is
0.09925077
Time elapsed for writing net revenue is
1.545294354
Wrote outputs to /home/gm1710/GenX/example_systems/AZ/regionalization_high_ghg/results/results_p1
Time elapsed for writing costs is
0.924620713
Time elapsed for writing capacity is
0.004211166
Time elapsed for writing power is
0.228462458
Time elapsed for writing charge is
0.033235081
Time elapsed for writing storage is
0.038785301
Time elapsed for writing curtailment is
0.248854612
Time elapsed for writing nse is
0.102357801
Time elapsed for writing power balance is
0.229637433
Time elapsed for writing transmission flows is
0.012649136
Time elapsed for writing transmission losses is
0.017756954
Time elapsed for writing network expansion is
0.000409082
Time elapsed for writing emissions is
0.07730365
Time elapsed for writing reliability is
0.01113623
Time elapsed for writing storage duals is
0.073175155
Time elapsed for writing commitment is
0.051178286
Time elapsed for writing startup is
0.048576226
Time elapsed for writing shutdown is
0.051781998
Time elapsed for writing fuel consumption is
0.475999066
Time elapsed for writing co2 is
0.145270717
Time elapsed for writing price is
0.009263234
Time elapsed for writing energy revenue is
0.123111926
Time elapsed for writing charging cost is
0.019935553
Time elapsed for writing subsidy is
0.001863367
Time elapsed for writing time weights is
0.001305414
Time elapsed for writing esr prices is
0.000325392
Time elapsed for writing esr revenue is
0.002082837
Time elapsed for writing reserve margin is
0.006008892
Time elapsed for writing reserve margin with weights is
0.003030811
Time elapsed for writing virtual discharge is
0.037963908
Time elapsed for writing reserve revenue is
0.228765889
Time elapsed for writing capacity value is
1.168215337
Time elapsed for writing co2 cap is
0.000577552
Time elapsed for writing net revenue is
0.14064663
Wrote outputs to /home/gm1710/GenX/example_systems/AZ/regionalization_high_ghg/results/results_p2
Time elapsed for writing costs is
0.670287001
Time elapsed for writing capacity is
0.003445672
Time elapsed for writing power is
0.173826131
Time elapsed for writing charge is
0.024628699
Time elapsed for writing storage is
0.029306106
Time elapsed for writing curtailment is
0.194143855
Time elapsed for writing nse is
0.098414937
Time elapsed for writing power balance is
0.241123174
Time elapsed for writing transmission flows is
0.012702646
Time elapsed for writing transmission losses is
0.018027036
Time elapsed for writing network expansion is
0.000453881
Time elapsed for writing emissions is
0.063772842
Time elapsed for writing reliability is
0.009876685
Time elapsed for writing storage duals is
0.065639459
Time elapsed for writing commitment is
0.051001345
Time elapsed for writing startup is
0.050242442
Time elapsed for writing shutdown is
0.049890811
Time elapsed for writing fuel consumption is
0.55138896
Time elapsed for writing co2 is
0.183752976
Time elapsed for writing price is
0.010539718
Time elapsed for writing energy revenue is
0.145211887
Time elapsed for writing charging cost is
0.021066996
Time elapsed for writing subsidy is
0.002320258
Time elapsed for writing time weights is
0.000629842
Time elapsed for writing esr prices is
0.000337311
Time elapsed for writing esr revenue is
0.001336875
Time elapsed for writing reserve margin is
0.006202703
Time elapsed for writing reserve margin with weights is
0.004157075
Time elapsed for writing virtual discharge is
0.040367706
Time elapsed for writing reserve revenue is
0.277554479
Time elapsed for writing capacity value is
0.145838622
Time elapsed for writing co2 cap is
0.000621723
Time elapsed for writing net revenue is
0.18654467
Wrote outputs to /home/gm1710/GenX/example_systems/AZ/regionalization_high_ghg/results/results_p3
Time elapsed for writing costs is
0.744037703
Time elapsed for writing capacity is
0.003139322
Time elapsed for writing power is
0.168566974
Time elapsed for writing charge is
0.021078907
Time elapsed for writing storage is
0.027868912
Time elapsed for writing curtailment is
0.184588443
Time elapsed for writing nse is
0.072577915
Time elapsed for writing power balance is
0.214652242
Time elapsed for writing transmission flows is
0.010164697
Time elapsed for writing transmission losses is
0.014924385
Time elapsed for writing network expansion is
0.000427801
Time elapsed for writing emissions is
0.058840075
Time elapsed for writing reliability is
0.00811368
Time elapsed for writing storage duals is
0.057914341
Time elapsed for writing commitment is
0.045475716
Time elapsed for writing startup is
0.043179047
Time elapsed for writing shutdown is
0.044694613
Time elapsed for writing fuel consumption is
0.492684627
Time elapsed for writing co2 is
0.163549366
Time elapsed for writing price is
0.010021627
Time elapsed for writing energy revenue is
0.133725257
Time elapsed for writing charging cost is
0.016789882
Time elapsed for writing subsidy is
0.002004557
Time elapsed for writing time weights is
0.000596992
Time elapsed for writing esr prices is
0.000321891
Time elapsed for writing esr revenue is
0.001110384
Time elapsed for writing reserve margin is
0.005017619
Time elapsed for writing reserve margin with weights is
0.003818924
Time elapsed for writing virtual discharge is
0.031813956
Time elapsed for writing reserve revenue is
0.206326332
Time elapsed for writing capacity value is
0.144115096
Time elapsed for writing co2 cap is
0.000631222
Time elapsed for writing net revenue is
0.171764186
Wrote outputs to /home/gm1710/GenX/example_systems/AZ/regionalization_high_ghg/results/results_p4
Time elapsed for writing costs is
0.835482166
Time elapsed for writing capacity is
0.003828294
Time elapsed for writing power is
0.2356537
Time elapsed for writing charge is
0.032159497
Time elapsed for writing storage is
0.039380864
Time elapsed for writing curtailment is
0.300871237
Time elapsed for writing nse is
0.148612922
Time elapsed for writing power balance is
0.261001471
Time elapsed for writing transmission flows is
0.011748733
Time elapsed for writing transmission losses is
0.017297273
Time elapsed for writing network expansion is
0.000390452
Time elapsed for writing emissions is
0.066771183
Time elapsed for writing reliability is
0.009732026
Time elapsed for writing storage duals is
0.070889158
Time elapsed for writing commitment is
0.050132143
Time elapsed for writing startup is
0.047200492
Time elapsed for writing shutdown is
┌ Warning: WriteIntermittentOutputs is not supported for non-myopic multistage models. Setting WriteIntermittentOutputs to 0 in the multistage settings.
└ @ GenX ~/GenX/src/configure_settings/configure_settings.jl:220
[ Info: Hydro.csv Successfully Read.
[ Info: Thermal.csv Successfully Read.
[ Info: Vre.csv Successfully Read.
[ Info: Storage.csv Successfully Read.
[ Info: Must_run.csv Successfully Read.
[ Info: Resource_energy_share_requirement.csv Successfully Read.
[ Info: Resource_capacity_reserve_margin.csv Successfully Read.
[ Info: Resource_minimum_capacity_requirement.csv Successfully Read.
[ Info: Multistage data successfully read.
[ Info: Using the CO2 module to determine the CO2 emissions of CCS-equipped plants
[ Info: Hydro.csv Successfully Read.
[ Info: Thermal.csv Successfully Read.
[ Info: Vre.csv Successfully Read.
[ Info: Storage.csv Successfully Read.
[ Info: Must_run.csv Successfully Read.
[ Info: Resource_energy_share_requirement.csv Successfully Read.
[ Info: Resource_capacity_reserve_margin.csv Successfully Read.
[ Info: Resource_minimum_capacity_requirement.csv Successfully Read.
[ Info: Multistage data successfully read.
[ Info: Using the CO2 module to determine the CO2 emissions of CCS-equipped plants
[ Info: Hydro.csv Successfully Read.
[ Info: Thermal.csv Successfully Read.
[ Info: Vre.csv Successfully Read.
[ Info: Storage.csv Successfully Read.
[ Info: Must_run.csv Successfully Read.
[ Info: Resource_energy_share_requirement.csv Successfully Read.
[ Info: Resource_capacity_reserve_margin.csv Successfully Read.
[ Info: Resource_minimum_capacity_requirement.csv Successfully Read.
[ Info: Multistage data successfully read.
[ Info: Using the CO2 module to determine the CO2 emissions of CCS-equipped plants
[ Info: Hydro.csv Successfully Read.
[ Info: Thermal.csv Successfully Read.
[ Info: Vre.csv Successfully Read.
[ Info: Storage.csv Successfully Read.
[ Info: Must_run.csv Successfully Read.
[ Info: Resource_energy_share_requirement.csv Successfully Read.
[ Info: Resource_capacity_reserve_margin.csv Successfully Read.
[ Info: Resource_minimum_capacity_requirement.csv Successfully Read.
[ Info: Multistage data successfully read.
[ Info: Using the CO2 module to determine the CO2 emissions of CCS-equipped plants
[ Info: Hydro.csv Successfully Read.
[ Info: Thermal.csv Successfully Read.
[ Info: Vre.csv Successfully Read.
[ Info: Storage.csv Successfully Read.
[ Info: Must_run.csv Successfully Read.
[ Info: Resource_energy_share_requirement.csv Successfully Read.
[ Info: Resource_capacity_reserve_margin.csv Successfully Read.
[ Info: Resource_minimum_capacity_requirement.csv Successfully Read.
[ Info: Multistage data successfully read.
[ Info: Using the CO2 module to determine the CO2 emissions of CCS-equipped plants
[ Info: Hydro.csv Successfully Read.
[ Info: Thermal.csv Successfully Read.
[ Info: Vre.csv Successfully Read.
[ Info: Storage.csv Successfully Read.
[ Info: Must_run.csv Successfully Read.
[ Info: Resource_energy_share_requirement.csv Successfully Read.
[ Info: Resource_capacity_reserve_margin.csv Successfully Read.
[ Info: Resource_minimum_capacity_requirement.csv Successfully Read.
[ Info: Multistage data successfully read.
[ Info: Using the CO2 module to determine the CO2 emissions of CCS-equipped plants
[ Info: Hydro.csv Successfully Read.
[ Info: Thermal.csv Successfully Read.
[ Info: Vre.csv Successfully Read.
[ Info: Storage.csv Successfully Read.
[ Info: Must_run.csv Successfully Read.
[ Info: Resource_energy_share_requirement.csv Successfully Read.
[ Info: Resource_capacity_reserve_margin.csv Successfully Read.
[ Info: Resource_minimum_capacity_requirement.csv Successfully Read.
[ Info: Multistage data successfully read.
[ Info: Using the CO2 module to determine the CO2 emissions of CCS-equipped plants
[ Info: Hydro.csv Successfully Read.
[ Info: Thermal.csv Successfully Read.
[ Info: Vre.csv Successfully Read.
[ Info: Storage.csv Successfully Read.
[ Info: Must_run.csv Successfully Read.
[ Info: Resource_energy_share_requirement.csv Successfully Read.
[ Info: Resource_capacity_reserve_margin.csv Successfully Read.
[ Info: Resource_minimum_capacity_requirement.csv Successfully Read.
[ Info: Multistage data successfully read.
[ Info: Using the CO2 module to determine the CO2 emissions of CCS-equipped plants
[ Info: Hydro.csv Successfully Read.
[ Info: Thermal.csv Successfully Read.
[ Info: Vre.csv Successfully Read.
[ Info: Storage.csv Successfully Read.
[ Info: Must_run.csv Successfully Read.
[ Info: Resource_energy_share_requirement.csv Successfully Read.
[ Info: Resource_capacity_reserve_margin.csv Successfully Read.
[ Info: Resource_minimum_capacity_requirement.csv Successfully Read.
[ Info: Multistage data successfully read.
[ Info: Using the CO2 module to determine the CO2 emissions of CCS-equipped plants
[ Info: Hydro.csv Successfully Read.
[ Info: Thermal.csv Successfully Read.
[ Info: Vre.csv Successfully Read.
[ Info: Storage.csv Successfully Read.
[ Info: Must_run.csv Successfully Read.
[ Info: Resource_energy_share_requirement.csv Successfully Read.
[ Info: Resource_capacity_reserve_margin.csv Successfully Read.
[ Info: Resource_minimum_capacity_requirement.csv Successfully Read.
[ Info: Multistage data successfully read.
[ Info: Using the CO2 module to determine the CO2 emissions of CCS-equipped plants
[ Info: Hydro.csv Successfully Read.
[ Info: Thermal.csv Successfully Read.
[ Info: Vre.csv Successfully Read.
[ Info: Storage.csv Successfully Read.
[ Info: Must_run.csv Successfully Read.
[ Info: Resource_energy_share_requirement.csv Successfully Read.
[ Info: Resource_capacity_reserve_margin.csv Successfully Read.
[ Info: Resource_minimum_capacity_requirement.csv Successfully Read.
[ Info: Multistage data successfully read.
[ Info: Using the CO2 module to determine the CO2 emissions of CCS-equipped plants
[ Info: Hydro.csv Successfully Read.
[ Info: Thermal.csv Successfully Read.
[ Info: Vre.csv Successfully Read.
[ Info: Storage.csv Successfully Read.
[ Info: Must_run.csv Successfully Read.
[ Info: Resource_energy_share_requirement.csv Successfully Read.
[ Info: Resource_capacity_reserve_margin.csv Successfully Read.
[ Info: Resource_minimum_capacity_requirement.csv Successfully Read.
[ Info: Multistage data successfully read.
[ Info: Using the CO2 module to determine the CO2 emissions of CCS-equipped plants
[ Info: Hydro.csv Successfully Read.
[ Info: Thermal.csv Successfully Read.
[ Info: Vre.csv Successfully Read.
[ Info: Storage.csv Successfully Read.
[ Info: Must_run.csv Successfully Read.
[ Info: Resource_energy_share_requirement.csv Successfully Read.
[ Info: Resource_capacity_reserve_margin.csv Successfully Read.
[ Info: Resource_minimum_capacity_requirement.csv Successfully Read.
[ Info: Multistage data successfully read.
[ Info: Using the CO2 module to determine the CO2 emissions of CCS-equipped plants
[ Info: Hydro.csv Successfully Read.
[ Info: Thermal.csv Successfully Read.
[ Info: Vre.csv Successfully Read.
[ Info: Storage.csv Successfully Read.
[ Info: Must_run.csv Successfully Read.
[ Info: Resource_energy_share_requirement.csv Successfully Read.
[ Info: Resource_capacity_reserve_margin.csv Successfully Read.
[ Info: Resource_minimum_capacity_requirement.csv Successfully Read.
[ Info: Multistage data successfully read.
[ Info: Using the CO2 module to determine the CO2 emissions of CCS-equipped plants
[ Info: Hydro.csv Successfully Read.
[ Info: Thermal.csv Successfully Read.
[ Info: Vre.csv Successfully Read.
[ Info: Storage.csv Successfully Read.
[ Info: Must_run.csv Successfully Read.
[ Info: Resource_energy_share_requirement.csv Successfully Read.
[ Info: Resource_capacity_reserve_margin.csv Successfully Read.
[ Info: Resource_minimum_capacity_requirement.csv Successfully Read.
[ Info: Multistage data successfully read.
[ Info: Using the CO2 module to determine the CO2 emissions of CCS-equipped plants
[ Info: Hydro.csv Successfully Read.
[ Info: Thermal.csv Successfully Read.
[ Info: Vre.csv Successfully Read.
[ Info: Storage.csv Successfully Read.
[ Info: Must_run.csv Successfully Read.
[ Info: Resource_energy_share_requirement.csv Successfully Read.
[ Info: Resource_capacity_reserve_margin.csv Successfully Read.
[ Info: Resource_minimum_capacity_requirement.csv Successfully Read.
[ Info: Multistage data successfully read.
[ Info: Using the CO2 module to determine the CO2 emissions of CCS-equipped plants
[ Info: Hydro.csv Successfully Read.
[ Info: Thermal.csv Successfully Read.
[ Info: Vre.csv Successfully Read.
[ Info: Storage.csv Successfully Read.
[ Info: Must_run.csv Successfully Read.
[ Info: Resource_energy_share_requirement.csv Successfully Read.
[ Info: Resource_capacity_reserve_margin.csv Successfully Read.
[ Info: Resource_minimum_capacity_requirement.csv Successfully Read.
[ Info: Multistage data successfully read.
[ Info: Using the CO2 module to determine the CO2 emissions of CCS-equipped plants
┌ Warning: The cost calculation of the multi-stage GenX is approximate currently, and we will be refining it more in one of the future releases.
└ @ GenX ~/GenX/src/multi_stage/write_multi_stage_costs.jl:58
0.058196652
Time elapsed for writing fuel consumption is
0.474890542
Time elapsed for writing co2 is
1.062838436
Time elapsed for writing price is
0.010764969
Time elapsed for writing energy revenue is
0.113264673
Time elapsed for writing charging cost is
0.017422573
Time elapsed for writing subsidy is
0.001724617
Time elapsed for writing time weights is
0.000462221
Time elapsed for writing esr prices is
0.000298082
Time elapsed for writing esr revenue is
0.000919233
Time elapsed for writing reserve margin is
0.004954258
Time elapsed for writing reserve margin with weights is
0.003143792
Time elapsed for writing virtual discharge is
0.032639289
Time elapsed for writing reserve revenue is
0.213732529
Time elapsed for writing capacity value is
0.110858064
Time elapsed for writing co2 cap is
0.000628553
Time elapsed for writing net revenue is
0.164491649
Wrote outputs to /home/gm1710/GenX/example_systems/AZ/regionalization_high_ghg/results/results_p5
Time elapsed for writing costs is
0.725084043
Time elapsed for writing capacity is
0.003311173
Time elapsed for writing power is
0.185503936
Time elapsed for writing charge is
0.024561909
Time elapsed for writing storage is
0.032091227
Time elapsed for writing curtailment is
0.224652839
Time elapsed for writing nse is
0.108685186
Time elapsed for writing power balance is
0.248368156
Time elapsed for writing transmission flows is
0.011953933
Time elapsed for writing transmission losses is
0.016638641
Time elapsed for writing network expansion is
0.000341001
Time elapsed for writing emissions is
0.065366979
Time elapsed for writing reliability is
0.011787313
Time elapsed for writing storage duals is
0.069399313
Time elapsed for writing commitment is
0.054423088
Time elapsed for writing startup is
0.049954893
Time elapsed for writing shutdown is
0.054809789
Time elapsed for writing fuel consumption is
0.439193512
Time elapsed for writing co2 is
0.155975849
Time elapsed for writing price is
0.008475261
Time elapsed for writing energy revenue is
0.114321596
Time elapsed for writing charging cost is
0.01619722
Time elapsed for writing subsidy is
0.001621925
Time elapsed for writing time weights is
0.000442052
Time elapsed for writing esr prices is
0.000273131
Time elapsed for writing esr revenue is
0.000918143
Time elapsed for writing reserve margin is
0.0052254
Time elapsed for writing reserve margin with weights is
0.00273942
Time elapsed for writing virtual discharge is
0.03020186
Time elapsed for writing reserve revenue is
0.195786514
Time elapsed for writing capacity value is
0.116023493
Time elapsed for writing co2 cap is
0.000593002
Time elapsed for writing net revenue is
0.16733962
Wrote outputs to /home/gm1710/GenX/example_systems/AZ/regionalization_high_ghg/results/results_p6
Time elapsed for writing costs is
0.750015425
Time elapsed for writing capacity is
0.003028911
Time elapsed for writing power is
0.1645593
Time elapsed for writing charge is
0.022824713
Time elapsed for writing storage is
0.027570391
Time elapsed for writing curtailment is
0.189639401
Time elapsed for writing nse is
0.081819699
Time elapsed for writing power balance is
0.229429776
Time elapsed for writing transmission flows is
0.011111351
Time elapsed for writing transmission losses is
0.015644747
Time elapsed for writing network expansion is
0.000353281
Time elapsed for writing emissions is
0.06311011
Time elapsed for writing reliability is
0.008922983
Time elapsed for writing storage duals is
0.0684788
Time elapsed for writing commitment is
0.048407956
Time elapsed for writing startup is
0.046447199
Time elapsed for writing shutdown is
0.046515559
Time elapsed for writing fuel consumption is
0.493097598
Time elapsed for writing co2 is
0.148276091
Time elapsed for writing price is
0.009515574
Time elapsed for writing energy revenue is
0.129916554
Time elapsed for writing charging cost is
0.020153804
Time elapsed for writing subsidy is
0.002212198
Time elapsed for writing time weights is
0.000503782
Time elapsed for writing esr prices is
0.000314981
Time elapsed for writing esr revenue is
0.001015894
Time elapsed for writing reserve margin is
0.005790741
Time elapsed for writing reserve margin with weights is
0.003123051
Time elapsed for writing virtual discharge is
0.041687192
Time elapsed for writing reserve revenue is
0.31270433
Time elapsed for writing capacity value is
0.148308381
Time elapsed for writing co2 cap is
0.000605573
Time elapsed for writing net revenue is
0.215258774
Wrote outputs to /home/gm1710/GenX/example_systems/AZ/regionalization_high_ghg/results/results_p7
Time elapsed for writing costs is
0.785195403
Time elapsed for writing capacity is
0.003227021
Time elapsed for writing power is
0.182760087
Time elapsed for writing charge is
0.022716263
Time elapsed for writing storage is
0.027827621
Time elapsed for writing curtailment is
0.196638337
Time elapsed for writing nse is
0.083071293
Time elapsed for writing power balance is
0.232028336
Time elapsed for writing transmission flows is
0.011686923
Time elapsed for writing transmission losses is
0.01652565
Time elapsed for writing network expansion is
0.000347782
Time elapsed for writing emissions is
0.06307511
Time elapsed for writing reliability is
0.008791052
Time elapsed for writing storage duals is
1.004907424
Time elapsed for writing commitment is
0.05484033
Time elapsed for writing startup is
0.044699953
Time elapsed for writing shutdown is
0.044166611
Time elapsed for writing fuel consumption is
0.462037685
Time elapsed for writing co2 is
0.130060674
Time elapsed for writing price is
0.009384984
Time elapsed for writing energy revenue is
0.113416944
Time elapsed for writing charging cost is
0.017780765
Time elapsed for writing subsidy is
0.002187648
Time elapsed for writing time weights is
0.000479361
Time elapsed for writing esr prices is
0.000378452
Time elapsed for writing esr revenue is
0.001127964
Time elapsed for writing reserve margin is
0.005769021
Time elapsed for writing reserve margin with weights is
0.003962595
Time elapsed for writing virtual discharge is
0.031870926
Time elapsed for writing reserve revenue is
0.217885564
Time elapsed for writing capacity value is
0.116390615
Time elapsed for writing co2 cap is
0.000674862
Time elapsed for writing net revenue is
0.162480883
Wrote outputs to /home/gm1710/GenX/example_systems/AZ/regionalization_high_ghg/results/results_p8
Time elapsed for writing costs is
0.664285292
Time elapsed for writing capacity is
0.00278184
Time elapsed for writing power is
0.170258701
Time elapsed for writing charge is
0.022548872
Time elapsed for writing storage is
0.029687299
Time elapsed for writing curtailment is
0.220366273
Time elapsed for writing nse is
0.098236698
Time elapsed for writing power balance is
0.269261621
Time elapsed for writing transmission flows is
0.01637664
Time elapsed for writing transmission losses is
0.021127657
Time elapsed for writing network expansion is
0.000455382
Time elapsed for writing emissions is
0.076439639
Time elapsed for writing reliability is
0.012672456
Time elapsed for writing storage duals is
0.07401586
Time elapsed for writing commitment is
0.062050536
Time elapsed for writing startup is
0.055404712
Time elapsed for writing shutdown is
0.05199134
Time elapsed for writing fuel consumption is
0.518866392
Time elapsed for writing co2 is
0.12358397
Time elapsed for writing price is
0.009633436
Time elapsed for writing energy revenue is
0.124392263
Time elapsed for writing charging cost is
0.018305747
Time elapsed for writing subsidy is
0.001866097
Time elapsed for writing time weights is
0.000451101
Time elapsed for writing esr prices is
0.000484852
Time elapsed for writing esr revenue is
0.000888403
Time elapsed for writing reserve margin is
0.006036222
Time elapsed for writing reserve margin with weights is
0.003016531
Time elapsed for writing virtual discharge is
0.033713752
Time elapsed for writing reserve revenue is
0.221268836
Time elapsed for writing capacity value is
0.132661044
Time elapsed for writing co2 cap is
0.000601372
Time elapsed for writing net revenue is
0.161949791
Wrote outputs to /home/gm1710/GenX/example_systems/AZ/regionalization_high_ghg/results/results_p9
Time elapsed for writing costs is
0.653232372
Time elapsed for writing capacity is
0.002572169
Time elapsed for writing power is
0.161361439
Time elapsed for writing charge is
0.021826859
Time elapsed for writing storage is
0.026134336
Time elapsed for writing curtailment is
0.185259205
Time elapsed for writing nse is
0.074598782
Time elapsed for writing power balance is
0.232253727
Time elapsed for writing transmission flows is
0.012844027
Time elapsed for writing transmission losses is
0.018128366
Time elapsed for writing network expansion is
0.000364312
Time elapsed for writing emissions is
0.064767626
Time elapsed for writing reliability is
0.009941146
Time elapsed for writing storage duals is
0.080020262
Time elapsed for writing commitment is
0.052522161
Time elapsed for writing startup is
0.050885236
Time elapsed for writing shutdown is
0.050129933
Time elapsed for writing fuel consumption is
0.585745846
Time elapsed for writing co2 is
0.169186177
Time elapsed for writing price is
0.011331841
Time elapsed for writing energy revenue is
0.175637051
Time elapsed for writing charging cost is
0.026441736
Time elapsed for writing subsidy is
0.002080348
Time elapsed for writing time weights is
0.000488561
Time elapsed for writing esr prices is
0.000442602
Time elapsed for writing esr revenue is
0.001498176
Time elapsed for writing reserve margin is
0.006708964
Time elapsed for writing reserve margin with weights is
0.004680497
Time elapsed for writing virtual discharge is
0.050431444
Time elapsed for writing reserve revenue is
0.345127168
Time elapsed for writing capacity value is
0.165674695
Time elapsed for writing co2 cap is
0.000585212
Time elapsed for writing net revenue is
0.206055151
Wrote outputs to /home/gm1710/GenX/example_systems/AZ/regionalization_high_ghg/results/results_p10
Time elapsed for writing costs is
0.740768541
Time elapsed for writing capacity is
0.002962681
Time elapsed for writing power is
0.173183381
Time elapsed for writing charge is
0.022448992
Time elapsed for writing storage is
0.026825808
Time elapsed for writing curtailment is
1.130919024
Time elapsed for writing nse is
0.072264643
Time elapsed for writing power balance is
0.245508595
Time elapsed for writing transmission flows is
0.012582976
Time elapsed for writing transmission losses is
0.018515908
Time elapsed for writing network expansion is
0.000397531
Time elapsed for writing emissions is
0.067374166
Time elapsed for writing reliability is
0.010402068
Time elapsed for writing storage duals is
0.067319586
Time elapsed for writing commitment is
0.050619994
Time elapsed for writing startup is
0.049597951
Time elapsed for writing shutdown is
0.045400756
Time elapsed for writing fuel consumption is
0.489251434
Time elapsed for writing co2 is
0.141191145
Time elapsed for writing price is
0.009833625
Time elapsed for writing energy revenue is
0.148316361
Time elapsed for writing charging cost is
0.021678619
Time elapsed for writing subsidy is
0.001805387
Time elapsed for writing time weights is
0.000443492
Time elapsed for writing esr prices is
0.000284901
Time elapsed for writing esr revenue is
0.000964353
Time elapsed for writing reserve margin is
0.005668651
Time elapsed for writing reserve margin with weights is
0.003453043
Time elapsed for writing virtual discharge is
0.039273893
Time elapsed for writing reserve revenue is
0.285031509
Time elapsed for writing capacity value is
0.143683224
Time elapsed for writing co2 cap is
0.000665693
Time elapsed for writing net revenue is
0.179721465
Wrote outputs to /home/gm1710/GenX/example_systems/AZ/regionalization_high_ghg/results/results_p11
Time elapsed for writing costs is
0.685054968
Time elapsed for writing capacity is
0.003198172
Time elapsed for writing power is
0.190609505
Time elapsed for writing charge is
0.025311982
Time elapsed for writing storage is
0.029224557
Time elapsed for writing curtailment is
0.199157436
Time elapsed for writing nse is
0.091986166
Time elapsed for writing power balance is
0.241860171
Time elapsed for writing transmission flows is
0.012376316
Time elapsed for writing transmission losses is
0.017351963
Time elapsed for writing network expansion is
0.000390581
Time elapsed for writing emissions is
0.067266386
Time elapsed for writing reliability is
0.011256941
Time elapsed for writing storage duals is
0.067880657
Time elapsed for writing commitment is
0.051304087
Time elapsed for writing startup is
0.048714158
Time elapsed for writing shutdown is
0.049500791
Time elapsed for writing fuel consumption is
0.519137233
Time elapsed for writing co2 is
0.147007836
Time elapsed for writing price is
0.009596355
Time elapsed for writing energy revenue is
0.136960599
Time elapsed for writing charging cost is
0.020152124
Time elapsed for writing subsidy is
0.002087837
Time elapsed for writing time weights is
0.000472852
Time elapsed for writing esr prices is
0.000347901
Time elapsed for writing esr revenue is
0.001322215
Time elapsed for writing reserve margin is
0.005675561
Time elapsed for writing reserve margin with weights is
0.004562177
Time elapsed for writing virtual discharge is
0.036555343
Time elapsed for writing reserve revenue is
0.242873676
Time elapsed for writing capacity value is
0.13714231
Time elapsed for writing co2 cap is
0.000596942
Time elapsed for writing net revenue is
0.1809074
Wrote outputs to /home/gm1710/GenX/example_systems/AZ/regionalization_high_ghg/results/results_p12
Time elapsed for writing costs is
0.700383384
Time elapsed for writing capacity is
0.003050821
Time elapsed for writing power is
0.191166907
Time elapsed for writing charge is
0.022901384
Time elapsed for writing storage is
0.02738364
Time elapsed for writing curtailment is
0.21126811
Time elapsed for writing nse is
0.107636782
Time elapsed for writing power balance is
0.314410837
Time elapsed for writing transmission flows is
0.013385409
Time elapsed for writing transmission losses is
0.01937428
Time elapsed for writing network expansion is
0.000869373
Time elapsed for writing emissions is
0.082350841
Time elapsed for writing reliability is
0.010664059
Time elapsed for writing storage duals is
0.081279736
Time elapsed for writing commitment is
0.066010681
Time elapsed for writing startup is
0.064588815
Time elapsed for writing shutdown is
0.06289859
Time elapsed for writing fuel consumption is
0.685021998
Time elapsed for writing co2 is
0.146331023
Time elapsed for writing price is
0.010089507
Time elapsed for writing energy revenue is
0.132128692
Time elapsed for writing charging cost is
0.020227804
Time elapsed for writing subsidy is
0.002295948
Time elapsed for writing time weights is
0.003167652
Time elapsed for writing esr prices is
0.000310811
Time elapsed for writing esr revenue is
0.001896817
Time elapsed for writing reserve margin is
0.005921301
Time elapsed for writing reserve margin with weights is
0.003372113
Time elapsed for writing virtual discharge is
0.037672367
Time elapsed for writing reserve revenue is
0.240960529
Time elapsed for writing capacity value is
0.141468896
Time elapsed for writing co2 cap is
0.001300384
Time elapsed for writing net revenue is
0.183751311
Wrote outputs to /home/gm1710/GenX/example_systems/AZ/regionalization_high_ghg/results/results_p13
Time elapsed for writing costs is
1.661366578
Time elapsed for writing capacity is
0.003395972
Time elapsed for writing power is
0.170977984
Time elapsed for writing charge is
0.024482789
Time elapsed for writing storage is
0.027869192
Time elapsed for writing curtailment is
0.180630578
Time elapsed for writing nse is
0.102176273
Time elapsed for writing power balance is
0.255533892
Time elapsed for writing transmission flows is
0.014021221
Time elapsed for writing transmission losses is
0.018160916
Time elapsed for writing network expansion is
0.001255815
Time elapsed for writing emissions is
0.067618156
Time elapsed for writing reliability is
0.010846479
Time elapsed for writing storage duals is
0.070773118
Time elapsed for writing commitment is
0.051049706
Time elapsed for writing startup is
0.049687202
Time elapsed for writing shutdown is
0.051044536
Time elapsed for writing fuel consumption is
0.522217214
Time elapsed for writing co2 is
0.147920229
Time elapsed for writing price is
0.010561619
Time elapsed for writing energy revenue is
0.141574096
Time elapsed for writing charging cost is
0.023133225
Time elapsed for writing subsidy is
0.002339578
Time elapsed for writing time weights is
0.000410922
Time elapsed for writing esr prices is
0.000627972
Time elapsed for writing esr revenue is
0.001211684
Time elapsed for writing reserve margin is
0.005647831
Time elapsed for writing reserve margin with weights is
0.004059275
Time elapsed for writing virtual discharge is
0.039372163
Time elapsed for writing reserve revenue is
0.26596633
Time elapsed for writing capacity value is
0.179099123
Time elapsed for writing co2 cap is
0.000743543
Time elapsed for writing net revenue is
0.225026751
Wrote outputs to /home/gm1710/GenX/example_systems/AZ/regionalization_high_ghg/results/results_p14
Time elapsed for writing costs is
0.722091453
Time elapsed for writing capacity is
0.005196019
Time elapsed for writing power is
0.180392518
Time elapsed for writing charge is
0.024037548
Time elapsed for writing storage is
0.029511677
Time elapsed for writing curtailment is
0.19745066
Time elapsed for writing nse is
0.081487247
Time elapsed for writing power balance is
0.262136276
Time elapsed for writing transmission flows is
0.015119225
Time elapsed for writing transmission losses is
0.019846323
Time elapsed for writing network expansion is
0.000558182
Time elapsed for writing emissions is
0.070626417
Time elapsed for writing reliability is
0.011372561
Time elapsed for writing storage duals is
0.07414245
Time elapsed for writing commitment is
0.055908683
Time elapsed for writing startup is
0.049778652
Time elapsed for writing shutdown is
0.048477017
Time elapsed for writing fuel consumption is
0.492509556
Time elapsed for writing co2 is
0.155222146
Time elapsed for writing price is
0.009736235
Time elapsed for writing energy revenue is
0.138131414
Time elapsed for writing charging cost is
0.030835512
Time elapsed for writing subsidy is
0.00267927
Time elapsed for writing time weights is
0.001167364
Time elapsed for writing esr prices is
0.001265865
Time elapsed for writing esr revenue is
0.001028104
Time elapsed for writing reserve margin is
0.006190702
Time elapsed for writing reserve margin with weights is
0.004503697
Time elapsed for writing virtual discharge is
0.038158689
Time elapsed for writing reserve revenue is
0.250934485
Time elapsed for writing capacity value is
0.136490058
Time elapsed for writing co2 cap is
0.001014214
Time elapsed for writing net revenue is
0.176526143
Wrote outputs to /home/gm1710/GenX/example_systems/AZ/regionalization_high_ghg/results/results_p15
Time elapsed for writing costs is
0.727947114
Time elapsed for writing capacity is
0.003175402
Time elapsed for writing power is
0.225843743
Time elapsed for writing charge is
0.032556329
Time elapsed for writing storage is
0.040904059
Time elapsed for writing curtailment is
0.292353896
Time elapsed for writing nse is
0.152869818
Time elapsed for writing power balance is
0.354274891
Time elapsed for writing transmission flows is
0.019315491
Time elapsed for writing transmission losses is
0.026325586
Time elapsed for writing network expansion is
0.000385421
Time elapsed for writing emissions is
0.091557264
Time elapsed for writing reliability is
0.011655163
Time elapsed for writing storage duals is
0.088885974
Time elapsed for writing commitment is
0.06322741
Time elapsed for writing startup is
0.055936054
Time elapsed for writing shutdown is
0.058343062
Time elapsed for writing fuel consumption is
0.578934251
Time elapsed for writing co2 is
0.162306372
Time elapsed for writing price is
0.010335458
Time elapsed for writing energy revenue is
0.141619526
Time elapsed for writing charging cost is
0.020772386
Time elapsed for writing subsidy is
0.001850547
Time elapsed for writing time weights is
0.000448752
Time elapsed for writing esr prices is
0.000256581
Time elapsed for writing esr revenue is
0.001007843
Time elapsed for writing reserve margin is
0.005985492
Time elapsed for writing reserve margin with weights is
0.003872734
Time elapsed for writing virtual discharge is
0.040506828
Time elapsed for writing reserve revenue is
1.177640814
Time elapsed for writing capacity value is
0.114914019
Time elapsed for writing co2 cap is
0.000536112
Time elapsed for writing net revenue is
0.16452825
Wrote outputs to /home/gm1710/GenX/example_systems/AZ/regionalization_high_ghg/results/results_p16
Time elapsed for writing costs is
0.700534854
Time elapsed for writing capacity is
0.003393593
Time elapsed for writing power is
0.205393719
Time elapsed for writing charge is
0.027835231
Time elapsed for writing storage is
0.033930904
Time elapsed for writing curtailment is
0.227078688
Time elapsed for writing nse is
0.109180638
Time elapsed for writing power balance is
0.269739594
Time elapsed for writing transmission flows is
0.0137292
Time elapsed for writing transmission losses is
0.01924803
Time elapsed for writing network expansion is
0.000335951
Time elapsed for writing emissions is
0.079085528
Time elapsed for writing reliability is
0.010844829
Time elapsed for writing storage duals is
0.07664348
Time elapsed for writing commitment is
0.060716561
Time elapsed for writing startup is
0.057721751
Time elapsed for writing shutdown is
0.055997314
Time elapsed for writing fuel consumption is
0.57037671
Time elapsed for writing co2 is
0.158686098
Time elapsed for writing price is
0.011963074
Time elapsed for writing energy revenue is
0.140425612
Time elapsed for writing charging cost is
0.021500278
Time elapsed for writing subsidy is
0.001867526
Time elapsed for writing time weights is
0.000429082
Time elapsed for writing esr prices is
0.000259961
Time elapsed for writing esr revenue is
0.000937283
Time elapsed for writing reserve margin is
0.006973556
Time elapsed for writing reserve margin with weights is
0.003867184
Time elapsed for writing virtual discharge is
0.038851232
Time elapsed for writing reserve revenue is
0.242851115
Time elapsed for writing capacity value is
0.135858516
Time elapsed for writing co2 cap is
0.001424395
Time elapsed for writing net revenue is
0.184257152
Wrote outputs to /home/gm1710/GenX/example_systems/AZ/regionalization_high_ghg/results/results_p17
